08-24 18:53:50.013  1404 18002 D BufferPoolAccessor2.0: Destruction - bufferpool2 0xb400007940564828 cached: 0/0M, 0/0% in use; allocs: 26, 88% recycled; transfers: 25, 84% unfetched
08-24 18:53:50.013  1404 18002 D BufferPoolAccessor2.0: bufferpool2 0xb4000078bc894228 : 0(0 size) total buffers - 0(0 size) used buffers - 32/37 (recycle/alloc) - 5/36 (fetch/transfer)
08-24 18:53:50.013  1404 18002 D BufferPoolAccessor2.0: Destruction - bufferpool2 0xb4000078bc894228 cached: 0/0M, 0/0% in use; allocs: 37, 86% recycled; transfers: 36, 86% unfetched
08-24 18:53:50.013  1404  2828 D BufferPoolAccessor2.0: bufferpool2 0xb400007940542628 : 0(0 size) total buffers - 0(0 size) used buffers - 15/19 (recycle/alloc) - 4/18 (fetch/transfer)
08-24 18:53:50.013  1404  2828 D BufferPoolAccessor2.0: Destruction - bufferpool2 0xb400007940542628 cached: 0/0M, 0/0% in use; allocs: 19, 79% recycled; transfers: 18, 78% unfetched
08-24 18:53:50.013 15894 30171 W Codec2Client: query -- param skipped: index = 1107298332.
08-24 18:53:50.013 15894 30171 D CCodec  : setup formats input: AMessage(what = 0x00000000) = {
08-24 18:53:50.013 15894 30171 D CCodec  :   int32_t channel-count = 2
08-24 18:53:50.013 15894 30171 D CCodec  :   int32_t max-input-size = 65307
08-24 18:53:50.013 15894 30171 D CCodec  :   string mime = "audio/vorbis"
08-24 18:53:50.013 15894 30171 D CCodec  :   int32_t sample-rate = 44100
08-24 18:53:50.013 15894 30171 D CCodec  : } and output: AMessage(what = 0x00000000) = {
08-24 18:53:50.013 15894 30171 D CCodec  :   int32_t channel-count = 2
08-24 18:53:50.013 15894 30171 D CCodec  :   string mime = "audio/raw"
08-24 18:53:50.013 15894 30171 D CCodec  :   int32_t sample-rate = 44100
08-24 18:53:50.013 15894 30171 D CCodec  : }
08-24 18:53:50.013  1404 23386 D BufferPoolAccessor2.0: Destruction - bufferpool2 0xb4000079405df028 cached: 0/0M, 0/0% in use; allocs: 17, 71% recycled; transfers: 16, 69% unfetched
08-24 18:53:50.013  1404  2828 D BufferPoolAccessor2.0: bufferpool2 0xb4000078bc93a028 : 0(0 size) total buffers - 0(0 size) used buffers - 24/26 (recycle/alloc) - 2/25 (fetch/transfer)
08-24 18:53:50.013  1404  2828 D BufferPoolAccessor2.0: Destruction - bufferpool2 0xb4000078bc93a028 cached: 0/0M, 0/0% in use; allocs: 26, 92% recycled; transfers: 25, 92% unfetched
08-24 18:53:50.013  1404 23386 D BufferPoolAccessor2.0: bufferpool2 0xb4000078bc894e28 : 0(0 size) total buffers - 0(0 size) used buffers - 17/22 (recycle/alloc) - 5/21 (fetch/transfer)
08-24 18:53:50.013  1404 23386 D BufferPoolAccessor2.0: Destruction - bufferpool2 0xb4000078bc894e28 cached: 0/0M, 0/0% in use; allocs: 22, 77% recycled; transfers: 21, 76% unfetched
08-24 18:53:50.014 15894 15923 W CameraMetadataJV: Expect face scores and rectangles to be non-null
08-24 18:53:50.014 15894 15923 W CAM_Camera2Module: isParallelQueueFull: isNeedWaitProcess:false
08-24 18:53:50.014 15894 15923 W CameraMetadataJV: Expect face scores and rectangles to be non-null
08-24 18:53:50.015 15894 30171 W Codec2Client: query -- param skipped: index = 1342179345.
08-24 18:53:50.015 15894 30171 W Codec2Client: query -- param skipped: index = 2415921170.
08-24 18:53:50.015 15894 30171 E FMQ     : grantorIdx must be less than 3
08-24 18:53:50.016 15894 30171 E FMQ     : grantorIdx must be less than 3
08-24 18:53:50.016 15894 30171 D CCodecBufferChannel: [c2.android.vorbis.decoder#266] Created input block pool with allocatorID 16 => poolID 25 - OK (0)
08-24 18:53:50.017  1404 23386 D BufferPoolAccessor2.0: bufferpool2 0xb4000078bc8bda28 : 0(0 size) total buffers - 0(0 size) used buffers - 4/8 (recycle/alloc) - 4/7 (fetch/transfer)
08-24 18:53:50.017  1404 23386 D BufferPoolAccessor2.0: Destruction - bufferpool2 0xb4000078bc8bda28 cached: 0/0M, 0/0% in use; allocs: 8, 50% recycled; transfers: 7, 43% unfetched
08-24 18:53:50.018  1404  1404 E FMQ     : grantorIdx must be less than 3
08-24 18:53:50.018  1404  1404 E FMQ     : grantorIdx must be less than 3
08-24 18:53:50.018 15894 15916 D BufferPoolAccessor2.0: bufferpool2 0x7639731428 : 0(0 size) total buffers - 0(0 size) used buffers - 1/9 (recycle/alloc) - 8/48 (fetch/transfer)
08-24 18:53:50.018 15894 15916 D BufferPoolAccessor2.0: Destruction - bufferpool2 0x7639731428 cached: 0/0M, 0/0% in use; allocs: 9, 11% recycled; transfers: 48, 83% unfetched
08-24 18:53:50.018  1404  2828 E FMQ     : grantorIdx must be less than 3
08-24 18:53:50.019  1404  2828 E FMQ     : grantorIdx must be less than 3
08-24 18:53:50.018 15894 15916 D BufferPoolAccessor2.0: bufferpool2 0x76d89bf228 : 0(0 size) total buffers - 0(0 size) used buffers - 1/9 (recycle/alloc) - 8/38 (fetch/transfer)
08-24 18:53:50.019 15894 30170 I CCodecBufferChannel: [c2.android.vorbis.decoder#375] Created output block pool with allocatorID 16 => poolID 511 - OK
08-24 18:53:50.019 15894 15916 D BufferPoolAccessor2.0: Destruction - bufferpool2 0x76d89bf228 cached: 0/0M, 0/0% in use; allocs: 9, 11% recycled; transfers: 38, 79% unfetched
08-24 18:53:50.019 15894 15916 D BufferPoolAccessor2.0: bufferpool2 0x7639731628 : 0(0 size) total buffers - 0(0 size) used buffers - 2/9 (recycle/alloc) - 9/20 (fetch/transfer)
08-24 18:53:50.019 15894 15916 D BufferPoolAccessor2.0: Destruction - bufferpool2 0x7639731628 cached: 0/0M, 0/0% in use; allocs: 9, 22% recycled; transfers: 20, 55% unfetched
08-24 18:53:50.019 15894 30170 D CCodecBufferChannel: [c2.android.vorbis.decoder#375] Configured output block pool ids 511 => OK
08-24 18:53:50.019 15894 30170 D CCodecBufferChannel: [c2.android.vorbis.decoder#375] start: updating output delay 0
08-24 18:53:50.020 15894 30171 I CCodecBufferChannel: [c2.android.vorbis.decoder#266] Created output block pool with allocatorID 16 => poolID 512 - OK
08-24 18:53:50.020 15894 30171 D CCodecBufferChannel: [c2.android.vorbis.decoder#266] Configured output block pool ids 512 => OK
08-24 18:53:50.020 15894 30171 D CCodecBufferChannel: [c2.android.vorbis.decoder#266] start: updating output delay 0
08-24 18:53:50.021  2307  2307 D SignalClusterView: updateMobileTypeImage  0
08-24 18:53:50.022  1404 30173 D SimpleC2Component: Using output block pool with poolID 512 => got 512 - 0
08-24 18:53:50.024 15894 15916 D BufferPoolAccessor2.0: bufferpool2 0x76d89bf628 : 0(0 size) total buffers - 0(0 size) used buffers - 1/9 (recycle/alloc) - 13/56 (fetch/transfer)
08-24 18:53:50.024 15894 15916 D BufferPoolAccessor2.0: Destruction - bufferpool2 0x76d89bf628 cached: 0/0M, 0/0% in use; allocs: 9, 11% recycled; transfers: 56, 77% unfetched
08-24 18:53:50.026  1404 30172 D SimpleC2Component: Using output block pool with poolID 511 => got 511 - 0
08-24 18:53:50.027 15894 30171 E FMQ     : grantorIdx must be less than 3
08-24 18:53:50.027  1404 18803 E FMQ     : grantorIdx must be less than 3
08-24 18:53:50.028  1307 27599 D MediaBufferGroup: creating MemoryDealer
08-24 18:53:50.029  1307  2328 D MediaBufferGroup: creating MemoryDealer
08-24 18:53:50.029 15894 30170 E FMQ     : grantorIdx must be less than 3
08-24 18:53:50.030  1404  1404 E FMQ     : grantorIdx must be less than 3
08-24 18:53:50.032 15894 15916 D BufferPoolAccessor2.0: bufferpool2 0x76396c2228 : 0(0 size) total buffers - 0(0 size) used buffers - 1/9 (recycle/alloc) - 13/78 (fetch/transfer)
08-24 18:53:50.032 15894 15916 D BufferPoolAccessor2.0: Destruction - bufferpool2 0x76396c2228 cached: 0/0M, 0/0% in use; allocs: 9, 11% recycled; transfers: 78, 83% unfetched
08-24 18:53:50.034  2307  2307 D SignalClusterView: updateMobileTypeImage  0
08-24 18:53:50.035 15894 15916 D BufferPoolAccessor2.0: bufferpool2 0x76d89bf828 : 0(0 size) total buffers - 0(0 size) used buffers - 2/9 (recycle/alloc) - 7/42 (fetch/transfer)
08-24 18:53:50.035 15894 15916 D BufferPoolAccessor2.0: Destruction - bufferpool2 0x76d89bf828 cached: 0/0M, 0/0% in use; allocs: 9, 22% recycled; transfers: 42, 83% unfetched
08-24 18:53:50.036 15894 15916 D BufferPoolAccessor2.0: bufferpool2 0x76396c2428 : 0(0 size) total buffers - 0(0 size) used buffers - 2/9 (recycle/alloc) - 7/56 (fetch/transfer)
08-24 18:53:50.036 15894 15916 D BufferPoolAccessor2.0: Destruction - bufferpool2 0x76396c2428 cached: 0/0M, 0/0% in use; allocs: 9, 22% recycled; transfers: 56, 88% unfetched
08-24 18:53:50.038 22030 22112 E ServiceScheduleManager: Enter loop()!!! is sync = 
08-24 18:53:50.042 15894 15907 I .android.camer: Background concurrent copying GC freed 14896(1101KB) AllocSpace objects, 4(3972KB) LOS objects, 49% free, 11MB/23MB, paused 200us total 170.406ms
08-24 18:53:50.043 15894 15923 E VendorTagDescriptor: lookupTag: Tag name 'SuperNightExif' does not exist.
08-24 18:53:50.043 15894 15923 W CameraMetadataJV: Expect face scores and rectangles to be non-null
08-24 18:53:50.044 15894 15923 W CAM_Camera2Module: isParallelQueueFull: isNeedWaitProcess:false
08-24 18:53:50.044 15894 15923 W CameraMetadataJV: Expect face scores and rectangles to be non-null
08-24 18:53:50.044 15894 15909 W System  : A resource failed to call release. 
08-24 18:53:50.046  1404 30172 E FMQ     : grantorIdx must be less than 3
08-24 18:53:50.046 15894 15916 E FMQ     : grantorIdx must be less than 3
08-24 18:53:50.048   642   648 E PSITrigger: get PSI events detail failed!! errno=25
08-24 18:53:50.049  1404 30173 E FMQ     : grantorIdx must be less than 3
08-24 18:53:50.049 15894 15916 E FMQ     : grantorIdx must be less than 3
08-24 18:53:50.049  2307  2307 D SignalClusterView: updateMobileTypeImage  0
08-24 18:53:50.066  2307  2307 D SignalClusterView: updateMobileTypeImage  0
08-24 18:53:50.078 15894 30171 D CCodecBufferChannel: [c2.android.vorbis.decoder#266] MediaCodec discarded an unknown buffer
08-24 18:53:50.078 15894 30171 I chatty  : uid=10072(com.android.camera) NDK MediaCodec_ identical 1 line
08-24 18:53:50.078 15894 30171 D CCodecBufferChannel: [c2.android.vorbis.decoder#266] MediaCodec discarded an unknown buffer
08-24 18:53:50.084  2307  2307 D SignalClusterView: updateMobileTypeImage  0
08-24 18:53:50.087 15894 30171 I hw-BpHwBinder: onLastStrongRef automatically unlinking death recipients
08-24 18:53:50.093 15894 30170 D CCodecBufferChannel: [c2.android.vorbis.decoder#375] MediaCodec discarded an unknown buffer
08-24 18:53:50.093 15894 30170 I chatty  : uid=10072(com.android.camera) NDK MediaCodec_ identical 1 line
08-24 18:53:50.093 15894 30170 D CCodecBufferChannel: [c2.android.vorbis.decoder#375] MediaCodec discarded an unknown buffer
08-24 18:53:50.094 15894 15924 D CAM_MiCamera2: processAfResult: afState changed from 0 to 2
08-24 18:53:50.096  1307  2328 I MMParserExtractor: Created(0xb400007ab7270a80)
08-24 18:53:50.097 15894 30175 I hw-BpHwBinder: onLastStrongRef automatically unlinking death recipients
08-24 18:53:50.098  1404  1404 I hw-BpHwBinder: onLastStrongRef automatically unlinking death recipients
08-24 18:53:50.100  1404  1404 V C2Store : in ~ComponentModule
08-24 18:53:50.100  1404  1404 V C2Store : unloading dll
08-24 18:53:50.103  2307  2307 D SignalClusterView: updateMobileTypeImage  0
08-24 18:53:50.104 15894 15923 E VendorTagDescriptor: lookupTag: Tag name 'SuperNightExif' does not exist.
08-24 18:53:50.104 15894 15923 W CameraMetadataJV: Expect face scores and rectangles to be non-null
08-24 18:53:50.104 15894 15923 W CAM_Camera2Module: isParallelQueueFull: isNeedWaitProcess:false
08-24 18:53:50.104 15894 15923 W CameraMetadataJV: Expect face scores and rectangles to be non-null
08-24 18:53:50.110 15894 30176 D CCodec  : allocate(c2.android.vorbis.decoder)
08-24 18:53:50.111  1404  1404 V C2Store : in init
08-24 18:53:50.111  1404  1404 V C2Store : loading dll
08-24 18:53:50.112 15894 30176 I CCodec  : Created component [c2.android.vorbis.decoder]
08-24 18:53:50.113 15894 30176 D CCodecConfig: read media type: audio/vorbis
08-24 18:53:50.113  1307 27599 I MMParserExtractor: Created(0xb400007ab4a7c180)
08-24 18:53:50.116 15894 30176 D ReflectedParamUpdater: extent() != 1 for single value type: algo.buffers.max-count.values
08-24 18:53:50.116 15894 30176 D ReflectedParamUpdater: extent() != 1 for single value type: output.subscribed-indices.values
08-24 18:53:50.117 15894 30176 D ReflectedParamUpdater: extent() != 1 for single value type: input.buffers.allocator-ids.values
08-24 18:53:50.117  2307  2307 D SignalClusterView: updateMobileTypeImage  0
08-24 18:53:50.117 15894 30176 D ReflectedParamUpdater: extent() != 1 for single value type: output.buffers.allocator-ids.values
08-24 18:53:50.117 15894 30176 D ReflectedParamUpdater: extent() != 1 for single value type: algo.buffers.allocator-ids.values
08-24 18:53:50.117 15894 30176 D ReflectedParamUpdater: extent() != 1 for single value type: output.buffers.pool-ids.values
08-24 18:53:50.118 15894 30176 D ReflectedParamUpdater: extent() != 1 for single value type: algo.buffers.pool-ids.values
08-24 18:53:50.121 15894 30176 I CCodecConfig: query failed after returning 7 values (BAD_INDEX)
08-24 18:53:50.121 15894 30176 D CCodecConfig: c2 config diff is Dict {
08-24 18:53:50.121 15894 30176 D CCodecConfig:   c2::u32 coded.bitrate.value = 64000
08-24 18:53:50.121 15894 30176 D CCodecConfig:   c2::u32 input.buffers.max-size.value = 32768
08-24 18:53:50.121 15894 30176 D CCodecConfig:   c2::u32 input.delay.value = 0
08-24 18:53:50.121 15894 30176 D CCodecConfig:   string input.media-type.value = "audio/vorbis"
08-24 18:53:50.121 15894 30176 D CCodecConfig:   string output.media-type.value = "audio/raw"
08-24 18:53:50.121 15894 30176 D CCodecConfig:   c2::u32 raw.channel-count.value = 1
08-24 18:53:50.121 15894 30176 D CCodecConfig:   c2::u32 raw.sample-rate.value = 48000
08-24 18:53:50.121 15894 30176 D CCodecConfig: }
08-24 18:53:50.122 15894 30176 D CCodec  : [c2.android.vorbis.decoder] buffers are bound to CCodec for this session
08-24 18:53:50.122 15894 30176 D CCodecConfig: no c2 equivalents for durationUs
08-24 18:53:50.122 15894 30176 D CCodecConfig: no c2 equivalents for track-id
08-24 18:53:50.122 15894 30176 D CCodecConfig: no c2 equivalents for csd-1
08-24 18:53:50.122 15894 30176 D CCodecConfig: no c2 equivalents for language
08-24 18:53:50.122 15894 30176 D CCodecConfig: no c2 equivalents for file-format
08-24 18:53:50.122 15894 30176 D CCodecConfig: no c2 equivalents for flags
08-24 18:53:50.122 15894 30176 D CCodecConfig: config failed => CORRUPTED
08-24 18:53:50.122 15894 30176 D CCodecConfig: c2 config diff is   c2::u32 raw.channel-count.value = 2
08-24 18:53:50.122 15894 30176 D CCodecConfig:   c2::u32 raw.sample-rate.value = 44100
08-24 18:53:50.123 15894 30176 W Codec2Client: query -- param skipped: index = 1107298332.
08-24 18:53:50.123 15894 30176 D CCodec  : setup formats input: AMessage(what = 0x00000000) = {
08-24 18:53:50.123 15894 30176 D CCodec  :   int32_t channel-count = 2
08-24 18:53:50.123 15894 30176 D CCodec  :   int32_t max-input-size = 65307
08-24 18:53:50.123 15894 30176 D CCodec  :   string mime = "audio/vorbis"
08-24 18:53:50.123 15894 30176 D CCodec  :   int32_t sample-rate = 44100
08-24 18:53:50.123 15894 30176 D CCodec  : } and output: AMessage(what = 0x00000000) = {
08-24 18:53:50.123 15894 30176 D CCodec  :   int32_t channel-count = 2
08-24 18:53:50.123 15894 30176 D CCodec  :   string mime = "audio/raw"
08-24 18:53:50.123 15894 30176 D CCodec  :   int32_t sample-rate = 44100
08-24 18:53:50.123 15894 30176 D CCodec  : }
08-24 18:53:50.123 15894 30176 W Codec2Client: query -- param skipped: index = 1342179345.
08-24 18:53:50.124 15894 30176 W Codec2Client: query -- param skipped: index = 2415921170.
08-24 18:53:50.124 15894 30176 E FMQ     : grantorIdx must be less than 3
08-24 18:53:50.124 15894 30176 E FMQ     : grantorIdx must be less than 3
08-24 18:53:50.125 15894 30176 D CCodecBufferChannel: [c2.android.vorbis.decoder#272] Created input block pool with allocatorID 16 => poolID 26 - OK (0)
08-24 18:53:50.126  1404 18803 E FMQ     : grantorIdx must be less than 3
08-24 18:53:50.126  1404 18803 E FMQ     : grantorIdx must be less than 3
08-24 18:53:50.126 15894 30176 I CCodecBufferChannel: [c2.android.vorbis.decoder#272] Created output block pool with allocatorID 16 => poolID 513 - OK
08-24 18:53:50.126 15894 30176 D CCodecBufferChannel: [c2.android.vorbis.decoder#272] Configured output block pool ids 513 => OK
08-24 18:53:50.127 15894 30176 D CCodecBufferChannel: [c2.android.vorbis.decoder#272] start: updating output delay 0
08-24 18:53:50.127 15894 30178 D CCodec  : allocate(c2.android.vorbis.decoder)
08-24 18:53:50.127 15894 30176 E FMQ     : grantorIdx must be less than 3
08-24 18:53:50.128  1404 18803 E FMQ     : grantorIdx must be less than 3
08-24 18:53:50.129 15894 30178 I CCodec  : Created component [c2.android.vorbis.decoder]
08-24 18:53:50.129 15894 30178 D CCodecConfig: read media type: audio/vorbis
08-24 18:53:50.130  1404 30177 D SimpleC2Component: Using output block pool with poolID 513 => got 513 - 0
08-24 18:53:50.130  1307 27599 D MediaBufferGroup: creating MemoryDealer
08-24 18:53:50.131 15894 30178 D ReflectedParamUpdater: extent() != 1 for single value type: algo.buffers.max-count.values
08-24 18:53:50.131 15894 30178 D ReflectedParamUpdater: extent() != 1 for single value type: output.subscribed-indices.values
08-24 18:53:50.131 15894 30178 D ReflectedParamUpdater: extent() != 1 for single value type: input.buffers.allocator-ids.values
08-24 18:53:50.131 15894 30178 D ReflectedParamUpdater: extent() != 1 for single value type: output.buffers.allocator-ids.values
08-24 18:53:50.131 15894 30178 D ReflectedParamUpdater: extent() != 1 for single value type: algo.buffers.allocator-ids.values
08-24 18:53:50.132 15894 30178 D ReflectedParamUpdater: extent() != 1 for single value type: output.buffers.pool-ids.values
08-24 18:53:50.132 15894 30178 D ReflectedParamUpdater: extent() != 1 for single value type: algo.buffers.pool-ids.values
08-24 18:53:50.132 15894 30178 I CCodecConfig: query failed after returning 7 values (BAD_INDEX)
08-24 18:53:50.132 15894 30178 D CCodecConfig: c2 config diff is Dict {
08-24 18:53:50.132 15894 30178 D CCodecConfig:   c2::u32 coded.bitrate.value = 64000
08-24 18:53:50.132 15894 30178 D CCodecConfig:   c2::u32 input.buffers.max-size.value = 32768
08-24 18:53:50.132 15894 30178 D CCodecConfig:   c2::u32 input.delay.value = 0
08-24 18:53:50.132 15894 30178 D CCodecConfig:   string input.media-type.value = "audio/vorbis"
08-24 18:53:50.132 15894 30178 D CCodecConfig:   string output.media-type.value = "audio/raw"
08-24 18:53:50.132 15894 30178 D CCodecConfig:   c2::u32 raw.channel-count.value = 1
08-24 18:53:50.132 15894 30178 D CCodecConfig:   c2::u32 raw.sample-rate.value = 48000
08-24 18:53:50.132 15894 30178 D CCodecConfig: }
08-24 18:53:50.133 15894 30178 D CCodec  : [c2.android.vorbis.decoder] buffers are bound to CCodec for this session
08-24 18:53:50.133 15894 30178 D CCodecConfig: no c2 equivalents for durationUs
08-24 18:53:50.133 15894 30178 D CCodecConfig: no c2 equivalents for track-id
08-24 18:53:50.133 15894 30178 D CCodecConfig: no c2 equivalents for csd-1
08-24 18:53:50.133 15894 30178 D CCodecConfig: no c2 equivalents for language
08-24 18:53:50.133 15894 30178 D CCodecConfig: no c2 equivalents for file-format
08-24 18:53:50.133 15894 30178 D CCodecConfig: no c2 equivalents for flags
08-24 18:53:50.133  2307  2307 D SignalClusterView: updateMobileTypeImage  0
08-24 18:53:50.133 15894 30178 D CCodecConfig: config failed => CORRUPTED
08-24 18:53:50.133 15894 30178 D CCodecConfig: c2 config diff is   c2::u32 raw.channel-count.value = 2
08-24 18:53:50.133 15894 30178 D CCodecConfig:   c2::u32 raw.sample-rate.value = 44100
08-24 18:53:50.134 15894 30178 W Codec2Client: query -- param skipped: index = 1107298332.
08-24 18:53:50.134 15894 30178 D CCodec  : setup formats input: AMessage(what = 0x00000000) = {
08-24 18:53:50.134 15894 30178 D CCodec  :   int32_t channel-count = 2
08-24 18:53:50.134 15894 30178 D CCodec  :   int32_t max-input-size = 65307
08-24 18:53:50.134 15894 30178 D CCodec  :   string mime = "audio/vorbis"
08-24 18:53:50.134 15894 30178 D CCodec  :   int32_t sample-rate = 44100
08-24 18:53:50.134 15894 30178 D CCodec  : } and output: AMessage(what = 0x00000000) = {
08-24 18:53:50.134 15894 30178 D CCodec  :   int32_t channel-count = 2
08-24 18:53:50.134 15894 30178 D CCodec  :   string mime = "audio/raw"
08-24 18:53:50.134 15894 30178 D CCodec  :   int32_t sample-rate = 44100
08-24 18:53:50.134 15894 30178 D CCodec  : }
08-24 18:53:50.134 15894 30178 W Codec2Client: query -- param skipped: index = 1342179345.
08-24 18:53:50.134 15894 30178 W Codec2Client: query -- param skipped: index = 2415921170.
08-24 18:53:50.135 15894 30178 E FMQ     : grantorIdx must be less than 3
08-24 18:53:50.135 15894 30178 E FMQ     : grantorIdx must be less than 3
08-24 18:53:50.135 15894 30178 D CCodecBufferChannel: [c2.android.vorbis.decoder#465] Created input block pool with allocatorID 16 => poolID 27 - OK (0)
08-24 18:53:50.135  1404  2828 E FMQ     : grantorIdx must be less than 3
08-24 18:53:50.135  1404  2828 E FMQ     : grantorIdx must be less than 3
08-24 18:53:50.135 15894 30178 I CCodecBufferChannel: [c2.android.vorbis.decoder#465] Created output block pool with allocatorID 16 => poolID 514 - OK
08-24 18:53:50.135 15894 30178 D CCodecBufferChannel: [c2.android.vorbis.decoder#465] Configured output block pool ids 514 => OK
08-24 18:53:50.135 15894 15923 E VendorTagDescriptor: lookupTag: Tag name 'SuperNightExif' does not exist.
08-24 18:53:50.136 15894 30178 D CCodecBufferChannel: [c2.android.vorbis.decoder#465] start: updating output delay 0
08-24 18:53:50.136 15894 15923 W CameraMetadataJV: Expect face scores and rectangles to be non-null
08-24 18:53:50.136 15894 15923 W CAM_Camera2Module: isParallelQueueFull: isNeedWaitProcess:false
08-24 18:53:50.136 15894 15923 W CameraMetadataJV: Expect face scores and rectangles to be non-null
08-24 18:53:50.137 15894 30178 E FMQ     : grantorIdx must be less than 3
08-24 18:53:50.137  1404 25834 E FMQ     : grantorIdx must be less than 3
08-24 18:53:50.139  1307  2328 D MediaBufferGroup: creating MemoryDealer
08-24 18:53:50.140  1404 30179 D SimpleC2Component: Using output block pool with poolID 514 => got 514 - 0
08-24 18:53:50.142  1404 30177 E FMQ     : grantorIdx must be less than 3
08-24 18:53:50.143 15894 15916 E FMQ     : grantorIdx must be less than 3
08-24 18:53:50.149  2307  2307 D SignalClusterView: updateMobileTypeImage  0
08-24 18:53:50.150  1404 30179 E FMQ     : grantorIdx must be less than 3
08-24 18:53:50.151 15894 15916 E FMQ     : grantorIdx must be less than 3
08-24 18:53:50.156 15894 30176 D CCodecBufferChannel: [c2.android.vorbis.decoder#272] MediaCodec discarded an unknown buffer
08-24 18:53:50.156 15894 30176 I chatty  : uid=10072(com.android.camera) NDK MediaCodec_ identical 1 line
08-24 18:53:50.156 15894 30176 D CCodecBufferChannel: [c2.android.vorbis.decoder#272] MediaCodec discarded an unknown buffer
08-24 18:53:50.158 15894 30176 I hw-BpHwBinder: onLastStrongRef automatically unlinking death recipients
08-24 18:53:50.166  2307  2307 D SignalClusterView: updateMobileTypeImage  0
08-24 18:53:50.171  1307  8525 I MMParserExtractor: Created(0xb400007ab7270620)
08-24 18:53:50.180 15894 30181 D CCodec  : allocate(c2.android.vorbis.decoder)
08-24 18:53:50.182  2307  2307 D SignalClusterView: updateMobileTypeImage  0
08-24 18:53:50.184  1684  2182 I SensorService: user found in check list, getPackageName  android.view.OrientationEventListener
08-24 18:53:50.184  1684  2182 I SensorService: user found in check list, getPackageName  android.view.OrientationEventListener
08-24 18:53:50.185 15894 30181 I CCodec  : Created component [c2.android.vorbis.decoder]
08-24 18:53:50.189 15894 30181 D CCodecConfig: read media type: audio/vorbis
08-24 18:53:50.192 15894 30178 D CCodecBufferChannel: [c2.android.vorbis.decoder#465] MediaCodec discarded an unknown buffer
08-24 18:53:50.192 15894 30178 I chatty  : uid=10072(com.android.camera) identical 1 line
08-24 18:53:50.192 15894 30178 D CCodecBufferChannel: [c2.android.vorbis.decoder#465] MediaCodec discarded an unknown buffer
08-24 18:53:50.195 15894 30181 D ReflectedParamUpdater: extent() != 1 for single value type: algo.buffers.max-count.values
08-24 18:53:50.195 15894 30181 D ReflectedParamUpdater: extent() != 1 for single value type: output.subscribed-indices.values
08-24 18:53:50.195 15894 30181 D ReflectedParamUpdater: extent() != 1 for single value type: input.buffers.allocator-ids.values
08-24 18:53:50.195 15894 30181 D ReflectedParamUpdater: extent() != 1 for single value type: output.buffers.allocator-ids.values
08-24 18:53:50.195 15894 30181 D ReflectedParamUpdater: extent() != 1 for single value type: algo.buffers.allocator-ids.values
08-24 18:53:50.196 15894 30181 D ReflectedParamUpdater: extent() != 1 for single value type: output.buffers.pool-ids.values
08-24 18:53:50.196 15894 30181 D ReflectedParamUpdater: extent() != 1 for single value type: algo.buffers.pool-ids.values
08-24 18:53:50.197 15894 30181 I CCodecConfig: query failed after returning 7 values (BAD_INDEX)
08-24 18:53:50.197 15894 30181 D CCodecConfig: c2 config diff is Dict {
08-24 18:53:50.197 15894 30181 D CCodecConfig:   c2::u32 coded.bitrate.value = 64000
08-24 18:53:50.197 15894 30181 D CCodecConfig:   c2::u32 input.buffers.max-size.value = 32768
08-24 18:53:50.197 15894 30181 D CCodecConfig:   c2::u32 input.delay.value = 0
08-24 18:53:50.197 15894 30181 D CCodecConfig:   string input.media-type.value = "audio/vorbis"
08-24 18:53:50.197 15894 30181 D CCodecConfig:   string output.media-type.value = "audio/raw"
08-24 18:53:50.197 15894 30181 D CCodecConfig:   c2::u32 raw.channel-count.value = 1
08-24 18:53:50.197 15894 30181 D CCodecConfig:   c2::u32 raw.sample-rate.value = 48000
08-24 18:53:50.197 15894 30181 D CCodecConfig: }
08-24 18:53:50.197 15894 30181 D CCodec  : [c2.android.vorbis.decoder] buffers are bound to CCodec for this session
08-24 18:53:50.198 15894 30181 D CCodecConfig: no c2 equivalents for durationUs
08-24 18:53:50.198 15894 30181 D CCodecConfig: no c2 equivalents for track-id
08-24 18:53:50.198 15894 30181 D CCodecConfig: no c2 equivalents for csd-1
08-24 18:53:50.198 15894 30181 D CCodecConfig: no c2 equivalents for language
08-24 18:53:50.198 15894 30181 D CCodecConfig: no c2 equivalents for file-format
08-24 18:53:50.198 15894 30181 D CCodecConfig: no c2 equivalents for flags
08-24 18:53:50.198 15894 30183 I hw-BpHwBinder: onLastStrongRef automatically unlinking death recipients
08-24 18:53:50.199  2307  2307 D SignalClusterView: updateMobileTypeImage  0
08-24 18:53:50.200 15894 30181 D CCodecConfig: config failed => CORRUPTED
08-24 18:53:50.200 15894 30181 D CCodecConfig: c2 config diff is   c2::u32 raw.channel-count.value = 2
08-24 18:53:50.200 15894 30181 D CCodecConfig:   c2::u32 raw.sample-rate.value = 44100
08-24 18:53:50.201 15894 15923 E VendorTagDescriptor: lookupTag: Tag name 'SuperNightExif' does not exist.
08-24 18:53:50.201 15894 15923 W CameraMetadataJV: Expect face scores and rectangles to be non-null
08-24 18:53:50.201 15894 15923 W CAM_Camera2Module: isParallelQueueFull: isNeedWaitProcess:false
08-24 18:53:50.201 15894 15923 W CameraMetadataJV: Expect face scores and rectangles to be non-null
08-24 18:53:50.202  1307 27599 I MMParserExtractor: Created(0xb400007ab7270a80)
08-24 18:53:50.202 15894 30181 W Codec2Client: query -- param skipped: index = 1107298332.
08-24 18:53:50.202 15894 30181 D CCodec  : setup formats input: AMessage(what = 0x00000000) = {
08-24 18:53:50.202 15894 30181 D CCodec  :   int32_t channel-count = 2
08-24 18:53:50.202 15894 30181 D CCodec  :   int32_t max-input-size = 65307
08-24 18:53:50.202 15894 30181 D CCodec  :   string mime = "audio/vorbis"
08-24 18:53:50.202 15894 30181 D CCodec  :   int32_t sample-rate = 44100
08-24 18:53:50.202 15894 30181 D CCodec  : } and output: AMessage(what = 0x00000000) = {
08-24 18:53:50.202 15894 30181 D CCodec  :   int32_t channel-count = 2
08-24 18:53:50.202 15894 30181 D CCodec  :   string mime = "audio/raw"
08-24 18:53:50.202 15894 30181 D CCodec  :   int32_t sample-rate = 44100
08-24 18:53:50.202 15894 30181 D CCodec  : }
08-24 18:53:50.204 15894 30181 W Codec2Client: query -- param skipped: index = 1342179345.
08-24 18:53:50.204 15894 30181 W Codec2Client: query -- param skipped: index = 2415921170.
08-24 18:53:50.205 15894 30181 E FMQ     : grantorIdx must be less than 3
08-24 18:53:50.205 15894 30181 E FMQ     : grantorIdx must be less than 3
08-24 18:53:50.205 15894 30181 D CCodecBufferChannel: [c2.android.vorbis.decoder#464] Created input block pool with allocatorID 16 => poolID 28 - OK (0)
08-24 18:53:50.206  1404 23386 E FMQ     : grantorIdx must be less than 3
08-24 18:53:50.206  1404 23386 E FMQ     : grantorIdx must be less than 3
08-24 18:53:50.206 15894 30181 I CCodecBufferChannel: [c2.android.vorbis.decoder#464] Created output block pool with allocatorID 16 => poolID 515 - OK
08-24 18:53:50.206 15894 30184 D CCodec  : allocate(c2.android.vorbis.decoder)
08-24 18:53:50.206 15894 30181 D CCodecBufferChannel: [c2.android.vorbis.decoder#464] Configured output block pool ids 515 => OK
08-24 18:53:50.206 15894 30181 D CCodecBufferChannel: [c2.android.vorbis.decoder#464] start: updating output delay 0
08-24 18:53:50.207  1404 30182 D SimpleC2Component: Using output block pool with poolID 515 => got 515 - 0
08-24 18:53:50.208 15894 30181 E FMQ     : grantorIdx must be less than 3
08-24 18:53:50.208  1404  2828 E FMQ     : grantorIdx must be less than 3
08-24 18:53:50.208   946  2134 E CHIMIAISCENECHECKER: PostPipelineCreate():683  PostPipelineCreate:683: (IN)
08-24 18:53:50.208   946  2134 E android.hardware.camera.provider@2.4-service_64: [Eeee] AvailableNodes=ffffff, CurrentNodeType=2
08-24 18:53:50.208   946  2134 I android.hardware.camera.provider@2.4-service_64: AIScene:init modelType: -1
08-24 18:53:50.208   946  2134 I MiAILab camera_scene: InitCameraSceneModel, camera_scene__VCS=d5acf97, cache=(null), file=(null), check=0, max_time=100
08-24 18:53:50.208   946  2134 E libc    : Access denied finding property "persist.camera.aiscene"
08-24 18:53:50.208   946  2134 I MiAILab camera_scene: scene_classify::init called, propertyId=-1, so_version=2019_1204_1447
08-24 18:53:50.200   946   946 W provider@2.4-se: type=1400 audit(0.0:254808): avc: denied { read } for name="u:object_r:default_prop:s0" dev="tmpfs" ino=1202 scontext=u:r:hal_camera_default:s0 tcontext=u:object_r:default_prop:s0 tclass=file permissive=0
08-24 18:53:50.208   946  2134 I android.hardware.camera.provider@2.4-service_64: AIScene:InitVars sucessed
08-24 18:53:50.209   946  2134 E android.hardware.camera.provider@2.4-service_64: load_config:hdr:common param: 250.00 300.00 1 0.60 0.80 4.00 8.00
08-24 18:53:50.209   946  2134 E android.hardware.camera.provider@2.4-service_64: load_config:hdr:hdr[0]: 20 -15 5 50 3 ev[0 -10 6]
08-24 18:53:50.209   946  2134 E android.hardware.camera.provider@2.4-service_64: load_config:hdr:hdr[1]: 1 0 0 0 2 ev[0 -12 0]
08-24 18:53:50.209   946  2134 E android.hardware.camera.provider@2.4-service_64: load_config:hdr:common param: 250.00 300.00 1 0.60 0.80 4.00 8.00
08-24 18:53:50.209   946  2134 E android.hardware.camera.provider@2.4-service_64: load_config:hdr:hdr[0]: 20 -15 5 50 3 ev[0 -10 6]
08-24 18:53:50.209   946  2134 E android.hardware.camera.provider@2.4-service_64: load_config:hdr:hdr[1]: 1 0 0 0 2 ev[0 -12 0]
08-24 18:53:50.209   946  2134 D DirtyCamera: [D][/dirtycamera_api.cpp(059)]:DirtyCamera construct...
08-24 18:53:50.209   946  2134 I CHIMIAISCENECHECKER: asd dirty ver=dirty_camera_0.10.3
08-24 18:53:50.209   946  2134 D DirtyCamera: [D][/dirtycamera_api.cpp(100)]:DirtyCamera initialize success
08-24 18:53:50.210  1307 27599 D MediaBufferGroup: creating MemoryDealer
08-24 18:53:50.212  3903  5153 I SarService: Receiver polling >>>> Change receiver mode: off
08-24 18:53:50.213 15894 30184 I CCodec  : Created component [c2.android.vorbis.decoder]
08-24 18:53:50.214  1404 30182 E FMQ     : grantorIdx must be less than 3
08-24 18:53:50.214 15894 15916 E FMQ     : grantorIdx must be less than 3
08-24 18:53:50.216  2307  2307 D SignalClusterView: updateMobileTypeImage  0
08-24 18:53:50.217 15894 30184 D CCodecConfig: read media type: audio/vorbis
08-24 18:53:50.227 15894 30184 D ReflectedParamUpdater: extent() != 1 for single value type: algo.buffers.max-count.values
08-24 18:53:50.229 15894 30184 D ReflectedParamUpdater: extent() != 1 for single value type: output.subscribed-indices.values
08-24 18:53:50.229   946  2134 E CHIMIAISCENECHECKER: PostPipelineCreate():746  PostPipelineCreate:746: (OUT)
08-24 18:53:50.229 15894 30184 D ReflectedParamUpdater: extent() != 1 for single value type: input.buffers.allocator-ids.values
08-24 18:53:50.229 15894 30184 D ReflectedParamUpdater: extent() != 1 for single value type: output.buffers.allocator-ids.values
08-24 18:53:50.229 15894 30184 D ReflectedParamUpdater: extent() != 1 for single value type: algo.buffers.allocator-ids.values
08-24 18:53:50.229 15894 30184 D ReflectedParamUpdater: extent() != 1 for single value type: output.buffers.pool-ids.values
08-24 18:53:50.230 15894 30184 D ReflectedParamUpdater: extent() != 1 for single value type: algo.buffers.pool-ids.values
08-24 18:53:50.232   946  2131 E CHIMIAISCENECHECKER: checkerStatus=0
08-24 18:53:50.232   946  2131 I MiAILab camera_scene: scene_classify::set = 3
08-24 18:53:50.232   946  2131 I android.hardware.camera.provider@2.4-service_64: AIScene:SetModel cameraId := 0, logicCameraId := 0, type := 102, ModelPath:/vendor/etc/camera/model_back.dlc
08-24 18:53:50.232   946  2131 E CHIMIAISCENECHECKER: ProcessRequest():1068 [ARC_ASD] asd check process req num=1
08-24 18:53:50.232   946  2131 E CHIMIAISCENECHECKER: FillSensorsData():1679 Unable to get data 1
08-24 18:53:50.232   946  2131 E CHIMIAISCENECHECKER: FillSensorsData():1737 Unable to get data 1
08-24 18:53:50.232   946  2131 E CHIMIAISCENECHECKER: ProcessRequest():1084 [ARC_ASD] asd dirty detect num=10 processed=0 focused=1 focusDistance:9.750297 first=1
08-24 18:53:50.232   946  2131 E CHIMIAISCENECHECKER: FillSensorsData():1679 Unable to get data 1
08-24 18:53:50.232   946  2131 E CHIMIAISCENECHECKER: FillSensorsData():1737 Unable to get data 1
08-24 18:53:50.232   946  2131 E android.hardware.camera.provider@2.4-service_64: SceneDetector::process InitInfo.iWidthStep = 2432
08-24 18:53:50.232   946  2131 I MIALGO_SD: LL_SD:SD_VERSION_V3.1
08-24 18:53:50.232   946  2131 I MIALGO_SD: LL_SD:Start to create scene detection!
08-24 18:53:50.232   946  2131 I MIALGO_SD: LL_SD: width step 2432 
08-24 18:53:50.233 15894 30184 I CCodecConfig: query failed after returning 7 values (BAD_INDEX)
08-24 18:53:50.233 15894 30184 D CCodecConfig: c2 config diff is Dict {
08-24 18:53:50.233 15894 30184 D CCodecConfig:   c2::u32 coded.bitrate.value = 64000
08-24 18:53:50.233 15894 30184 D CCodecConfig:   c2::u32 input.buffers.max-size.value = 32768
08-24 18:53:50.233 15894 30184 D CCodecConfig:   c2::u32 input.delay.value = 0
08-24 18:53:50.233 15894 30184 D CCodecConfig:   string input.media-type.value = "audio/vorbis"
08-24 18:53:50.233 15894 30184 D CCodecConfig:   string output.media-type.value = "audio/raw"
08-24 18:53:50.233 15894 30184 D CCodecConfig:   c2::u32 raw.channel-count.value = 1
08-24 18:53:50.233 15894 30184 D CCodecConfig:   c2::u32 raw.sample-rate.value = 48000
08-24 18:53:50.233 15894 30184 D CCodecConfig: }
08-24 18:53:50.235   946  2131 I MIALGO_SD: LL_SD: load xmlpath /vendor/etc/camera/sceneDetection.xml.
08-24 18:53:50.235 15894 30184 D CCodec  : [c2.android.vorbis.decoder] buffers are bound to CCodec for this session
08-24 18:53:50.235   946  2131 I MIALGO_SD: LL_SD:load parameters success!
08-24 18:53:50.235   946  2131 I MIALGO_SD: LL_SD:check parameters success!
08-24 18:53:50.235 15894 30184 D CCodecConfig: no c2 equivalents for durationUs
08-24 18:53:50.235   946  2131 I MIALGO_SD: LL_SD:End create scene detection!
08-24 18:53:50.235 15894 30184 D CCodecConfig: no c2 equivalents for track-id
08-24 18:53:50.235   946  2131 D android.hardware.camera.provider@2.4-service_64: [mialgo_sd]: gyro:0.000000 0.000000 0.000000, gyro_status:0  gSensor:0.000000 0.000000 0.000000, gSensor_status:0  aSensor:0.000000 0.000000 0.000000, aSensor_status:0
08-24 18:53:50.235   946  2131 D android.hardware.camera.provider@2.4-service_64: [mialgo_sd]: input info, idx:1, facenum:0, gyro: 0.000000 0.000000 0.000000, gyro_status:0, iso:3207.000000, exp:70.000000, cur_ae:0.000000, target_ae:45.000000, is_touch:0, AF_status:2, AE_status:1 orientation:90 AICameraStatus:1 TEST
08-24 18:53:50.235 15894 30184 D CCodecConfig: no c2 equivalents for csd-1
08-24 18:53:50.235 15894 30184 D CCodecConfig: no c2 equivalents for language
08-24 18:53:50.235 15894 30184 D CCodecConfig: no c2 equivalents for file-format
08-24 18:53:50.235 15894 30184 D CCodecConfig: no c2 equivalents for flags
08-24 18:53:50.236   946  2131 D android.hardware.camera.provider@2.4-service_64: [mialgo_sd]: stableScene:0 movingScene:1  stableCamera:0 movingCamera:1 newStableSceneFlag:0 isHDR:0 hdrType:0 motionDetectionFlag:0 wideAngleRecommendFlag:0
08-24 18:53:50.236   946  2131 D MiAILab camera_scene: scene_classify::doClassify execute
08-24 18:53:50.236   946  2131 D MiAILab camera_scene: SNPE dumpFile w = 2400, h = 1080, orientation = 1, nv21 = 0
08-24 18:53:50.236   946  2131 D MiAILab camera_scene: scene_classify::doClassify Busy:0, proc:0xb400007a77bac288, mProc:0x0, mComRelease:1, async:1
08-24 18:53:50.236   946  2131 D MiAILab camera_scene: ENABLE_MOON zoom:0, mIso:3207
08-24 18:53:50.236   946  2131 I android.hardware.camera.provider@2.4-service_64: AIScene:ForwardAISceneNet: orientation:1, flag:=0
08-24 18:53:50.236   946  6279 I MiAILab camera_scene: scene_classify::processThread process release:0, cmd.proc:0xb400007a77bac288, mProc:0x0, mClassifier:0x0, busy:1
08-24 18:53:50.236   946  6279 D MiAILab camera_scene: init_model : /vendor/etc/camera/model_back.dlc
08-24 18:53:50.236   946  6279 D MiAILab camera_scene: SNPE Version:1.33.1.608 , doDecrypt: 1
08-24 18:53:50.236   946  6279 D MiAILab camera_scene: isRuntimeAvailable is GPU... 
08-24 18:53:50.237  2307  2307 D SignalClusterView: updateMobileTypeImage  0
08-24 18:53:50.237   946  2131 D android.hardware.camera.provider@2.4-service_64: MiAIHDR getCheckerHdrFeatures m_hdrFeatures:0
08-24 18:53:50.237   946  2131 E CHIMIAISCENECHECKER: UpdateMetaData():1411 xiaomi.hdr.hdrFeatures tag query fail
08-24 18:53:50.237   946  2131 E CHIMIAISCENECHECKER: 
08-24 18:53:50.237   946  2131 E CHIMIAISCENECHECKER: hdrFeatures = 0
08-24 18:53:50.237   946  2131 E CHIMIAISCENECHECKER: UpdateMetaData():1446 hdrDeteced = 0
08-24 18:53:50.238 15894 30184 D CCodecConfig: config failed => CORRUPTED
08-24 18:53:50.239 15894 30184 D CCodecConfig: c2 config diff is   c2::u32 raw.channel-count.value = 2
08-24 18:53:50.239 15894 30184 D CCodecConfig:   c2::u32 raw.sample-rate.value = 44100
08-24 18:53:50.240 15894 30184 W Codec2Client: query -- param skipped: index = 1107298332.
08-24 18:53:50.240 15894 30184 D CCodec  : setup formats input: AMessage(what = 0x00000000) = {
08-24 18:53:50.240 15894 30184 D CCodec  :   int32_t channel-count = 2
08-24 18:53:50.240 15894 30184 D CCodec  :   int32_t max-input-size = 65307
08-24 18:53:50.240 15894 30184 D CCodec  :   string mime = "audio/vorbis"
08-24 18:53:50.240 15894 30184 D CCodec  :   int32_t sample-rate = 44100
08-24 18:53:50.240 15894 30184 D CCodec  : } and output: AMessage(what = 0x00000000) = {
08-24 18:53:50.240 15894 30184 D CCodec  :   int32_t channel-count = 2
08-24 18:53:50.240 15894 30184 D CCodec  :   string mime = "audio/raw"
08-24 18:53:50.240 15894 30184 D CCodec  :   int32_t sample-rate = 44100
08-24 18:53:50.240 15894 30184 D CCodec  : }
08-24 18:53:50.242 15894 30184 W Codec2Client: query -- param skipped: index = 1342179345.
08-24 18:53:50.242 15894 30184 W Codec2Client: query -- param skipped: index = 2415921170.
08-24 18:53:50.242 15894 30184 E FMQ     : grantorIdx must be less than 3
08-24 18:53:50.243 15894 30184 E FMQ     : grantorIdx must be less than 3
08-24 18:53:50.243 15894 30184 D CCodecBufferChannel: [c2.android.vorbis.decoder#705] Created input block pool with allocatorID 16 => poolID 29 - OK (0)
08-24 18:53:50.243  1404  2914 E FMQ     : grantorIdx must be less than 3
08-24 18:53:50.243  1404  2914 E FMQ     : grantorIdx must be less than 3
08-24 18:53:50.244 15894 30184 I CCodecBufferChannel: [c2.android.vorbis.decoder#705] Created output block pool with allocatorID 16 => poolID 516 - OK
08-24 18:53:50.245 15894 30184 D CCodecBufferChannel: [c2.android.vorbis.decoder#705] Configured output block pool ids 516 => OK
08-24 18:53:50.245 15894 30184 D CCodecBufferChannel: [c2.android.vorbis.decoder#705] start: updating output delay 0
08-24 18:53:50.245  1404 30185 D SimpleC2Component: Using output block pool with poolID 516 => got 516 - 0
08-24 18:53:50.246 15894 30184 E FMQ     : grantorIdx must be less than 3
08-24 18:53:50.246  1404  2828 E FMQ     : grantorIdx must be less than 3
08-24 18:53:50.249  2307  2307 D SignalClusterView: updateMobileTypeImage  0
08-24 18:53:50.250  1307 27599 D MediaBufferGroup: creating MemoryDealer
08-24 18:53:50.258  1404 30185 E FMQ     : grantorIdx must be less than 3
08-24 18:53:50.258 15894 15916 E FMQ     : grantorIdx must be less than 3
08-24 18:53:50.265  2307  2307 D SignalClusterView: updateMobileTypeImage  0
08-24 18:53:50.269   946  6279 D MiAILab camera_scene: Load model: 31.821045 (ms)
08-24 18:53:50.273   946  6279 D MiAILab camera_scene: Decrypt model: 4.817871 (ms)
08-24 18:53:50.274   946  6279 D MiAILab camera_scene: Initialize SNPE: runtimee:1
08-24 18:53:50.283 15894 15923 E VendorTagDescriptor: lookupTag: Tag name 'SuperNightExif' does not exist.
08-24 18:53:50.284 15894 15923 W CameraMetadataJV: Expect face scores and rectangles to be non-null
08-24 18:53:50.284 15894 15923 W CAM_Camera2Module: isParallelQueueFull: isNeedWaitProcess:false
08-24 18:53:50.284 15894 15923 W CameraMetadataJV: Expect face scores and rectangles to be non-null
08-24 18:53:50.284  2307  2307 D SignalClusterView: updateMobileTypeImage  0
08-24 18:53:50.285 15894 30181 D CCodecBufferChannel: [c2.android.vorbis.decoder#464] MediaCodec discarded an unknown buffer
08-24 18:53:50.286 15894 30181 I chatty  : uid=10072(com.android.camera) NDK MediaCodec_ identical 1 line
08-24 18:53:50.286 15894 30181 D CCodecBufferChannel: [c2.android.vorbis.decoder#464] MediaCodec discarded an unknown buffer
08-24 18:53:50.288 15894 30181 I hw-BpHwBinder: onLastStrongRef automatically unlinking death recipients
08-24 18:53:50.288 15894 30184 D CCodecBufferChannel: [c2.android.vorbis.decoder#705] MediaCodec discarded an unknown buffer
08-24 18:53:50.289 15894 30184 I chatty  : uid=10072(com.android.camera) identical 1 line
08-24 18:53:50.289 15894 30184 D CCodecBufferChannel: [c2.android.vorbis.decoder#705] MediaCodec discarded an unknown buffer
08-24 18:53:50.293  1404 23386 I hw-BpHwBinder: onLastStrongRef automatically unlinking death recipients
08-24 18:53:50.294  1307 27599 I MMParserExtractor: Created(0xb400007ab7270620)
08-24 18:53:50.294  1404 23386 V C2Store : in ~ComponentModule
08-24 18:53:50.294  1404 23386 V C2Store : unloading dll
08-24 18:53:50.295 15894 30188 I hw-BpHwBinder: onLastStrongRef automatically unlinking death recipients
08-24 18:53:50.297 15894 30189 D CCodec  : allocate(c2.android.vorbis.decoder)
08-24 18:53:50.298  1404 23386 V C2Store : in init
08-24 18:53:50.298  1404 23386 V C2Store : loading dll
08-24 18:53:50.300  2307  2307 D SignalClusterView: updateMobileTypeImage  0
08-24 18:53:50.302 15894 30189 I CCodec  : Created component [c2.android.vorbis.decoder]
08-24 18:53:50.302 15894 30189 D CCodecConfig: read media type: audio/vorbis
08-24 18:53:50.303 15894 30189 D ReflectedParamUpdater: extent() != 1 for single value type: algo.buffers.max-count.values
08-24 18:53:50.304 15894 30189 D ReflectedParamUpdater: extent() != 1 for single value type: output.subscribed-indices.values
08-24 18:53:50.304 15894 30189 D ReflectedParamUpdater: extent() != 1 for single value type: input.buffers.allocator-ids.values
08-24 18:53:50.304 15894 30189 D ReflectedParamUpdater: extent() != 1 for single value type: output.buffers.allocator-ids.values
08-24 18:53:50.304 15894 30189 D ReflectedParamUpdater: extent() != 1 for single value type: algo.buffers.allocator-ids.values
08-24 18:53:50.304 15894 30189 D ReflectedParamUpdater: extent() != 1 for single value type: output.buffers.pool-ids.values
08-24 18:53:50.304 15894 30189 D ReflectedParamUpdater: extent() != 1 for single value type: algo.buffers.pool-ids.values
08-24 18:53:50.305 15894 30189 I CCodecConfig: query failed after returning 7 values (BAD_INDEX)
08-24 18:53:50.305 15894 30189 D CCodecConfig: c2 config diff is Dict {
08-24 18:53:50.305 15894 30189 D CCodecConfig:   c2::u32 coded.bitrate.value = 64000
08-24 18:53:50.305 15894 30189 D CCodecConfig:   c2::u32 input.buffers.max-size.value = 32768
08-24 18:53:50.305 15894 30189 D CCodecConfig:   c2::u32 input.delay.value = 0
08-24 18:53:50.305 15894 30189 D CCodecConfig:   string input.media-type.value = "audio/vorbis"
08-24 18:53:50.305 15894 30189 D CCodecConfig:   string output.media-type.value = "audio/raw"
08-24 18:53:50.305 15894 30189 D CCodecConfig:   c2::u32 raw.channel-count.value = 1
08-24 18:53:50.305 15894 30189 D CCodecConfig:   c2::u32 raw.sample-rate.value = 48000
08-24 18:53:50.305 15894 30189 D CCodecConfig: }
08-24 18:53:50.308 15894 30189 D CCodec  : [c2.android.vorbis.decoder] buffers are bound to CCodec for this session
08-24 18:53:50.308 15894 30189 D CCodecConfig: no c2 equivalents for durationUs
08-24 18:53:50.308 15894 30189 D CCodecConfig: no c2 equivalents for track-id
08-24 18:53:50.308 15894 30189 D CCodecConfig: no c2 equivalents for csd-1
08-24 18:53:50.308 15894 30189 D CCodecConfig: no c2 equivalents for language
08-24 18:53:50.308 15894 30189 D CCodecConfig: no c2 equivalents for file-format
08-24 18:53:50.308 15894 30189 D CCodecConfig: no c2 equivalents for flags
08-24 18:53:50.309 15894 30189 D CCodecConfig: config failed => CORRUPTED
08-24 18:53:50.309 15894 30189 D CCodecConfig: c2 config diff is   c2::u32 raw.channel-count.value = 2
08-24 18:53:50.309 15894 30189 D CCodecConfig:   c2::u32 raw.sample-rate.value = 44100
08-24 18:53:50.310 15894 30189 W Codec2Client: query -- param skipped: index = 1107298332.
08-24 18:53:50.310 15894 30189 D CCodec  : setup formats input: AMessage(what = 0x00000000) = {
08-24 18:53:50.310 15894 30189 D CCodec  :   int32_t channel-count = 2
08-24 18:53:50.310 15894 30189 D CCodec  :   int32_t max-input-size = 65307
08-24 18:53:50.310 15894 30189 D CCodec  :   string mime = "audio/vorbis"
08-24 18:53:50.310 15894 30189 D CCodec  :   int32_t sample-rate = 44100
08-24 18:53:50.310 15894 30189 D CCodec  : } and output: AMessage(what = 0x00000000) = {
08-24 18:53:50.310 15894 30189 D CCodec  :   int32_t channel-count = 2
08-24 18:53:50.310 15894 30189 D CCodec  :   string mime = "audio/raw"
08-24 18:53:50.310 15894 30189 D CCodec  :   int32_t sample-rate = 44100
08-24 18:53:50.310 15894 30189 D CCodec  : }
08-24 18:53:50.316 15894 30189 W Codec2Client: query -- param skipped: index = 1342179345.
08-24 18:53:50.316 15894 30189 W Codec2Client: query -- param skipped: index = 2415921170.
08-24 18:53:50.317 15894 30189 E FMQ     : grantorIdx must be less than 3
08-24 18:53:50.317 15894 30189 E FMQ     : grantorIdx must be less than 3
08-24 18:53:50.317 15894 30189 D CCodecBufferChannel: [c2.android.vorbis.decoder#656] Created input block pool with allocatorID 16 => poolID 30 - OK (0)
08-24 18:53:50.318  1404  2828 E FMQ     : grantorIdx must be less than 3
08-24 18:53:50.318  1404  2828 E FMQ     : grantorIdx must be less than 3
08-24 18:53:50.319 15894 30189 I CCodecBufferChannel: [c2.android.vorbis.decoder#656] Created output block pool with allocatorID 16 => poolID 517 - OK
08-24 18:53:50.319 15894 30189 D CCodecBufferChannel: [c2.android.vorbis.decoder#656] Configured output block pool ids 517 => OK
08-24 18:53:50.319 15894 30189 D CCodecBufferChannel: [c2.android.vorbis.decoder#656] start: updating output delay 0
08-24 18:53:50.320  2307  2307 D SignalClusterView: updateMobileTypeImage  0
08-24 18:53:50.321  1404 30190 D SimpleC2Component: Using output block pool with poolID 517 => got 517 - 0
08-24 18:53:50.322  1307 27599 D MediaBufferGroup: creating MemoryDealer
08-24 18:53:50.322 15894 30189 E FMQ     : grantorIdx must be less than 3
08-24 18:53:50.323  1404  2828 E FMQ     : grantorIdx must be less than 3
08-24 18:53:50.332  1404 30190 E FMQ     : grantorIdx must be less than 3
08-24 18:53:50.333 15894 15916 E FMQ     : grantorIdx must be less than 3
08-24 18:53:50.334  2307  2307 D SignalClusterView: updateMobileTypeImage  0
08-24 18:53:50.340 15894 15923 E VendorTagDescriptor: lookupTag: Tag name 'SuperNightExif' does not exist.
08-24 18:53:50.340 15894 15923 W CameraMetadataJV: Expect face scores and rectangles to be non-null
08-24 18:53:50.340 15894 15923 W CAM_Camera2Module: isParallelQueueFull: isNeedWaitProcess:false
08-24 18:53:50.340 15894 15923 W CameraMetadataJV: Expect face scores and rectangles to be non-null
08-24 18:53:50.341 15894 30118 I CAM_STScreenNail: normalHandlerCapacity:set normal
08-24 18:53:50.385 15894 30189 D CCodecBufferChannel: [c2.android.vorbis.decoder#656] MediaCodec discarded an unknown buffer
08-24 18:53:50.385 15894 30189 I chatty  : uid=10072(com.android.camera) identical 1 line
08-24 18:53:50.385 15894 30189 D CCodecBufferChannel: [c2.android.vorbis.decoder#656] MediaCodec discarded an unknown buffer
08-24 18:53:50.388  1404 23386 I hw-BpHwBinder: onLastStrongRef automatically unlinking death recipients
08-24 18:53:50.389  1404 23386 V C2Store : in ~ComponentModule
08-24 18:53:50.389  1404 23386 V C2Store : unloading dll
08-24 18:53:50.390 15894 30216 I hw-BpHwBinder: onLastStrongRef automatically unlinking death recipients
