08-24 18:53:50.409  1684  2182 I SensorService: user found in check list, getPackageName  android.view.OrientationEventListener
08-24 18:53:50.409  1684  2182 I SensorService: user found in check list, getPackageName  android.view.OrientationEventListener
08-24 18:53:50.412  3903  5153 I SarService: Receiver polling >>>> Change receiver mode: off
08-24 18:53:50.412 15894 15923 E VendorTagDescriptor: lookupTag: Tag name 'SuperNightExif' does not exist.
08-24 18:53:50.413 15894 15923 W CameraMetadataJV: Expect face scores and rectangles to be non-null
08-24 18:53:50.413 15894 15923 W CAM_Camera2Module: isParallelQueueFull: isNeedWaitProcess:false
08-24 18:53:50.413 15894 15923 W CameraMetadataJV: Expect face scores and rectangles to be non-null
08-24 18:53:50.474 15894 15923 E VendorTagDescriptor: lookupTag: Tag name 'SuperNightExif' does not exist.
08-24 18:53:50.474 15894 15923 W CameraMetadataJV: Expect face scores and rectangles to be non-null
08-24 18:53:50.474 15894 15923 W CAM_Camera2Module: isParallelQueueFull: isNeedWaitProcess:false
08-24 18:53:50.474 15894 15923 W CameraMetadataJV: Expect face scores and rectangles to be non-null
08-24 18:53:50.475   946  6279 D MiAILab camera_scene: Initialize SNPE: 206.891846 (ms)
08-24 18:53:50.476   946  6279 D MiAILab camera_scene: init: model_type=3 
08-24 18:53:50.476   946  6279 D MiAILab camera_scene: releaseModel init_release:7:6
08-24 18:53:50.541 15894 15923 E VendorTagDescriptor: lookupTag: Tag name 'SuperNightExif' does not exist.
08-24 18:53:50.541 15894 15923 W CameraMetadataJV: Expect face scores and rectangles to be non-null
08-24 18:53:50.541 15894 15923 W CAM_Camera2Module: isParallelQueueFull: isNeedWaitProcess:false
08-24 18:53:50.541 15894 15923 W CameraMetadataJV: Expect face scores and rectangles to be non-null
08-24 18:53:50.544   946  2133 E CHIMIAISCENECHECKER: checkerStatus=0
08-24 18:53:50.544   946  2133 I MiAILab camera_scene: scene_classify::set = 3
08-24 18:53:50.544   946  2133 I android.hardware.camera.provider@2.4-service_64: AIScene:SetModel cameraId := 0, logicCameraId := 0, type := 102, ModelPath:/vendor/etc/camera/model_back.dlc
08-24 18:53:50.544   946  2133 E CHIMIAISCENECHECKER: ProcessRequest():1068 [ARC_ASD] asd check process req num=2
08-24 18:53:50.544   946  2133 E CHIMIAISCENECHECKER: ProcessRequest():1084 [ARC_ASD] asd dirty detect num=10 processed=0 focused=1 focusDistance:0.750000 first=1
08-24 18:53:50.544   946  2133 D android.hardware.camera.provider@2.4-service_64: [mialgo_sd]: gyro:-0.011044 0.000000 0.000216, gyro_status:1  gSensor:0.000000 0.000000 0.000000, gSensor_status:0  aSensor:-0.493663 -0.174003 9.916216, aSensor_status:1
08-24 18:53:50.544   946  2133 D android.hardware.camera.provider@2.4-service_64: [mialgo_sd]: input info, idx:2, facenum:0, gyro: -0.011044 0.000000 0.000216, gyro_status:1, iso:3201.000000, exp:70.000000, cur_ae:0.000000, target_ae:45.000000, is_touch:0, AF_status:2, AE_status:1 orientation:90 AICameraStatus:1 TEST
08-24 18:53:50.544   946  2133 D android.hardware.camera.provider@2.4-service_64: [mialgo_sd]: stableScene:0 movingScene:1  stableCamera:0 movingCamera:1 newStableSceneFlag:0 isHDR:0 hdrType:0 motionDetectionFlag:0 wideAngleRecommendFlag:0
08-24 18:53:50.544   946  2133 D MiAILab camera_scene: scene_classify::doClassify execute
08-24 18:53:50.544   946  2133 D MiAILab camera_scene: SNPE dumpFile w = 2400, h = 1080, orientation = 1, nv21 = 0
08-24 18:53:50.544   946  2133 D MiAILab camera_scene: scene_classify::doClassify Busy:0, proc:0xb400007a77bac288, mProc:0xb400007a77bac288, mComRelease:0, async:1
08-24 18:53:50.546   946  2133 D MiAILab camera_scene: preprocess: resize=0.607910 yuv2bgr=0.124023 rotate=0.116943 sub&scale=0.462158(ms)
08-24 18:53:50.546   946  2133 D MiAILab camera_scene: ENABLE_MOON zoom:0, mIso:3201
08-24 18:53:50.546   946  2133 I android.hardware.camera.provider@2.4-service_64: AIScene:ForwardAISceneNet: orientation:1, flag:=0
08-24 18:53:50.546   946  6279 I MiAILab camera_scene: scene_classify::processThread process release:0, cmd.proc:0xb400007a77bac288, mProc:0xb400007a77bac288, mClassifier:0xb400007a822562c0, busy:1
08-24 18:53:50.548   946  2133 D android.hardware.camera.provider@2.4-service_64: MiAIHDR getCheckerHdrFeatures m_hdrFeatures:0
08-24 18:53:50.550   946  2133 E CHIMIAISCENECHECKER: UpdateMetaData():1411 xiaomi.hdr.hdrFeatures tag query fail
08-24 18:53:50.550   946  2133 E CHIMIAISCENECHECKER: 
08-24 18:53:50.550   946  2133 E CHIMIAISCENECHECKER: hdrFeatures = 0
08-24 18:53:50.550   946  2133 E CHIMIAISCENECHECKER: UpdateMetaData():1446 hdrDeteced = 0
08-24 18:53:50.569   946  6279 D MiAILab camera_scene: snpe foward tensor name is MobilenetV1/Predictions:0
08-24 18:53:50.569   946  6279 D MiAILab camera_scene: forwardnet:23.325928
08-24 18:53:50.569   946  6279 D MiAILab camera_scene: scene_classify::set type = 0
08-24 18:53:50.569   946  6279 I MiAILab camera_scene: scene_classify: mHasWideAngleRecommend = false
08-24 18:53:50.569   946  6279 I MiAILab camera_scene: scene_classify: mType:0, mLastScene:0, mSceneCounts:1, mModelType = 3
08-24 18:53:50.605  1684  2182 I SensorService: user found in check list, getPackageName  android.view.OrientationEventListener
08-24 18:53:50.605  1684  2182 I SensorService: user found in check list, getPackageName  android.view.OrientationEventListener
08-24 18:53:50.610 15894 15923 E VendorTagDescriptor: lookupTag: Tag name 'SuperNightExif' does not exist.
08-24 18:53:50.610 15894 15923 W CameraMetadataJV: Expect face scores and rectangles to be non-null
08-24 18:53:50.610 15894 15923 W CAM_Camera2Module: isParallelQueueFull: isNeedWaitProcess:false
08-24 18:53:50.610 15894 15923 W CameraMetadataJV: Expect face scores and rectangles to be non-null
08-24 18:53:50.612  3903  5153 I SarService: Receiver polling >>>> Change receiver mode: off
08-24 18:53:50.623  8215  8513 V WpsSnapshotTag: FileOverTimeHeart is running; isBindScuess false
08-24 18:53:50.623  8215  8513 V WpsSnapshotTag: FileOverTimeHeart is running; running Task size is 0; mIsNeedOverTimeHeart is true
08-24 18:53:50.679 15894 15923 E VendorTagDescriptor: lookupTag: Tag name 'SuperNightExif' does not exist.
08-24 18:53:50.679 15894 15923 W CameraMetadataJV: Expect face scores and rectangles to be non-null
08-24 18:53:50.680 15894 15923 W CAM_Camera2Module: isParallelQueueFull: isNeedWaitProcess:false
08-24 18:53:50.680 15894 15923 W CameraMetadataJV: Expect face scores and rectangles to be non-null
08-24 18:53:50.708   642   648 E PSITrigger: get PSI events detail failed!! errno=25
08-24 18:53:50.750 15894 15923 E VendorTagDescriptor: lookupTag: Tag name 'SuperNightExif' does not exist.
08-24 18:53:50.750 15894 15923 W CameraMetadataJV: Expect face scores and rectangles to be non-null
08-24 18:53:50.750 15894 15923 W CAM_Camera2Module: isParallelQueueFull: isNeedWaitProcess:false
08-24 18:53:50.751 15894 15923 W CameraMetadataJV: Expect face scores and rectangles to be non-null
08-24 18:53:50.801  1684  2182 I SensorService: user found in check list, getPackageName  android.view.OrientationEventListener
08-24 18:53:50.801  1684  2182 I SensorService: user found in check list, getPackageName  android.view.OrientationEventListener
08-24 18:53:50.813  3903  5153 I SarService: Receiver polling >>>> Change receiver mode: off
08-24 18:53:50.819 15894 15923 E VendorTagDescriptor: lookupTag: Tag name 'SuperNightExif' does not exist.
08-24 18:53:50.819 15894 15923 W CameraMetadataJV: Expect face scores and rectangles to be non-null
08-24 18:53:50.819 15894 15923 W CAM_Camera2Module: isParallelQueueFull: isNeedWaitProcess:false
08-24 18:53:50.819 15894 15923 W CameraMetadataJV: Expect face scores and rectangles to be non-null
08-24 18:53:50.892 15894 16292 V CAM_Decoder: preview frame buffer received... mDecodingCount = 2
08-24 18:53:50.892 15894 16292 V CAM_PreviewImage: convertYUV420888ToNV21: size = 2400x1080, yStride = 2432, uvStride = 2432
08-24 18:53:50.895 15894 15923 E VendorTagDescriptor: lookupTag: Tag name 'SuperNightExif' does not exist.
08-24 18:53:50.896   946  2134 E CHIMIAISCENECHECKER: checkerStatus=0
08-24 18:53:50.896   946  2134 I MiAILab camera_scene: scene_classify::set = 3
08-24 18:53:50.896   946  2134 I android.hardware.camera.provider@2.4-service_64: AIScene:SetModel cameraId := 0, logicCameraId := 0, type := 102, ModelPath:/vendor/etc/camera/model_back.dlc
08-24 18:53:50.896   946  2134 E CHIMIAISCENECHECKER: ProcessRequest():1068 [ARC_ASD] asd check process req num=3
08-24 18:53:50.896   946  2134 E CHIMIAISCENECHECKER: ProcessRequest():1084 [ARC_ASD] asd dirty detect num=10 processed=0 focused=1 focusDistance:0.750000 first=1
08-24 18:53:50.896   946  2134 D DirtyCamera: [D][/dirtycamera_api.cpp(181)]:dirty camera total time: 0.291016
08-24 18:53:50.896   946  2134 E CHIMIAISCENECHECKER: ProcessRequest():1096 [ARC_ASD] PredictMiImageBuffer m_dirtyresult = 0 0.000000 0.000000 0.000000
08-24 18:53:50.896   946  2134 D android.hardware.camera.provider@2.4-service_64: [mialgo_sd]: gyro:-0.001270 0.000000 0.000216, gyro_status:1  gSensor:0.000000 0.000000 0.000000, gSensor_status:0  aSensor:-0.541545 -0.190762 9.870728, aSensor_status:1
08-24 18:53:50.896   946  2134 D android.hardware.camera.provider@2.4-service_64: [mialgo_sd]: input info, idx:3, facenum:0, gyro: -0.001270 0.000000 0.000216, gyro_status:1, iso:3204.000000, exp:70.000000, cur_ae:0.000000, target_ae:45.000000, is_touch:0, AF_status:2, AE_status:1 orientation:90 AICameraStatus:1 TEST
08-24 18:53:50.897   946  2134 D android.hardware.camera.provider@2.4-service_64: [mialgo_sd]: stableScene:0 movingScene:1  stableCamera:1 movingCamera:0 newStableSceneFlag:1 isHDR:0 hdrType:0 motionDetectionFlag:0 wideAngleRecommendFlag:0
08-24 18:53:50.897   946  2134 D MiAILab camera_scene: scene_classify::doClassify execute
08-24 18:53:50.897   946  2134 D MiAILab camera_scene: SNPE dumpFile w = 2400, h = 1080, orientation = 1, nv21 = 0
08-24 18:53:50.897   946  2134 D MiAILab camera_scene: scene_classify::doClassify Busy:0, proc:0xb400007a77bac288, mProc:0xb400007a77bac288, mComRelease:0, async:1
08-24 18:53:50.897 15894 15923 W CameraMetadataJV: Expect face scores and rectangles to be non-null
08-24 18:53:50.898 15894 15923 W CAM_Camera2Module: isParallelQueueFull: isNeedWaitProcess:false
08-24 18:53:50.898 15894 15923 W CameraMetadataJV: Expect face scores and rectangles to be non-null
08-24 18:53:50.898   946  2134 D MiAILab camera_scene: preprocess: resize=1.048828 yuv2bgr=0.037109 rotate=0.091064 sub&scale=0.211914(ms)
08-24 18:53:50.899   946  2134 D MiAILab camera_scene: ENABLE_MOON zoom:0, mIso:3204
08-24 18:53:50.899   946  6279 I MiAILab camera_scene: scene_classify::processThread process release:0, cmd.proc:0xb400007a77bac288, mProc:0xb400007a77bac288, mClassifier:0xb400007a822562c0, busy:1
08-24 18:53:50.899   946  2134 I android.hardware.camera.provider@2.4-service_64: AIScene:ForwardAISceneNet: orientation:1, flag:=0
08-24 18:53:50.904   946  2134 D android.hardware.camera.provider@2.4-service_64: MiAIHDR getCheckerHdrFeatures m_hdrFeatures:0
08-24 18:53:50.904   946  2134 E CHIMIAISCENECHECKER: UpdateMetaData():1411 xiaomi.hdr.hdrFeatures tag query fail
08-24 18:53:50.904   946  2134 E CHIMIAISCENECHECKER: 
08-24 18:53:50.904   946  2134 E CHIMIAISCENECHECKER: hdrFeatures = 0
08-24 18:53:50.904   946  2134 E CHIMIAISCENECHECKER: UpdateMetaData():1446 hdrDeteced = 0
08-24 18:53:50.909 15894 16292 D CAM_PreviewImage: PreviewDecodeManager convertYUV420ToNV21: cost = 17ms
08-24 18:53:50.910 15894 17473 D CAM_QrDecoder: decode E: previewImage is null? false
08-24 18:53:50.926   946  6279 D MiAILab camera_scene: snpe foward tensor name is MobilenetV1/Predictions:0
08-24 18:53:50.926   946  6279 D MiAILab camera_scene: forwardnet:27.402100
08-24 18:53:50.926   946  6279 D MiAILab camera_scene: scene_classify::set type = 0
08-24 18:53:50.926   946  6279 I MiAILab camera_scene: scene_classify: mHasWideAngleRecommend = false
08-24 18:53:50.926   946  6279 I MiAILab camera_scene: scene_classify: mType:0, mLastScene:0, mSceneCounts:2, mModelType = 3
08-24 18:53:50.927   946 30269 D DirtyCamera: [D][/dirtycamera_api.cpp(049)]:DirtyCameraDetect, image_index:1, image_mean:2.29, image_std:0.57, time_cost:30.47, dirtycamera_time_limit:100.00, dirty_prob:0.186, label:0
08-24 18:53:50.930 15894 17473 W CAM_QrDecoder: decode: failed...  
08-24 18:53:50.930 15894 15894 D CAM_QrDecoder: decode X: result = 
08-24 18:53:50.960 15894 15923 E VendorTagDescriptor: lookupTag: Tag name 'SuperNightExif' does not exist.
08-24 18:53:50.960 15894 15923 W CameraMetadataJV: Expect face scores and rectangles to be non-null
08-24 18:53:50.960 15894 15923 W CAM_Camera2Module: isParallelQueueFull: isNeedWaitProcess:false
08-24 18:53:50.960 15894 15923 W CameraMetadataJV: Expect face scores and rectangles to be non-null
08-24 18:53:50.997  1684  2182 I SensorService: user found in check list, getPackageName  android.view.OrientationEventListener
08-24 18:53:50.997  1684  2182 I SensorService: user found in check list, getPackageName  android.view.OrientationEventListener
08-24 18:53:51.013  3903  5153 I SarService: Receiver polling >>>> Change receiver mode: off
08-24 18:53:51.030 15894 15923 E VendorTagDescriptor: lookupTag: Tag name 'SuperNightExif' does not exist.
08-24 18:53:51.030 15894 15923 W CameraMetadataJV: Expect face scores and rectangles to be non-null
08-24 18:53:51.030 15894 15923 W CAM_Camera2Module: isParallelQueueFull: isNeedWaitProcess:false
08-24 18:53:51.031 15894 15923 W CameraMetadataJV: Expect face scores and rectangles to be non-null
08-24 18:53:51.094 15894 15924 D CAM_MiCamera2: processAfResult: afState changed from 2 to 1
08-24 18:53:51.095 15894 15894 V CAM_FocusManager: focusResult: 2|false|true|0
08-24 18:53:51.095 15894 15894 D CAM_FocusManager: getFocusMode=continuous-picture
08-24 18:53:51.095 15894 15894 D CAM_FocusManager: onAutoFocusMoving: mode=continuous-picture show=true
08-24 18:53:51.095 15894 15894 D CAM_FocusManager: getFocusMode=continuous-picture
08-24 18:53:51.095 15894 15894 V CAM_FocusManager: setFocusState: 1
08-24 18:53:51.095 15894 15894 V CAM_FocusManager: Camera KPI: CAF start
08-24 18:53:51.095 15894 15894 D CAM_FocusView: showStart
08-24 18:53:51.096 15894 15894 D CameraFocusSplitAnimateDrawable: startTouchDownAnimation
08-24 18:53:51.100 15894 15923 E VendorTagDescriptor: lookupTag: Tag name 'SuperNightExif' does not exist.
08-24 18:53:51.101 15894 15923 W CameraMetadataJV: Expect face scores and rectangles to be non-null
08-24 18:53:51.101 15894 15923 W CAM_Camera2Module: isParallelQueueFull: isNeedWaitProcess:false
08-24 18:53:51.101 15894 15923 W CameraMetadataJV: Expect face scores and rectangles to be non-null
08-24 18:53:51.171 15894 15923 E VendorTagDescriptor: lookupTag: Tag name 'SuperNightExif' does not exist.
08-24 18:53:51.172 15894 15923 W CameraMetadataJV: Expect face scores and rectangles to be non-null
08-24 18:53:51.172 15894 15923 W CAM_Camera2Module: isParallelQueueFull: isNeedWaitProcess:false
08-24 18:53:51.172 15894 15923 W CameraMetadataJV: Expect face scores and rectangles to be non-null
08-24 18:53:51.192  1684  2182 I SensorService: user found in check list, getPackageName  android.view.OrientationEventListener
08-24 18:53:51.192  1684  2182 I SensorService: user found in check list, getPackageName  android.view.OrientationEventListener
08-24 18:53:51.213  3903  5153 I SarService: Receiver polling >>>> Change receiver mode: off
08-24 18:53:51.247 15894 15923 E VendorTagDescriptor: lookupTag: Tag name 'SuperNightExif' does not exist.
08-24 18:53:51.247 15894 15923 W CameraMetadataJV: Expect face scores and rectangles to be non-null
08-24 18:53:51.247 15894 15923 W CAM_Camera2Module: isParallelQueueFull: isNeedWaitProcess:false
08-24 18:53:51.247 15894 15923 W CameraMetadataJV: Expect face scores and rectangles to be non-null
08-24 18:53:51.250   946  2131 E CHIMIAISCENECHECKER: checkerStatus=0
08-24 18:53:51.250   946  2131 I MiAILab camera_scene: scene_classify::set = 3
08-24 18:53:51.250   946  2131 I android.hardware.camera.provider@2.4-service_64: AIScene:SetModel cameraId := 0, logicCameraId := 0, type := 102, ModelPath:/vendor/etc/camera/model_back.dlc
08-24 18:53:51.250   946  2131 E CHIMIAISCENECHECKER: ProcessRequest():1068 [ARC_ASD] asd check process req num=4
08-24 18:53:51.250   946  2131 E CHIMIAISCENECHECKER: ProcessRequest():1084 [ARC_ASD] asd dirty detect num=10 processed=1 focused=0 focusDistance:0.587500 first=1
08-24 18:53:51.254   946  2131 D DirtyCamera: [D][/dirtycamera_api.cpp(181)]:dirty camera total time: 3.463135
08-24 18:53:51.254   946  2131 E CHIMIAISCENECHECKER: ProcessRequest():1096 [ARC_ASD] PredictMiImageBuffer m_dirtyresult = 0 2.291016 0.186023 0.574099
08-24 18:53:51.254   946  2131 D android.hardware.camera.provider@2.4-service_64: [mialgo_sd]: gyro:0.002395 0.000000 -0.001005, gyro_status:1  gSensor:0.000000 0.000000 0.000000, gSensor_status:0  aSensor:-0.531969 -0.193156 9.853969, aSensor_status:1
08-24 18:53:51.254   946  2131 D android.hardware.camera.provider@2.4-service_64: [mialgo_sd]: input info, idx:4, facenum:0, gyro: 0.002395 0.000000 -0.001005, gyro_status:1, iso:3201.000000, exp:70.000000, cur_ae:0.000000, target_ae:45.000000, is_touch:0, AF_status:1, AE_status:2 orientation:90 AICameraStatus:1 TEST
08-24 18:53:51.256   946  2131 D android.hardware.camera.provider@2.4-service_64: [mialgo_sd]: stableScene:0 movingScene:1  stableCamera:1 movingCamera:0 newStableSceneFlag:1 isHDR:0 hdrType:0 motionDetectionFlag:0 wideAngleRecommendFlag:0
08-24 18:53:51.256   946  2131 D MiAILab camera_scene: scene_classify::doClassify execute
08-24 18:53:51.256   946  2131 D MiAILab camera_scene: SNPE dumpFile w = 2400, h = 1080, orientation = 1, nv21 = 0
08-24 18:53:51.256   946  2131 D MiAILab camera_scene: scene_classify::doClassify Busy:0, proc:0xb400007a77bac288, mProc:0xb400007a77bac288, mComRelease:0, async:1
08-24 18:53:51.257   946  2131 D MiAILab camera_scene: preprocess: resize=0.564941 yuv2bgr=0.053223 rotate=0.128906 sub&scale=0.312012(ms)
08-24 18:53:51.257   946  2131 D MiAILab camera_scene: ENABLE_MOON zoom:0, mIso:3201
08-24 18:53:51.257   946  2131 I android.hardware.camera.provider@2.4-service_64: AIScene:ForwardAISceneNet: orientation:1, flag:=0
08-24 18:53:51.257   946  6279 I MiAILab camera_scene: scene_classify::processThread process release:0, cmd.proc:0xb400007a77bac288, mProc:0xb400007a77bac288, mClassifier:0xb400007a822562c0, busy:1
08-24 18:53:51.258   946  2131 D android.hardware.camera.provider@2.4-service_64: MiAIHDR getCheckerHdrFeatures m_hdrFeatures:0
08-24 18:53:51.259   946  2131 E CHIMIAISCENECHECKER: UpdateMetaData():1411 xiaomi.hdr.hdrFeatures tag query fail
08-24 18:53:51.259   946  2131 E CHIMIAISCENECHECKER: 
08-24 18:53:51.259   946  2131 E CHIMIAISCENECHECKER: hdrFeatures = 0
08-24 18:53:51.259   946  2131 E CHIMIAISCENECHECKER: UpdateMetaData():1446 hdrDeteced = 0
08-24 18:53:51.265   946 30270 D DirtyCamera: [D][/dirtycamera_api.cpp(049)]:DirtyCameraDetect, image_index:2, image_mean:2.41, image_std:0.56, time_cost:5.60, dirtycamera_time_limit:100.00, dirty_prob:0.185, label:0
08-24 18:53:51.279   946  6279 D MiAILab camera_scene: snpe foward tensor name is MobilenetV1/Predictions:0
08-24 18:53:51.279   946  6279 D MiAILab camera_scene: forwardnet:22.737061
08-24 18:53:51.280   946  6279 D MiAILab camera_scene: scene_classify::set type = 0
08-24 18:53:51.280   946  6279 I MiAILab camera_scene: scene_classify: mHasWideAngleRecommend = false
08-24 18:53:51.280   946  6279 I MiAILab camera_scene: scene_classify: mType:0, mLastScene:0, mSceneCounts:3, mModelType = 3
08-24 18:53:51.313 15894 15923 E VendorTagDescriptor: lookupTag: Tag name 'SuperNightExif' does not exist.
08-24 18:53:51.313 15894 15923 W CameraMetadataJV: Expect face scores and rectangles to be non-null
08-24 18:53:51.313 15894 15923 W CAM_Camera2Module: isParallelQueueFull: isNeedWaitProcess:false
08-24 18:53:51.313 15894 15923 W CameraMetadataJV: Expect face scores and rectangles to be non-null
08-24 18:53:51.388 15894 15923 E VendorTagDescriptor: lookupTag: Tag name 'SuperNightExif' does not exist.
08-24 18:53:51.388 15894 15923 W CameraMetadataJV: Expect face scores and rectangles to be non-null
08-24 18:53:51.389 15894 15923 W CAM_Camera2Module: isParallelQueueFull: isNeedWaitProcess:false
08-24 18:53:51.389 15894 15923 W CameraMetadataJV: Expect face scores and rectangles to be non-null
08-24 18:53:51.389  1684  2182 I SensorService: user found in check list, getPackageName  android.view.OrientationEventListener
08-24 18:53:51.389  1684  2182 I SensorService: user found in check list, getPackageName  android.view.OrientationEventListener
08-24 18:53:51.401 15894 15894 D CameraFocusSplitAnimateDrawable: startFocusingAnimation
08-24 18:53:51.413  3903  5153 I SarService: Receiver polling >>>> Change receiver mode: off
08-24 18:53:51.432   960   960 I sensors-hal: flush:271, android.sensor.accelerometer/11
08-24 18:53:51.432   960   960 I sensors-hal: flush:277, android.sensor.accelerometer/11 completed
08-24 18:53:51.434   960   960 I sensors-hal: flush:271, android.sensor.gyroscope/41
08-24 18:53:51.434   960   960 I sensors-hal: flush:277, android.sensor.gyroscope/41 completed
08-24 18:53:51.435   960 10762 I sensors-hal: ssc_conn_resp_cb:651, resp_value = 0
08-24 18:53:51.436   960 10773 I sensors-hal: ssc_conn_resp_cb:651, resp_value = 0
08-24 18:53:51.450 15894 15923 E VendorTagDescriptor: lookupTag: Tag name 'SuperNightExif' does not exist.
08-24 18:53:51.451 15894 15923 W CameraMetadataJV: Expect face scores and rectangles to be non-null
08-24 18:53:51.451 15894 15923 W CAM_Camera2Module: isParallelQueueFull: isNeedWaitProcess:false
08-24 18:53:51.451 15894 15923 W CameraMetadataJV: Expect face scores and rectangles to be non-null
08-24 18:53:51.492 28620 30083 W System.err: java.net.UnknownHostException: Unable to resolve host "web.facebook.com": No address associated with hostname
08-24 18:53:51.492 28620 30083 W System.err: 	at java.net.Inet6AddressImpl.lookupHostByName(Inet6AddressImpl.java:156)
08-24 18:53:51.492 28620 30083 W System.err: 	at java.net.Inet6AddressImpl.lookupAllHostAddr(Inet6AddressImpl.java:103)
08-24 18:53:51.492 28620 30083 W System.err: 	at java.net.InetAddress.getAllByName(InetAddress.java:1152)
08-24 18:53:51.492 28620 30083 W System.err: 	at com.android.okhttp.Dns$1.lookup(Dns.java:41)
08-24 18:53:51.492 28620 30083 W System.err: 	at com.android.okhttp.internal.http.RouteSelector.resetNextInetSocketAddress(RouteSelector.java:178)
08-24 18:53:51.492 28620 30083 W System.err: 	at com.android.okhttp.internal.http.RouteSelector.nextProxy(RouteSelector.java:144)
08-24 18:53:51.492 28620 30083 W System.err: 	at com.android.okhttp.internal.http.RouteSelector.next(RouteSelector.java:86)
08-24 18:53:51.492 28620 30083 W System.err: 	at com.android.okhttp.internal.http.StreamAllocation.findConnection(StreamAllocation.java:176)
08-24 18:53:51.492 28620 30083 W System.err: 	at com.android.okhttp.internal.http.StreamAllocation.findHealthyConnection(StreamAllocation.java:128)
08-24 18:53:51.492 28620 30083 W System.err: 	at com.android.okhttp.internal.http.StreamAllocation.newStream(StreamAllocation.java:97)
08-24 18:53:51.493 28620 30083 W System.err: 	at com.android.okhttp.internal.http.HttpEngine.connect(HttpEngine.java:289)
08-24 18:53:51.493 28620 30083 W System.err: 	at com.android.okhttp.internal.http.HttpEngine.sendRequest(HttpEngine.java:232)
08-24 18:53:51.493 28620 30083 W System.err: 	at com.android.okhttp.internal.huc.HttpURLConnectionImpl.execute(HttpURLConnectionImpl.java:465)
08-24 18:53:51.493 28620 30083 W System.err: 	at com.android.okhttp.internal.huc.HttpURLConnectionImpl.connect(HttpURLConnectionImpl.java:131)
08-24 18:53:51.493 28620 30083 W System.err: 	at com.android.okhttp.internal.huc.DelegatingHttpsURLConnection.connect(DelegatingHttpsURLConnection.java:90)
08-24 18:53:51.493 28620 30083 W System.err: 	at com.android.okhttp.internal.huc.HttpsURLConnectionImpl.connect(HttpsURLConnectionImpl.java:30)
08-24 18:53:51.493 28620 30083 W System.err: 	at a.a.bc.xAip.mx.f28_(Unknown Source:4)
08-24 18:53:51.493 28620 30083 W System.err: 	at a.a.bc.GkOSHkvq.GkXtdS.WkXtdSovkQqSH.VHvuuSHWkXtdS(Unknown Source:0)
08-24 18:53:51.493 28620 30083 W System.err: 	at a.a.bc.GkOSHkvq.GkXtdS.WkXtdSovkQqSH.vppSrr_522(Unknown Source:0)
08-24 18:53:51.493 28620 30083 W System.err: 	at a.a.bc.GkOSHkvq.GkXtdS.WkXtdSovkQqSH_3.ZvkQqS(Unknown Source:13)
08-24 18:53:51.493 28620 30083 W System.err: 	at a.a.bc.GkOSHkvq.GkXtdS.WfppSuOovkQqSH_JPqOGuqS.ZvkQqS(Unknown Source:2)
08-24 18:53:51.493 28620 30083 W System.err: 	at a.a.bc.GkOSHkvq.GkXtdS.WkXtdSovkQqSH.VHvuuSH(Unknown Source:47)
08-24 18:53:51.493 28620 30083 W System.err: 	at a.a.bc.GkOSHkvq.GkXtdS.WkXtdSovkQqSH.f20_(Unknown Source:11)
08-24 18:53:51.493 28620 30083 W System.err: 	at a.a.bc.xAip.QN.f20_(Unknown Source:0)
08-24 18:53:51.493 28620 30083 W System.err: 	at a.a.bc.xAip.QN.f0Z_(Unknown Source:5)
08-24 18:53:51.493 28620 30083 W System.err: 	at a.a.bc.xAip.CH.f20_(:35688)
08-24 18:53:51.493 28620 30083 W System.err: 	at a.a.bc.xAip.CH.f2b_(:35867)
08-24 18:53:51.493 28620 30083 W System.err: 	at a.a.bc.xAip.of.f22_(:36400)
08-24 18:53:51.493 28620 30083 W System.err: 	at a.a.bc.xAip.of.doInBackground(:36421)
08-24 18:53:51.493 28620 30083 W System.err: 	at android.os.AsyncTask$3.call(AsyncTask.java:394)
08-24 18:53:51.493 28620 30083 W System.err: 	at java.util.concurrent.FutureTask.run(FutureTask.java:266)
08-24 18:53:51.493 28620 30083 W System.err: 	at java.util.concurrent.ThreadPoolExecutor.runWorker(ThreadPoolExecutor.java:1167)
08-24 18:53:51.493 28620 30083 W System.err: 	at java.util.concurrent.ThreadPoolExecutor$Worker.run(ThreadPoolExecutor.java:641)
08-24 18:53:51.493 28620 30083 W System.err: 	at java.lang.Thread.run(Thread.java:923)
08-24 18:53:51.493 28620 30083 W System.err: Caused by: android.system.GaiException: android_getaddrinfo failed: EAI_NODATA (No address associated with hostname)
08-24 18:53:51.493 28620 30083 W System.err: 	at libcore.io.Linux.android_getaddrinfo(Native Method)
08-24 18:53:51.493 28620 30083 W System.err: 	at libcore.io.ForwardingOs.android_getaddrinfo(ForwardingOs.java:73)
08-24 18:53:51.493 28620 30083 W System.err: 	at libcore.io.BlockGuardOs.android_getaddrinfo(BlockGuardOs.java:202)
08-24 18:53:51.493 28620 30083 W System.err: 	at libcore.io.ForwardingOs.android_getaddrinfo(ForwardingOs.java:73)
08-24 18:53:51.494 28620 30083 W System.err: 	at java.net.Inet6AddressImpl.lookupHostByName(Inet6AddressImpl.java:135)
08-24 18:53:51.494 28620 30083 W System.err: 	... 33 more
08-24 18:53:51.522 15894 15923 E VendorTagDescriptor: lookupTag: Tag name 'SuperNightExif' does not exist.
08-24 18:53:51.522 15894 15923 W CameraMetadataJV: Expect face scores and rectangles to be non-null
08-24 18:53:51.525 15894 15923 W CAM_Camera2Module: isParallelQueueFull: isNeedWaitProcess:false
08-24 18:53:51.525 15894 15923 W CameraMetadataJV: Expect face scores and rectangles to be non-null
08-24 18:53:51.584  1684  2182 I SensorService: user found in check list, getPackageName  android.view.OrientationEventListener
08-24 18:53:51.584  1684  2182 I SensorService: user found in check list, getPackageName  android.view.OrientationEventListener
08-24 18:53:51.585   960   960 I sensors-hal: batch:242, android.sensor.gyroscope/41, period=200000000, max_latency=0
08-24 18:53:51.585   960   960 I sensors-hal: set_config:63, sample_period_ns is adjusted to 200000000 based on min/max delay_ns
08-24 18:53:51.585   960   960 I sensors-hal: batch:251, android.sensor.gyroscope/41, period=200000000, max_latency=0 request completed
08-24 18:53:51.589   960   960 I sensors-hal: batch:242, android.sensor.accelerometer/11, period=200000000, max_latency=0
08-24 18:53:51.589   960   960 I sensors-hal: set_config:63, sample_period_ns is adjusted to 200000000 based on min/max delay_ns
08-24 18:53:51.589   960   960 I sensors-hal: batch:251, android.sensor.accelerometer/11, period=200000000, max_latency=0 request completed
08-24 18:53:51.596 15894 15923 E VendorTagDescriptor: lookupTag: Tag name 'SuperNightExif' does not exist.
08-24 18:53:51.597 15894 15923 W CameraMetadataJV: Expect face scores and rectangles to be non-null
08-24 18:53:51.597 15894 15923 W CAM_Camera2Module: isParallelQueueFull: isNeedWaitProcess:false
08-24 18:53:51.597 15894 15923 W CameraMetadataJV: Expect face scores and rectangles to be non-null
08-24 18:53:51.601   946  2131 E CHIMIAISCENECHECKER: checkerStatus=0
08-24 18:53:51.601   946  2131 I MiAILab camera_scene: scene_classify::set = 3
08-24 18:53:51.601   946  2131 I android.hardware.camera.provider@2.4-service_64: AIScene:SetModel cameraId := 0, logicCameraId := 0, type := 102, ModelPath:/vendor/etc/camera/model_back.dlc
08-24 18:53:51.601   946  2131 E CHIMIAISCENECHECKER: ProcessRequest():1068 [ARC_ASD] asd check process req num=5
08-24 18:53:51.601   946  2131 E CHIMIAISCENECHECKER: ProcessRequest():1084 [ARC_ASD] asd dirty detect num=10 processed=2 focused=0 focusDistance:0.125385 first=1
08-24 18:53:51.602   946  2131 D DirtyCamera: [D][/dirtycamera_api.cpp(181)]:dirty camera total time: 0.747070
08-24 18:53:51.602   946  2131 E CHIMIAISCENECHECKER: ProcessRequest():1096 [ARC_ASD] PredictMiImageBuffer m_dirtyresult = 0 2.414931 0.185254 0.564679
08-24 18:53:51.602   946  2131 D android.hardware.camera.provider@2.4-service_64: [mialgo_sd]: gyro:0.001173 0.000000 0.000216, gyro_status:1  gSensor:0.000000 0.000000 0.000000, gSensor_status:0  aSensor:-0.519999 -0.190762 9.873122, aSensor_status:1
08-24 18:53:51.602   946  2131 D android.hardware.camera.provider@2.4-service_64: [mialgo_sd]: input info, idx:5, facenum:0, gyro: 0.001173 0.000000 0.000216, gyro_status:1, iso:3204.000000, exp:70.000000, cur_ae:0.000000, target_ae:45.000000, is_touch:0, AF_status:1, AE_status:2 orientation:90 AICameraStatus:1 TEST
08-24 18:53:51.603   946  2131 D android.hardware.camera.provider@2.4-service_64: [mialgo_sd]: stableScene:0 movingScene:1  stableCamera:1 movingCamera:0 newStableSceneFlag:1 isHDR:0 hdrType:0 motionDetectionFlag:0 wideAngleRecommendFlag:0
08-24 18:53:51.603   946  2131 D MiAILab camera_scene: scene_classify::doClassify execute
08-24 18:53:51.603   946  2131 D MiAILab camera_scene: SNPE dumpFile w = 2400, h = 1080, orientation = 1, nv21 = 0
08-24 18:53:51.603   946  2131 D MiAILab camera_scene: scene_classify::doClassify Busy:0, proc:0xb400007a77bac288, mProc:0xb400007a77bac288, mComRelease:0, async:1
08-24 18:53:51.605   946  2131 D MiAILab camera_scene: preprocess: resize=0.536865 yuv2bgr=0.054199 rotate=0.125977 sub&scale=1.011963(ms)
08-24 18:53:51.605   946  2131 D MiAILab camera_scene: ENABLE_MOON zoom:0, mIso:3204
08-24 18:53:51.605   946  2131 I android.hardware.camera.provider@2.4-service_64: AIScene:ForwardAISceneNet: orientation:1, flag:=0
08-24 18:53:51.605   946  6279 I MiAILab camera_scene: scene_classify::processThread process release:0, cmd.proc:0xb400007a77bac288, mProc:0xb400007a77bac288, mClassifier:0xb400007a822562c0, busy:1
08-24 18:53:51.606   946  2131 D android.hardware.camera.provider@2.4-service_64: MiAIHDR getCheckerHdrFeatures m_hdrFeatures:0
08-24 18:53:51.606   946  2131 E CHIMIAISCENECHECKER: UpdateMetaData():1411 xiaomi.hdr.hdrFeatures tag query fail
08-24 18:53:51.606   946  2131 E CHIMIAISCENECHECKER: 
08-24 18:53:51.606   946  2131 E CHIMIAISCENECHECKER: hdrFeatures = 0
08-24 18:53:51.606   946  2131 E CHIMIAISCENECHECKER: UpdateMetaData():1446 hdrDeteced = 0
08-24 18:53:51.613  3903  5153 I SarService: Receiver polling >>>> Change receiver mode: off
08-24 18:53:51.614   946 30272 D DirtyCamera: [D][/dirtycamera_api.cpp(049)]:DirtyCameraDetect, image_index:3, image_mean:2.49, image_std:0.60, time_cost:7.89, dirtycamera_time_limit:100.00, dirty_prob:0.208, label:0
08-24 18:53:51.633   946  6279 D MiAILab camera_scene: snpe foward tensor name is MobilenetV1/Predictions:0
08-24 18:53:51.634   946  6279 D MiAILab camera_scene: forwardnet:28.263184
08-24 18:53:51.634   946  6279 D MiAILab camera_scene: scene_classify::set type = 0
08-24 18:53:51.634   946  6279 I MiAILab camera_scene: scene_classify: mHasWideAngleRecommend = false
08-24 18:53:51.634   946  6279 I MiAILab camera_scene: scene_classify: mType:0, mLastScene:0, mSceneCounts:4, mModelType = 3
08-24 18:53:51.663 15894 15923 E VendorTagDescriptor: lookupTag: Tag name 'SuperNightExif' does not exist.
08-24 18:53:51.664 15894 15923 W CameraMetadataJV: Expect face scores and rectangles to be non-null
08-24 18:53:51.664 15894 15923 W CAM_Camera2Module: isParallelQueueFull: isNeedWaitProcess:false
08-24 18:53:51.664 15894 15923 W CameraMetadataJV: Expect face scores and rectangles to be non-null
08-24 18:53:51.739 15894 15923 E VendorTagDescriptor: lookupTag: Tag name 'SuperNightExif' does not exist.
08-24 18:53:51.740 15894 15923 W CameraMetadataJV: Expect face scores and rectangles to be non-null
08-24 18:53:51.740 15894 15923 W CAM_Camera2Module: isParallelQueueFull: isNeedWaitProcess:false
08-24 18:53:51.740 15894 15923 W CameraMetadataJV: Expect face scores and rectangles to be non-null
08-24 18:53:51.781  1684  2182 I SensorService: user found in check list, getPackageName  android.view.OrientationEventListener
08-24 18:53:51.781  1684  2182 I SensorService: user found in check list, getPackageName  android.view.OrientationEventListener
08-24 18:53:51.803 15894 15923 E VendorTagDescriptor: lookupTag: Tag name 'SuperNightExif' does not exist.
08-24 18:53:51.805 15894 15923 W CameraMetadataJV: Expect face scores and rectangles to be non-null
08-24 18:53:51.805 15894 15923 W CAM_Camera2Module: isParallelQueueFull: isNeedWaitProcess:false
08-24 18:53:51.805 15894 15923 W CameraMetadataJV: Expect face scores and rectangles to be non-null
08-24 18:53:51.814  3903  5153 I SarService: Receiver polling >>>> Change receiver mode: off
08-24 18:53:51.876 15894 15923 E VendorTagDescriptor: lookupTag: Tag name 'SuperNightExif' does not exist.
08-24 18:53:51.876 15894 15923 W CameraMetadataJV: Expect face scores and rectangles to be non-null
08-24 18:53:51.876 15894 15923 W CAM_Camera2Module: isParallelQueueFull: isNeedWaitProcess:false
08-24 18:53:51.876 15894 15923 W CameraMetadataJV: Expect face scores and rectangles to be non-null
08-24 18:53:51.918   642   648 E PSITrigger: get PSI events detail failed!! errno=25
08-24 18:53:51.943 15894 16292 V CAM_Decoder: preview frame buffer received... mDecodingCount = 3
08-24 18:53:51.943 15894 16292 V CAM_PreviewImage: convertYUV420888ToNV21: size = 2400x1080, yStride = 2432, uvStride = 2432
08-24 18:53:51.948 15894 15923 E VendorTagDescriptor: lookupTag: Tag name 'SuperNightExif' does not exist.
08-24 18:53:51.949 15894 15923 W CameraMetadataJV: Expect face scores and rectangles to be non-null
08-24 18:53:51.949 15894 15923 W CAM_Camera2Module: isParallelQueueFull: isNeedWaitProcess:false
08-24 18:53:51.949 15894 15923 W CameraMetadataJV: Expect face scores and rectangles to be non-null
08-24 18:53:51.950   946  2131 E CHIMIAISCENECHECKER: checkerStatus=0
08-24 18:53:51.950   946  2131 I MiAILab camera_scene: scene_classify::set = 3
08-24 18:53:51.950   946  2131 I android.hardware.camera.provider@2.4-service_64: AIScene:SetModel cameraId := 0, logicCameraId := 0, type := 102, ModelPath:/vendor/etc/camera/model_back.dlc
08-24 18:53:51.950   946  2131 E CHIMIAISCENECHECKER: ProcessRequest():1068 [ARC_ASD] asd check process req num=6
08-24 18:53:51.950   946  2131 E CHIMIAISCENECHECKER: ProcessRequest():1084 [ARC_ASD] asd dirty detect num=10 processed=3 focused=0 focusDistance:0.233333 first=1
08-24 18:53:51.950   946  2131 D DirtyCamera: [D][/dirtycamera_api.cpp(181)]:dirty camera total time: 0.303955
08-24 18:53:51.950   946  2131 E CHIMIAISCENECHECKER: ProcessRequest():1096 [ARC_ASD] PredictMiImageBuffer m_dirtyresult = 0 2.487232 0.207807 0.599665
08-24 18:53:51.950   946  2131 D android.hardware.camera.provider@2.4-service_64: [mialgo_sd]: gyro:-0.004935 0.000000 0.000216, gyro_status:1  gSensor:0.000000 0.000000 0.000000, gSensor_status:0  aSensor:-0.527181 -0.253008 9.810875, aSensor_status:1
08-24 18:53:51.950   946  2131 D android.hardware.camera.provider@2.4-service_64: [mialgo_sd]: input info, idx:6, facenum:0, gyro: -0.004935 0.000000 0.000216, gyro_status:1, iso:3204.000000, exp:70.000000, cur_ae:0.000000, target_ae:45.000000, is_touch:0, AF_status:1, AE_status:2 orientation:90 AICameraStatus:1 TEST
08-24 18:53:51.951   946  2131 D android.hardware.camera.provider@2.4-service_64: [mialgo_sd]: stableScene:0 movingScene:1  stableCamera:1 movingCamera:0 newStableSceneFlag:1 isHDR:0 hdrType:0 motionDetectionFlag:0 wideAngleRecommendFlag:0
08-24 18:53:51.951   946  2131 D MiAILab camera_scene: scene_classify::doClassify execute
08-24 18:53:51.951   946  2131 D MiAILab camera_scene: SNPE dumpFile w = 2400, h = 1080, orientation = 1, nv21 = 0
08-24 18:53:51.951   946  2131 D MiAILab camera_scene: scene_classify::doClassify Busy:0, proc:0xb400007a77bac288, mProc:0xb400007a77bac288, mComRelease:0, async:1
08-24 18:53:51.952   946  2131 D MiAILab camera_scene: preprocess: resize=0.502197 yuv2bgr=0.048828 rotate=0.116943 sub&scale=0.285889(ms)
08-24 18:53:51.952   946  6279 I MiAILab camera_scene: scene_classify::processThread process release:0, cmd.proc:0xb400007a77bac288, mProc:0xb400007a77bac288, mClassifier:0xb400007a822562c0, busy:1
08-24 18:53:51.955   946  2131 D MiAILab camera_scene: ENABLE_MOON zoom:0, mIso:3204
08-24 18:53:51.955   946  2131 I android.hardware.camera.provider@2.4-service_64: AIScene:ForwardAISceneNet: orientation:1, flag:=0
08-24 18:53:51.956   946  2131 D android.hardware.camera.provider@2.4-service_64: MiAIHDR getCheckerHdrFeatures m_hdrFeatures:0
08-24 18:53:51.956   946  2131 E CHIMIAISCENECHECKER: UpdateMetaData():1411 xiaomi.hdr.hdrFeatures tag query fail
08-24 18:53:51.956   946  2131 E CHIMIAISCENECHECKER: 
08-24 18:53:51.956   946  2131 E CHIMIAISCENECHECKER: hdrFeatures = 0
08-24 18:53:51.956   946  2131 E CHIMIAISCENECHECKER: UpdateMetaData():1446 hdrDeteced = 0
08-24 18:53:51.962 15894 16292 D CAM_PreviewImage: PreviewDecodeManager convertYUV420ToNV21: cost = 19ms
08-24 18:53:51.962 15894 17473 D CAM_QrDecoder: decode E: previewImage is null? false
08-24 18:53:51.973   946 30273 D DirtyCamera: [D][/dirtycamera_api.cpp(049)]:DirtyCameraDetect, image_index:4, image_mean:2.50, image_std:0.60, time_cost:20.12, dirtycamera_time_limit:100.00, dirty_prob:0.173, label:0
08-24 18:53:51.976  1684  2182 I SensorService: user found in check list, getPackageName  android.view.OrientationEventListener
08-24 18:53:51.976  1684  2182 I SensorService: user found in check list, getPackageName  android.view.OrientationEventListener
08-24 18:53:51.980   946  6279 D MiAILab camera_scene: snpe foward tensor name is MobilenetV1/Predictions:0
08-24 18:53:51.980   946  6279 D MiAILab camera_scene: forwardnet:27.473145
08-24 18:53:51.980   946  6279 D MiAILab camera_scene: scene_classify::set type = 0
08-24 18:53:51.980   946  6279 I MiAILab camera_scene: scene_classify: mHasWideAngleRecommend = false
08-24 18:53:51.980   946  6279 I MiAILab camera_scene: scene_classify: mType:0, mLastScene:0, mSceneCounts:5, mModelType = 3
08-24 18:53:51.990 15894 17473 W CAM_QrDecoder: decode: failed...  
08-24 18:53:51.991 15894 15894 D CAM_QrDecoder: decode X: result = 
08-24 18:53:52.014 15894 15923 E VendorTagDescriptor: lookupTag: Tag name 'SuperNightExif' does not exist.
08-24 18:53:52.014  3903  5153 I SarService: Receiver polling >>>> Change receiver mode: off
08-24 18:53:52.015 15894 15923 W CameraMetadataJV: Expect face scores and rectangles to be non-null
08-24 18:53:52.015 15894 15923 W CAM_Camera2Module: isParallelQueueFull: isNeedWaitProcess:false
08-24 18:53:52.015 15894 15923 W CameraMetadataJV: Expect face scores and rectangles to be non-null
08-24 18:53:52.078 22030 22112 E ServiceScheduleManager: Enter loop()!!! is sync = 
08-24 18:53:52.081 15894 15923 E VendorTagDescriptor: lookupTag: Tag name 'SuperNightExif' does not exist.
08-24 18:53:52.081 15894 15923 W CameraMetadataJV: Expect face scores and rectangles to be non-null
08-24 18:53:52.081 15894 15923 W CAM_Camera2Module: isParallelQueueFull: isNeedWaitProcess:false
08-24 18:53:52.081 15894 15923 W CameraMetadataJV: Expect face scores and rectangles to be non-null
08-24 18:53:52.147  8215  8513 V WpsSnapshotTag: FileOverTimeHeart is running; isBindScuess false
08-24 18:53:52.147  8215  8513 V WpsSnapshotTag: FileOverTimeHeart is running; running Task size is 0; mIsNeedOverTimeHeart is true
08-24 18:53:52.151 15894 15923 E VendorTagDescriptor: lookupTag: Tag name 'SuperNightExif' does not exist.
08-24 18:53:52.152 15894 15923 W CameraMetadataJV: Expect face scores and rectangles to be non-null
08-24 18:53:52.152 15894 15923 W CAM_Camera2Module: isParallelQueueFull: isNeedWaitProcess:false
08-24 18:53:52.152 15894 15923 W CameraMetadataJV: Expect face scores and rectangles to be non-null
08-24 18:53:52.173  1684  2182 I SensorService: user found in check list, getPackageName  android.view.OrientationEventListener
08-24 18:53:52.173  1684  2182 I SensorService: user found in check list, getPackageName  android.view.OrientationEventListener
08-24 18:53:52.215  3903  5153 I SarService: Receiver polling >>>> Change receiver mode: off
08-24 18:53:52.223 15894 15923 E VendorTagDescriptor: lookupTag: Tag name 'SuperNightExif' does not exist.
08-24 18:53:52.224 15894 15923 W CameraMetadataJV: Expect face scores and rectangles to be non-null
08-24 18:53:52.224 15894 15923 W CAM_Camera2Module: isParallelQueueFull: isNeedWaitProcess:false
08-24 18:53:52.224 15894 15923 W CameraMetadataJV: Expect face scores and rectangles to be non-null
08-24 18:53:52.230  2307  2755 D NetworkController.MobileSignalController(1): onSignalStrengthsChanged: SignalStrength:{mCdma=CellSignalStrengthCdma: cdmaDbm=2147483647 cdmaEcio=2147483647 evdoDbm=2147483647 evdoEcio=2147483647 evdoSnr=2147483647 miuiLevel=0 level=0,mGsm=CellSignalStrengthGsm: rssi=2147483647 ber=2147483647 mTa=2147483647 miuiLevel=0 mLevel=0,mWcdma=CellSignalStrengthWcdma: ss=2147483647 ber=2147483647 rscp=2147483647 ecno=2147483647 miuiLevel=0 level=0,mTdscdma=CellSignalStrengthTdscdma: rssi=2147483647 ber=2147483647 rscp=2147483647 miuiLevel=0 level=0,mLte=CellSignalStrengthLte: rssi=-57 rsrp=-87 rsrq=-12 rssnr=11 cqi=2147483647 ta=2147483647 miuiLevel=5 level=4 parametersUseForLevel=0,mNr=CellSignalStrengthNr:{ csiRsrp = 2147483647 csiRsrq = 2147483647 csiSinr = 2147483647 ssRsrp = 2147483647 ssRsrq = 2147483647 ssSinr = 2147483647 miuiLevel = 0 level = 0 parametersUseForLevel = 0 },primary=CellSignalStrengthLte}
08-24 18:53:52.230  2307  2755 D NetworkController.MobileSignalController(1): 4G level = 5
08-24 18:53:52.294 15894 15923 E VendorTagDescriptor: lookupTag: Tag name 'SuperNightExif' does not exist.
08-24 18:53:52.295 15894 15923 W CameraMetadataJV: Expect face scores and rectangles to be non-null
08-24 18:53:52.295 15894 15923 W CAM_Camera2Module: isParallelQueueFull: isNeedWaitProcess:false
08-24 18:53:52.295 15894 15923 W CameraMetadataJV: Expect face scores and rectangles to be non-null
08-24 18:53:52.295   946  2133 E CHIMIAISCENECHECKER: checkerStatus=0
08-24 18:53:52.295   946  2133 I MiAILab camera_scene: scene_classify::set = 3
08-24 18:53:52.295   946  2133 I android.hardware.camera.provider@2.4-service_64: AIScene:SetModel cameraId := 0, logicCameraId := 0, type := 102, ModelPath:/vendor/etc/camera/model_back.dlc
08-24 18:53:52.295   946  2133 E CHIMIAISCENECHECKER: ProcessRequest():1068 [ARC_ASD] asd check process req num=7
08-24 18:53:52.295   946  2133 E CHIMIAISCENECHECKER: ProcessRequest():1084 [ARC_ASD] asd dirty detect num=10 processed=4 focused=0 focusDistance:9.750297 first=1
08-24 18:53:52.296   946  2133 D DirtyCamera: [D][/dirtycamera_api.cpp(181)]:dirty camera total time: 0.348145
08-24 18:53:52.296   946  2133 E CHIMIAISCENECHECKER: ProcessRequest():1096 [ARC_ASD] PredictMiImageBuffer m_dirtyresult = 0 2.502857 0.173126 0.597739
08-24 18:53:52.296   946  2133 D android.hardware.camera.provider@2.4-service_64: [mialgo_sd]: gyro:-0.004935 0.000000 0.000216, gyro_status:1  gSensor:0.000000 0.000000 0.000000, gSensor_status:0  aSensor:-0.536757 -0.253008 9.827634, aSensor_status:1
08-24 18:53:52.296   946  2133 D android.hardware.camera.provider@2.4-service_64: [mialgo_sd]: input info, idx:7, facenum:0, gyro: -0.004935 0.000000 0.000216, gyro_status:1, iso:3204.000000, exp:70.000000, cur_ae:0.000000, target_ae:45.000000, is_touch:0, AF_status:1, AE_status:2 orientation:90 AICameraStatus:1 TEST
08-24 18:53:52.297   946  2133 D android.hardware.camera.provider@2.4-service_64: [mialgo_sd]: stableScene:0 movingScene:1  stableCamera:1 movingCamera:0 newStableSceneFlag:1 isHDR:0 hdrType:0 motionDetectionFlag:0 wideAngleRecommendFlag:0
08-24 18:53:52.297   946  2133 D MiAILab camera_scene: scene_classify::doClassify execute
08-24 18:53:52.297   946  2133 D MiAILab camera_scene: ENABLE_MOON zoom:0, mIso:3204
08-24 18:53:52.297   946  2133 I android.hardware.camera.provider@2.4-service_64: AIScene:ForwardAISceneNet: orientation:1, flag:=0
08-24 18:53:52.299   946  2133 D android.hardware.camera.provider@2.4-service_64: MiAIHDR getCheckerHdrFeatures m_hdrFeatures:0
08-24 18:53:52.299   946  2133 E CHIMIAISCENECHECKER: UpdateMetaData():1411 xiaomi.hdr.hdrFeatures tag query fail
08-24 18:53:52.299   946  2133 E CHIMIAISCENECHECKER: 
08-24 18:53:52.299   946  2133 E CHIMIAISCENECHECKER: hdrFeatures = 0
08-24 18:53:52.299   946  2133 E CHIMIAISCENECHECKER: UpdateMetaData():1446 hdrDeteced = 0
08-24 18:53:52.308   946 30274 D DirtyCamera: [D][/dirtycamera_api.cpp(049)]:DirtyCameraDetect, image_index:5, image_mean:2.54, image_std:0.61, time_cost:7.35, dirtycamera_time_limit:100.00, dirty_prob:0.184, label:0
08-24 18:53:52.366 15894 15923 E VendorTagDescriptor: lookupTag: Tag name 'SuperNightExif' does not exist.
08-24 18:53:52.366 15894 15923 W CameraMetadataJV: Expect face scores and rectangles to be non-null
08-24 18:53:52.366 15894 15923 W CAM_Camera2Module: isParallelQueueFull: isNeedWaitProcess:false
08-24 18:53:52.366 15894 15923 W CameraMetadataJV: Expect face scores and rectangles to be non-null
08-24 18:53:52.369  1684  2182 I SensorService: user found in check list, getPackageName  android.view.OrientationEventListener
08-24 18:53:52.369  1684  2182 I SensorService: user found in check list, getPackageName  android.view.OrientationEventListener
08-24 18:53:52.413  2533  2883 D GestureStubView: onTouch ACTION_DOWN sendMessageDelayed MSG_CHECK_GESTURE_STUB_TOUCHABLE
08-24 18:53:52.413  2533  2883 D GesturesBackController: onPointerEvent swipeStatus:16
08-24 18:53:52.413  2533  2883 D GesturesBackController: mSwipeStatus == SWIPE_STATUS_ANIMATING, processPointerEvent
08-24 18:53:52.414   975   975 I ANDR-PERF-LM: LMPerfGlue: perfmodule_submit_request() 132: perfmodule_submit_request()
08-24 18:53:52.414   975   975 I ANDR-PERF-LM: Core: getInstance() 84: LM getInstance
08-24 18:53:52.414   975   975 I ANDR-PERF-LM: WQ: push() 59: LMTriggerQ push() size=0
08-24 18:53:52.414   975   975 I ANDR-PERF-LM: WQ: push() 61: LMTriggerQ push() done size=1
08-24 18:53:52.414   975  1013 E ANDR-PERF-UTIL: Failed to update node /proc/sys/kernel/sched_group_upmigrate with value 80
08-24 18:53:52.414   975  1013 E ANDR-PERF-RESOURCEQS: Failed to apply next pending optimization [3, 21]
08-24 18:53:52.414   975  1014 I ANDR-PERF-LM: WQ: pop() 42: LMTriggerQ pop() done size=0
08-24 18:53:52.414   975  1014 I ANDR-PERF-LM: Core: lmMain() 381: Calling runAsync for GameOptimization
08-24 18:53:52.414   975  1014 I ANDR-PERF-LM: Core: lmMain() 391: runAsync for GameOptimization returned
08-24 18:53:52.414   975  1014 I ANDR-PERF-LM: Core: lmMain() 381: Calling runAsync for PreKill
08-24 18:53:52.414   975  1014 W ANDR-PERF-LM: FeatureState: readState() 149: warning: appName is NULL, returning default State
08-24 18:53:52.414   975  1014 I ANDR-PERF-LM: MetaMeter: isValidAsync() 194: AsyncInfo: hintID = 4163
08-24 18:53:52.414   975  1014 I ANDR-PERF-LM: hintType: -1
08-24 18:53:52.414   975  1014 I ANDR-PERF-LM: isPrimary = 0
08-24 18:53:52.414   975  1014 I ANDR-PERF-LM: MetaMeter: isValidAsync() 199: (hintID,hintType,Primary) = (4163, -1, 0)
08-24 18:53:52.414   975  1014 W ANDR-PERF-LM: FeatureState: readState() 149: warning: appName is NULL, returning default State
08-24 18:53:52.414   975  1014 I ANDR-PERF-LM: MetaMeter: handleAsync() 173: PreKill MetaMeter handleAsync start() Entry
08-24 18:53:52.414   975  1014 I ANDR-PERF-LM: MetaMeter: isPrimaryASync() 188: (hintID,hintType,Primary) = (4163, -1, 0)
08-24 18:53:52.414   975  1014 W ANDR-PERF-LM: MetaMeter: handleSecondaryAsync() 149: PreKill MetaMeterThread start(). No MeterMgr Available to handle this Secondary/Data Async. !!!! 
08-24 18:53:52.414   975  1014 I ANDR-PERF-LM: MetaMeter: handleAsync() 189: PreKill MetaMeter handleAsync End() Exit
08-24 18:53:52.414   975  1014 I ANDR-PERF-LM: Core: lmMain() 391: runAsync for PreKill returned
08-24 18:53:52.414   975  1014 I ANDR-PERF-LM: Core: lmMain() 381: Calling runAsync for AdaptLaunch
08-24 18:53:52.414   975  1014 I ANDR-PERF-LM: Core: lmMain() 391: runAsync for AdaptLaunch returned
08-24 18:53:52.414   975  1014 I ANDR-PERF-LM: Core: lmMain() 373: Waiting on trigger Queue
08-24 18:53:52.414   975  1014 I ANDR-PERF-LM: WQ: pop() 31: LMTriggerQ pop() size=0
08-24 18:53:52.415  3903  5153 I SarService: Receiver polling >>>> Change receiver mode: off
08-24 18:53:52.421  2533  2883 D GesturesBackController: onPointerEvent swipeStatus:8
08-24 18:53:52.421  2533  2883 D GestureStubView: onSwipeStart: needAnimation: true
08-24 18:53:52.422  2533  2883 D GestureStubView: renderView
