--------- beginning of main
08-24 18:53:01.799  3903  5153 I chatty  : uid=1001(radio) Thread-5 expire 1 line
08-24 18:53:01.999  3903  5153 I SarService: Receiver polling >>>> Change receiver mode: off
08-24 18:53:02.093  8215  8513 V WpsSnapshotTag: FileOverTimeHeart is running; isBindScuess false
08-24 18:53:02.093  8215  8513 V WpsSnapshotTag: FileOverTimeHeart is running; running Task size is 0; mIsNeedOverTimeHeart is true
08-24 18:53:02.199  3903  5153 I SarService: Receiver polling >>>> Change receiver mode: off
08-24 18:53:02.600  3903  5153 I chatty  : uid=1001(radio) Thread-5 identical 2 lines
08-24 18:53:02.800  3903  5153 I SarService: Receiver polling >>>> Change receiver mode: off
08-24 18:53:02.845  6161  6531 D PowerCheckerService: onBatteryChanged, mBatteryLevel = 75, status = 2, level = 75, plug = 1, scale = 100
08-24 18:53:02.845  4658  4658 I BatteryInfoReceiver: ACTION_BATTERY_CHANGED
08-24 18:53:02.847  2307  2307 D KeyguardUpdateMonitor: received broadcast android.intent.action.BATTERY_CHANGED
08-24 18:53:02.847  2761  2761 D DeviceStatisticsService: chargerType=1 batteryLevel=75 totalBatteryCapacity=5077000
08-24 18:53:02.847  2761  2761 D DeviceInfoHidlClient: isPowerInfoNeverSent()=true
08-24 18:53:03.001  3903  5153 I SarService: Receiver polling >>>> Change receiver mode: off
08-24 18:53:03.121   979  6499 I vendor.qti.hardware.servicetracker@1.2-service: unbindService is called for service : com.google.android.gms/.chimera.GmsBoundBrokerService and for client com.android.chrome
08-24 18:53:03.121   979  6499 I vendor.qti.hardware.servicetracker@1.2-service: size of client connections for client: com.android.chromeafter removal is 10
08-24 18:53:03.201  3903  5153 I SarService: Receiver polling >>>> Change receiver mode: off
08-24 18:53:03.372   979  6499 I vendor.qti.hardware.servicetracker@1.2-service: bindService is called for service : com.google.android.gms/.chimera.PersistentDirectBootAwareApiService and for client com.google.android.gm
08-24 18:53:03.372   979  6499 I vendor.qti.hardware.servicetracker@1.2-service: total connections for service : com.google.android.gms/.chimera.PersistentDirectBootAwareApiServiceare :8
08-24 18:53:03.372   979  6499 I vendor.qti.hardware.servicetracker@1.2-service: total connections for client : com.google.android.gmare :5
08-24 18:53:03.401  3903  5153 I SarService: Receiver polling >>>> Change receiver mode: off
08-24 18:53:03.603  3903  5153 I SarService: Receiver polling >>>> Change receiver mode: off
08-24 18:53:03.616  8215  8513 V WpsSnapshotTag: FileOverTimeHeart is running; isBindScuess false
08-24 18:53:03.616  8215  8513 V WpsSnapshotTag: FileOverTimeHeart is running; running Task size is 0; mIsNeedOverTimeHeart is true
08-24 18:53:03.619 22030 22112 E ServiceScheduleManager: Enter loop()!!! is sync = 
08-24 18:53:03.701  1684  4099 W ActivityHelper: Unable to access /d/ion/heaps/system: No such file or directory
08-24 18:53:03.701  1684  4099 W ActivityHelper: Unable to access /d/ion/ion_mm_heap: No such file or directory
08-24 18:53:03.803  3903  5153 I SarService: Receiver polling >>>> Change receiver mode: off
08-24 18:53:04.004  3903  5153 I chatty  : uid=1001(radio) Thread-5 identical 1 line
08-24 18:53:04.204  3903  5153 I SarService: Receiver polling >>>> Change receiver mode: off
08-24 18:53:04.324  4109  4109 I GsaVoiceInteractionSrv: #checkDspStatus
08-24 18:53:04.325  4109  4109 I GsaVoiceInteractionSrv: DSP available
08-24 18:53:04.404  3903  5153 I SarService: Receiver polling >>>> Change receiver mode: off
08-24 18:53:04.805  3903  5153 I chatty  : uid=1001(radio) Thread-5 identical 2 lines
08-24 18:53:05.005  3903  5153 I SarService: Receiver polling >>>> Change receiver mode: off
08-24 18:53:05.117  8215  8513 V WpsSnapshotTag: FileOverTimeHeart is running; isBindScuess false
08-24 18:53:05.117  8215  8513 V WpsSnapshotTag: FileOverTimeHeart is running; running Task size is 0; mIsNeedOverTimeHeart is true
08-24 18:53:05.206  3903  5153 I SarService: Receiver polling >>>> Change receiver mode: off
08-24 18:53:05.244  1684  1924 D CompatibilityInfo: mCompatibilityFlags - 0
08-24 18:53:05.244  1684  1924 D CompatibilityInfo: applicationDensity - 440
08-24 18:53:05.244  1684  1924 D CompatibilityInfo: applicationScale - 1.0
08-24 18:53:05.246  1684  2221 I MiuiNetworkPolicy: updateUidState uid = 10023, uidState = 11
08-24 18:53:05.246 22030 22030 E c_receiver: com.bytedance.applog.collector.Collector
08-24 18:53:05.247 22030 22112 E c_receiver: com.bytedance.applog.collector.Collector
08-24 18:53:05.247 22030 22112 E c_receiver: com.bytedance.applog.collector.Collector
08-24 18:53:05.247 22030 22112 E MessageHandleUtils: Success handle delay message 113!
08-24 18:53:05.249 22030 22112 E AsyncScheduleCenter: Handle message { when=-2d1h20m53s941ms what=113 arg2=1000089 obj=ReceiverData{intent=Intent { flg=0x10 cmp=com.larksuite.suite/com.bytedance.applog.collector.Collector (has extras) } packageName=com.larksuite.suite resultCode=-1 resultData=null resultExtras=null} target=android.app.ActivityThread$H }
08-24 18:53:05.254  1684  2221 I MiuiNetworkPolicy: updateUidState uid = 10023, uidState = 16
08-24 18:53:05.407  3903  5153 I SarService: Receiver polling >>>> Change receiver mode: off
08-24 18:53:05.608  3903  5153 I SarService: Receiver polling >>>> Change receiver mode: off
08-24 18:53:05.622 22030 22112 E ServiceScheduleManager: Enter loop()!!! is sync = 
08-24 18:53:05.809  3903  5153 I SarService: Receiver polling >>>> Change receiver mode: off
08-24 18:53:06.410  3903  5153 I chatty  : uid=1001(radio) Thread-5 identical 3 lines
08-24 18:53:06.612  3903  5153 I SarService: Receiver polling >>>> Change receiver mode: off
08-24 18:53:06.622  8215  8513 V WpsSnapshotTag: FileOverTimeHeart is running; isBindScuess false
08-24 18:53:06.622  8215  8513 V WpsSnapshotTag: FileOverTimeHeart is running; running Task size is 0; mIsNeedOverTimeHeart is true
08-24 18:53:06.812  3903  5153 I SarService: Receiver polling >>>> Change receiver mode: off
08-24 18:53:07.415  3903  5153 I chatty  : uid=1001(radio) Thread-5 identical 3 lines
08-24 18:53:07.615  3903  5153 I SarService: Receiver polling >>>> Change receiver mode: off
08-24 18:53:07.638 22030 22112 E ServiceScheduleManager: Enter loop()!!! is sync = 
08-24 18:53:07.816  3903  5153 I SarService: Receiver polling >>>> Change receiver mode: off
08-24 18:53:08.017  3903  5153 I SarService: Receiver polling >>>> Change receiver mode: off
08-24 18:53:08.136  8215  8513 V WpsSnapshotTag: FileOverTimeHeart is running; isBindScuess false
08-24 18:53:08.137  8215  8513 V WpsSnapshotTag: FileOverTimeHeart is running; running Task size is 0; mIsNeedOverTimeHeart is true
08-24 18:53:08.218  3903  5153 I SarService: Receiver polling >>>> Change receiver mode: off
08-24 18:53:08.419  3903  5153 I chatty  : uid=1001(radio) Thread-5 identical 1 line
08-24 18:53:08.619  3903  5153 I SarService: Receiver polling >>>> Change receiver mode: off
08-24 18:53:08.705  1684  4099 W ActivityHelper: Unable to access /d/ion/heaps/system: No such file or directory
08-24 18:53:08.705  1684  4099 W ActivityHelper: Unable to access /d/ion/ion_mm_heap: No such file or directory
08-24 18:53:08.819  3903  5153 I SarService: Receiver polling >>>> Change receiver mode: off
08-24 18:53:09.222  3903  5153 I chatty  : uid=1001(radio) Thread-5 identical 2 lines
08-24 18:53:09.422  3903  5153 I SarService: Receiver polling >>>> Change receiver mode: off
08-24 18:53:09.474  2307  2531 D NetworkController.MobileSignalController(1): updateDataType mSelectedDataTypeIcon[0]=2131233181, mSelectedDataActivityIndex=6
08-24 18:53:09.475  2307  2531 D TelephonyIcons: getSignalStrengthIcon: slot=0, inetCondition=1, level=5, roaming=false, signalstrength=SignalStrength:{mCdma=CellSignalStrengthCdma: cdmaDbm=2147483647 cdmaEcio=2147483647 evdoDbm=2147483647 evdoEcio=2147483647 evdoSnr=2147483647 miuiLevel=0 level=0,mGsm=CellSignalStrengthGsm: rssi=2147483647 ber=2147483647 mTa=2147483647 miuiLevel=0 mLevel=0,mWcdma=CellSignalStrengthWcdma: ss=2147483647 ber=2147483647 rscp=2147483647 ecno=2147483647 miuiLevel=0 level=0,mTdscdma=CellSignalStrengthTdscdma: rssi=2147483647 ber=2147483647 rscp=2147483647 miuiLevel=0 level=0,mLte=CellSignalStrengthLte: rssi=-61 rsrp=-87 rsrq=-10 rssnr=13 cqi=2147483647 ta=2147483647 miuiLevel=5 level=4 parametersUseForLevel=0,mNr=CellSignalStrengthNr:{ csiRsrp = 2147483647 csiRsrq = 2147483647 csiSinr = 2147483647 ssRsrp = 2147483647 ssRsrq = 2147483647 ssSinr = 2147483647 miuiLevel = 0 level = 0 parametersUseForLevel = 0 },primary=CellSignalStrengthLte}
08-24 18:53:09.475  2307  2531 D TelephonyIcons: null signal icon name: drawable/stat_sys_signal_null
08-24 18:53:09.475  2307  2531 D TelephonyIcons: getDataTypeIcon sub=0
08-24 18:53:09.479  2307  2307 D SignalClusterView: updateMobileTypeImage  0
08-24 18:53:09.482  2307  2307 I chatty  : uid=1000(system) com.android.systemui identical 6 lines
08-24 18:53:09.482  2307  2307 D SignalClusterView: updateMobileTypeImage  0
08-24 18:53:09.511  2307  2531 D NetworkController.MobileSignalController(1): updateDataType mSelectedDataTypeIcon[0]=2131233181, mSelectedDataActivityIndex=6
08-24 18:53:09.512  2307  2531 D TelephonyIcons: getSignalStrengthIcon: slot=0, inetCondition=1, level=5, roaming=false, signalstrength=SignalStrength:{mCdma=CellSignalStrengthCdma: cdmaDbm=2147483647 cdmaEcio=2147483647 evdoDbm=2147483647 evdoEcio=2147483647 evdoSnr=2147483647 miuiLevel=0 level=0,mGsm=CellSignalStrengthGsm: rssi=2147483647 ber=2147483647 mTa=2147483647 miuiLevel=0 mLevel=0,mWcdma=CellSignalStrengthWcdma: ss=2147483647 ber=2147483647 rscp=2147483647 ecno=2147483647 miuiLevel=0 level=0,mTdscdma=CellSignalStrengthTdscdma: rssi=2147483647 ber=2147483647 rscp=2147483647 miuiLevel=0 level=0,mLte=CellSignalStrengthLte: rssi=-61 rsrp=-87 rsrq=-10 rssnr=13 cqi=2147483647 ta=2147483647 miuiLevel=5 level=4 parametersUseForLevel=0,mNr=CellSignalStrengthNr:{ csiRsrp = 2147483647 csiRsrq = 2147483647 csiSinr = 2147483647 ssRsrp = 2147483647 ssRsrq = 2147483647 ssSinr = 2147483647 miuiLevel = 0 level = 0 parametersUseForLevel = 0 },primary=CellSignalStrengthLte}
08-24 18:53:09.512  2307  2531 D TelephonyIcons: null signal icon name: drawable/stat_sys_signal_null
08-24 18:53:09.512  2307  2531 D TelephonyIcons: getDataTypeIcon sub=0
08-24 18:53:09.515  2307  2307 D SignalClusterView: updateMobileTypeImage  0
08-24 18:53:09.517  2307  2307 I chatty  : uid=1000(system) com.android.systemui identical 6 lines
08-24 18:53:09.517  2307  2307 D SignalClusterView: updateMobileTypeImage  0
08-24 18:53:09.623  3903  5153 I SarService: Receiver polling >>>> Change receiver mode: off
08-24 18:53:09.651  8215  8513 V WpsSnapshotTag: FileOverTimeHeart is running; isBindScuess false
08-24 18:53:09.651 22030 22112 E ServiceScheduleManager: Enter loop()!!! is sync = 
08-24 18:53:09.651  8215  8513 V WpsSnapshotTag: FileOverTimeHeart is running; running Task size is 0; mIsNeedOverTimeHeart is true
08-24 18:53:09.823  3903  5153 I SarService: Receiver polling >>>> Change receiver mode: off
08-24 18:53:10.832  3903  5153 I chatty  : uid=1001(radio) Thread-5 identical 5 lines
08-24 18:53:11.032  3903  5153 I SarService: Receiver polling >>>> Change receiver mode: off
08-24 18:53:11.152  8215  8513 V WpsSnapshotTag: FileOverTimeHeart is running; isBindScuess false
08-24 18:53:11.153  8215  8513 V WpsSnapshotTag: FileOverTimeHeart is running; running Task size is 0; mIsNeedOverTimeHeart is true
08-24 18:53:11.234  3903  5153 I SarService: Receiver polling >>>> Change receiver mode: off
08-24 18:53:11.435  3903  5153 I chatty  : uid=1001(radio) Thread-5 identical 1 line
08-24 18:53:11.636  3903  5153 I SarService: Receiver polling >>>> Change receiver mode: off
08-24 18:53:11.688 22030 22112 E ServiceScheduleManager: Enter loop()!!! is sync = 
08-24 18:53:11.837  3903  5153 I SarService: Receiver polling >>>> Change receiver mode: off
08-24 18:53:12.038  3903  5153 I SarService: Receiver polling >>>> Change receiver mode: off
08-24 18:53:12.082  2307  2531 D NetworkController.MobileSignalController(1): updateDataType mSelectedDataTypeIcon[0]=2131233181, mSelectedDataActivityIndex=6
08-24 18:53:12.082  2307  2531 D TelephonyIcons: getSignalStrengthIcon: slot=0, inetCondition=1, level=5, roaming=false, signalstrength=SignalStrength:{mCdma=CellSignalStrengthCdma: cdmaDbm=2147483647 cdmaEcio=2147483647 evdoDbm=2147483647 evdoEcio=2147483647 evdoSnr=2147483647 miuiLevel=0 level=0,mGsm=CellSignalStrengthGsm: rssi=2147483647 ber=2147483647 mTa=2147483647 miuiLevel=0 mLevel=0,mWcdma=CellSignalStrengthWcdma: ss=2147483647 ber=2147483647 rscp=2147483647 ecno=2147483647 miuiLevel=0 level=0,mTdscdma=CellSignalStrengthTdscdma: rssi=2147483647 ber=2147483647 rscp=2147483647 miuiLevel=0 level=0,mLte=CellSignalStrengthLte: rssi=-61 rsrp=-87 rsrq=-10 rssnr=13 cqi=2147483647 ta=2147483647 miuiLevel=5 level=4 parametersUseForLevel=0,mNr=CellSignalStrengthNr:{ csiRsrp = 2147483647 csiRsrq = 2147483647 csiSinr = 2147483647 ssRsrp = 2147483647 ssRsrq = 2147483647 ssSinr = 2147483647 miuiLevel = 0 level = 0 parametersUseForLevel = 0 },primary=CellSignalStrengthLte}
08-24 18:53:12.083  2307  2531 D TelephonyIcons: null signal icon name: drawable/stat_sys_signal_null
08-24 18:53:12.083  2307  2531 D TelephonyIcons: getDataTypeIcon sub=0
08-24 18:53:12.086  2307  2307 D SignalClusterView: updateMobileTypeImage  0
08-24 18:53:12.089  2307  2307 I chatty  : uid=1000(system) com.android.systemui identical 6 lines
08-24 18:53:12.089  2307  2307 D SignalClusterView: updateMobileTypeImage  0
08-24 18:53:12.128  2307  2531 D NetworkController.MobileSignalController(1): updateDataType mSelectedDataTypeIcon[0]=2131233181, mSelectedDataActivityIndex=6
08-24 18:53:12.129  2307  2531 D TelephonyIcons: getSignalStrengthIcon: slot=0, inetCondition=1, level=5, roaming=false, signalstrength=SignalStrength:{mCdma=CellSignalStrengthCdma: cdmaDbm=2147483647 cdmaEcio=2147483647 evdoDbm=2147483647 evdoEcio=2147483647 evdoSnr=2147483647 miuiLevel=0 level=0,mGsm=CellSignalStrengthGsm: rssi=2147483647 ber=2147483647 mTa=2147483647 miuiLevel=0 mLevel=0,mWcdma=CellSignalStrengthWcdma: ss=2147483647 ber=2147483647 rscp=2147483647 ecno=2147483647 miuiLevel=0 level=0,mTdscdma=CellSignalStrengthTdscdma: rssi=2147483647 ber=2147483647 rscp=2147483647 miuiLevel=0 level=0,mLte=CellSignalStrengthLte: rssi=-61 rsrp=-87 rsrq=-10 rssnr=13 cqi=2147483647 ta=2147483647 miuiLevel=5 level=4 parametersUseForLevel=0,mNr=CellSignalStrengthNr:{ csiRsrp = 2147483647 csiRsrq = 2147483647 csiSinr = 2147483647 ssRsrp = 2147483647 ssRsrq = 2147483647 ssSinr = 2147483647 miuiLevel = 0 level = 0 parametersUseForLevel = 0 },primary=CellSignalStrengthLte}
08-24 18:53:12.129  2307  2531 D TelephonyIcons: null signal icon name: drawable/stat_sys_signal_null
08-24 18:53:12.129  2307  2531 D TelephonyIcons: getDataTypeIcon sub=0
08-24 18:53:12.133  2307  2307 D SignalClusterView: updateMobileTypeImage  0
08-24 18:53:12.134  2307  2307 I chatty  : uid=1000(system) com.android.systemui identical 6 lines
08-24 18:53:12.135  2307  2307 D SignalClusterView: updateMobileTypeImage  0
08-24 18:53:12.135  2307  2307 D BluetoothController: fireStateChange
08-24 18:53:12.135  2307  2307 D PhoneStatusBarPolicy: updateBluetooth bluetoothEnabled = false bluetoothBattery visible=false
08-24 18:53:12.135  2307  2307 D QSTile.BluetoothTile: onBluetoothStateChange: enabled = false
08-24 18:53:12.138  2307  2531 D QSTile.BluetoothTile: handleUpdateState: mTargetEnable = falsemController.getBluetoothState() = 10
08-24 18:53:12.139  2307  2307 D BluetoothController: fireStateChange
08-24 18:53:12.139  2307  2307 D PhoneStatusBarPolicy: updateBluetooth bluetoothEnabled = false bluetoothBattery visible=false
08-24 18:53:12.139  2307  2307 D QSTile.BluetoothTile: onBluetoothStateChange: enabled = false
08-24 18:53:12.139  2307  2307 I chatty  : uid=1000(system) com.android.systemui identical 1 line
08-24 18:53:12.139  2307  2307 D QSTile.BluetoothTile: onBluetoothStateChange: enabled = false
08-24 18:53:12.146  2307  2531 D QSTile.BluetoothTile: handleUpdateState: mTargetEnable = falsemController.getBluetoothState() = 10
08-24 18:53:12.147  2307  2531 I chatty  : uid=1000(system) SysUiBg identical 4 lines
08-24 18:53:12.147  2307  2531 D QSTile.BluetoothTile: handleUpdateState: mTargetEnable = falsemController.getBluetoothState() = 10
08-24 18:53:12.239  3903  5153 I SarService: Receiver polling >>>> Change receiver mode: off
08-24 18:53:12.439  3903  5153 I chatty  : uid=1001(radio) Thread-5 identical 1 line
08-24 18:53:12.640  3903  5153 I SarService: Receiver polling >>>> Change receiver mode: off
08-24 18:53:12.655  8215  8513 V WpsSnapshotTag: FileOverTimeHeart is running; isBindScuess false
08-24 18:53:12.655  8215  8513 V WpsSnapshotTag: FileOverTimeHeart is running; running Task size is 0; mIsNeedOverTimeHeart is true
08-24 18:53:12.841  3903  5153 I SarService: Receiver polling >>>> Change receiver mode: off
08-24 18:53:13.441  3903  5153 I chatty  : uid=1001(radio) Thread-5 identical 3 lines
08-24 18:53:13.642  3903  5153 I SarService: Receiver polling >>>> Change receiver mode: off
08-24 18:53:13.712  1684  4099 W ActivityHelper: Unable to access /d/ion/heaps/system: No such file or directory
08-24 18:53:13.712  1684  4099 W ActivityHelper: Unable to access /d/ion/ion_mm_heap: No such file or directory
08-24 18:53:13.716 22030 22112 E ServiceScheduleManager: Enter loop()!!! is sync = 
08-24 18:53:13.831  2307  2755 D NetworkController.MobileSignalController(1): onSignalStrengthsChanged: SignalStrength:{mCdma=CellSignalStrengthCdma: cdmaDbm=2147483647 cdmaEcio=2147483647 evdoDbm=2147483647 evdoEcio=2147483647 evdoSnr=2147483647 miuiLevel=0 level=0,mGsm=CellSignalStrengthGsm: rssi=2147483647 ber=2147483647 mTa=2147483647 miuiLevel=0 mLevel=0,mWcdma=CellSignalStrengthWcdma: ss=2147483647 ber=2147483647 rscp=2147483647 ecno=2147483647 miuiLevel=0 level=0,mTdscdma=CellSignalStrengthTdscdma: rssi=2147483647 ber=2147483647 rscp=2147483647 miuiLevel=0 level=0,mLte=CellSignalStrengthLte: rssi=-63 rsrp=-87 rsrq=-7 rssnr=16 cqi=2147483647 ta=2147483647 miuiLevel=5 level=4 parametersUseForLevel=0,mNr=CellSignalStrengthNr:{ csiRsrp = 2147483647 csiRsrq = 2147483647 csiSinr = 2147483647 ssRsrp = 2147483647 ssRsrq = 2147483647 ssSinr = 2147483647 miuiLevel = 0 level = 0 parametersUseForLevel = 0 },primary=CellSignalStrengthLte}
08-24 18:53:13.831  2307  2755 D NetworkController.MobileSignalController(1): 4G level = 5
08-24 18:53:13.843  3903  5153 I SarService: Receiver polling >>>> Change receiver mode: off
08-24 18:53:14.043  3903  5153 I SarService: Receiver polling >>>> Change receiver mode: off
08-24 18:53:14.183  8215  8513 V WpsSnapshotTag: FileOverTimeHeart is running; isBindScuess false
08-24 18:53:14.183  8215  8513 V WpsSnapshotTag: FileOverTimeHeart is running; running Task size is 0; mIsNeedOverTimeHeart is true
08-24 18:53:14.244  3903  5153 I SarService: Receiver polling >>>> Change receiver mode: off
08-24 18:53:15.451  3903  5153 I chatty  : uid=1001(radio) Thread-5 identical 6 lines
08-24 18:53:15.651  3903  5153 I SarService: Receiver polling >>>> Change receiver mode: off
08-24 18:53:15.696  8215  8513 V WpsSnapshotTag: FileOverTimeHeart is running; isBindScuess false
08-24 18:53:15.696  8215  8513 V WpsSnapshotTag: FileOverTimeHeart is running; running Task size is 0; mIsNeedOverTimeHeart is true
08-24 18:53:15.717 22030 22112 E ServiceScheduleManager: Enter loop()!!! is sync = 
08-24 18:53:15.852  3903  5153 I SarService: Receiver polling >>>> Change receiver mode: off
08-24 18:53:16.857  3903  5153 I chatty  : uid=1001(radio) Thread-5 identical 5 lines
08-24 18:53:17.059  3903  5153 I SarService: Receiver polling >>>> Change receiver mode: off
08-24 18:53:17.211  8215  8513 V WpsSnapshotTag: FileOverTimeHeart is running; isBindScuess false
08-24 18:53:17.211  8215  8513 V WpsSnapshotTag: FileOverTimeHeart is running; running Task size is 0; mIsNeedOverTimeHeart is true
08-24 18:53:17.261  3903  5153 I SarService: Receiver polling >>>> Change receiver mode: off
08-24 18:53:17.462  3903  5153 I chatty  : uid=1001(radio) Thread-5 identical 1 line
08-24 18:53:17.662  3903  5153 I SarService: Receiver polling >>>> Change receiver mode: off
08-24 18:53:17.758 22030 22112 E ServiceScheduleManager: Enter loop()!!! is sync = 
08-24 18:53:17.862  3903  5153 I SarService: Receiver polling >>>> Change receiver mode: off
08-24 18:53:18.063  3903  5153 I SarService: Receiver polling >>>> Change receiver mode: off
08-24 18:53:18.083   979  6499 I vendor.qti.hardware.servicetracker@1.2-service: bindService is called for service : com.google.android.gms/.chimera.GmsBoundBrokerService and for client com.android.chrome
08-24 18:53:18.083   979  6499 I vendor.qti.hardware.servicetracker@1.2-service: total connections for service : com.google.android.gms/.chimera.GmsBoundBrokerServiceare :9
08-24 18:53:18.083   979  6499 I vendor.qti.hardware.servicetracker@1.2-service: total connections for client : com.android.chromeare :11
08-24 18:53:18.099  1684  2221 I MiuiNetworkPolicy: updateUidState uid = 99024, uidState = 10
08-24 18:53:18.264  3903  5153 I SarService: Receiver polling >>>> Change receiver mode: off
08-24 18:53:18.437   979  6499 I vendor.qti.hardware.servicetracker@1.2-service: unbindService is called for service : com.google.android.gms/.chimera.PersistentDirectBootAwareApiService and for client com.google.android.gm
08-24 18:53:18.437   979  6499 I vendor.qti.hardware.servicetracker@1.2-service: size of client connections for client: com.google.android.gmafter removal is 4
08-24 18:53:18.439  1684  2221 I MiuiNetworkPolicy: updateUidState uid = 99024, uidState = 13
08-24 18:53:18.464  3903  5153 I SarService: Receiver polling >>>> Change receiver mode: off
08-24 18:53:18.665  3903  5153 I SarService: Receiver polling >>>> Change receiver mode: off
08-24 18:53:18.717  1684  4116 W ActivityHelper: Unable to access /d/ion/heaps/system: No such file or directory
08-24 18:53:18.717  1684  4116 W ActivityHelper: Unable to access /d/ion/ion_mm_heap: No such file or directory
08-24 18:53:18.722  8215  8513 V WpsSnapshotTag: FileOverTimeHeart is running; isBindScuess false
08-24 18:53:18.722  8215  8513 V WpsSnapshotTag: FileOverTimeHeart is running; running Task size is 0; mIsNeedOverTimeHeart is true
08-24 18:53:18.868  3903  5153 I SarService: Receiver polling >>>> Change receiver mode: off
08-24 18:53:18.951  2307  2755 D NetworkController.MobileSignalController(1): onSignalStrengthsChanged: SignalStrength:{mCdma=CellSignalStrengthCdma: cdmaDbm=2147483647 cdmaEcio=2147483647 evdoDbm=2147483647 evdoEcio=2147483647 evdoSnr=2147483647 miuiLevel=0 level=0,mGsm=CellSignalStrengthGsm: rssi=2147483647 ber=2147483647 mTa=2147483647 miuiLevel=0 mLevel=0,mWcdma=CellSignalStrengthWcdma: ss=2147483647 ber=2147483647 rscp=2147483647 ecno=2147483647 miuiLevel=0 level=0,mTdscdma=CellSignalStrengthTdscdma: rssi=2147483647 ber=2147483647 rscp=2147483647 miuiLevel=0 level=0,mLte=CellSignalStrengthLte: rssi=-63 rsrp=-87 rsrq=-9 rssnr=15 cqi=2147483647 ta=2147483647 miuiLevel=5 level=4 parametersUseForLevel=0,mNr=CellSignalStrengthNr:{ csiRsrp = 2147483647 csiRsrq = 2147483647 csiSinr = 2147483647 ssRsrp = 2147483647 ssRsrq = 2147483647 ssSinr = 2147483647 miuiLevel = 0 level = 0 parametersUseForLevel = 0 },primary=CellSignalStrengthLte}
08-24 18:53:18.951  2307  2755 D NetworkController.MobileSignalController(1): 4G level = 5
08-24 18:53:19.070  3903  5153 I SarService: Receiver polling >>>> Change receiver mode: off
08-24 18:53:19.474  3903  5153 I chatty  : uid=1001(radio) Thread-5 identical 2 lines
08-24 18:53:19.674  3903  5153 I SarService: Receiver polling >>>> Change receiver mode: off
08-24 18:53:19.760 22030 22112 E ServiceScheduleManager: Enter loop()!!! is sync = 
08-24 18:53:19.874  3903  5153 I SarService: Receiver polling >>>> Change receiver mode: off
08-24 18:53:20.075  3903  5153 I SarService: Receiver polling >>>> Change receiver mode: off
08-24 18:53:20.235  8215  8513 V WpsSnapshotTag: FileOverTimeHeart is running; isBindScuess false
08-24 18:53:20.235  8215  8513 V WpsSnapshotTag: FileOverTimeHeart is running; running Task size is 0; mIsNeedOverTimeHeart is true
08-24 18:53:20.275  3903  5153 I SarService: Receiver polling >>>> Change receiver mode: off
08-24 18:53:21.079  3903  5153 I chatty  : uid=1001(radio) Thread-5 identical 4 lines
08-24 18:53:21.281  3903  5153 I SarService: Receiver polling >>>> Change receiver mode: off
08-24 18:53:21.353   960   960 I sensors-hal: flush:271, android.sensor.accelerometer/11
08-24 18:53:21.354   960   960 I sensors-hal: flush:277, android.sensor.accelerometer/11 completed
08-24 18:53:21.356   960 10762 I sensors-hal: ssc_conn_resp_cb:651, resp_value = 0
08-24 18:53:21.356   960   960 I sensors-hal: flush:271, android.sensor.gyroscope/41
08-24 18:53:21.356   960   960 I sensors-hal: flush:277, android.sensor.gyroscope/41 completed
08-24 18:53:21.357   960 10773 I sensors-hal: ssc_conn_resp_cb:651, resp_value = 0
08-24 18:53:21.405 28620 30083 W System.err: java.net.UnknownHostException: Unable to resolve host "web.facebook.com": No address associated with hostname
08-24 18:53:21.405 28620 30083 W System.err: 	at java.net.Inet6AddressImpl.lookupHostByName(Inet6AddressImpl.java:156)
08-24 18:53:21.405 28620 30083 W System.err: 	at java.net.Inet6AddressImpl.lookupAllHostAddr(Inet6AddressImpl.java:103)
08-24 18:53:21.405 28620 30083 W System.err: 	at java.net.InetAddress.getAllByName(InetAddress.java:1152)
08-24 18:53:21.405 28620 30083 W System.err: 	at com.android.okhttp.Dns$1.lookup(Dns.java:41)
08-24 18:53:21.405 28620 30083 W System.err: 	at com.android.okhttp.internal.http.RouteSelector.resetNextInetSocketAddress(RouteSelector.java:178)
08-24 18:53:21.405 28620 30083 W System.err: 	at com.android.okhttp.internal.http.RouteSelector.nextProxy(RouteSelector.java:144)
08-24 18:53:21.405 28620 30083 W System.err: 	at com.android.okhttp.internal.http.RouteSelector.next(RouteSelector.java:86)
08-24 18:53:21.405 28620 30083 W System.err: 	at com.android.okhttp.internal.http.StreamAllocation.findConnection(StreamAllocation.java:176)
08-24 18:53:21.406 28620 30083 W System.err: 	at com.android.okhttp.internal.http.StreamAllocation.findHealthyConnection(StreamAllocation.java:128)
08-24 18:53:21.406 28620 30083 W System.err: 	at com.android.okhttp.internal.http.StreamAllocation.newStream(StreamAllocation.java:97)
08-24 18:53:21.406 28620 30083 W System.err: 	at com.android.okhttp.internal.http.HttpEngine.connect(HttpEngine.java:289)
08-24 18:53:21.406 28620 30083 W System.err: 	at com.android.okhttp.internal.http.HttpEngine.sendRequest(HttpEngine.java:232)
08-24 18:53:21.406 28620 30083 W System.err: 	at com.android.okhttp.internal.huc.HttpURLConnectionImpl.execute(HttpURLConnectionImpl.java:465)
08-24 18:53:21.406 28620 30083 W System.err: 	at com.android.okhttp.internal.huc.HttpURLConnectionImpl.connect(HttpURLConnectionImpl.java:131)
08-24 18:53:21.406 28620 30083 W System.err: 	at com.android.okhttp.internal.huc.DelegatingHttpsURLConnection.connect(DelegatingHttpsURLConnection.java:90)
08-24 18:53:21.406 28620 30083 W System.err: 	at com.android.okhttp.internal.huc.HttpsURLConnectionImpl.connect(HttpsURLConnectionImpl.java:30)
08-24 18:53:21.406 28620 30083 W System.err: 	at a.a.bc.xAip.mx.f28_(Unknown Source:4)
08-24 18:53:21.406 28620 30083 W System.err: 	at a.a.bc.GkOSHkvq.GkXtdS.WkXtdSovkQqSH.VHvuuSHWkXtdS(Unknown Source:0)
08-24 18:53:21.406 28620 30083 W System.err: 	at a.a.bc.GkOSHkvq.GkXtdS.WkXtdSovkQqSH.vppSrr_522(Unknown Source:0)
08-24 18:53:21.406 28620 30083 W System.err: 	at a.a.bc.GkOSHkvq.GkXtdS.WkXtdSovkQqSH_3.ZvkQqS(Unknown Source:13)
08-24 18:53:21.406 28620 30083 W System.err: 	at a.a.bc.GkOSHkvq.GkXtdS.WfppSuOovkQqSH_JPqOGuqS.ZvkQqS(Unknown Source:2)
08-24 18:53:21.406 28620 30083 W System.err: 	at a.a.bc.GkOSHkvq.GkXtdS.WkXtdSovkQqSH.VHvuuSH(Unknown Source:47)
08-24 18:53:21.406 28620 30083 W System.err: 	at a.a.bc.GkOSHkvq.GkXtdS.WkXtdSovkQqSH.f20_(Unknown Source:11)
08-24 18:53:21.406 28620 30083 W System.err: 	at a.a.bc.xAip.QN.f20_(Unknown Source:0)
08-24 18:53:21.406 28620 30083 W System.err: 	at a.a.bc.xAip.QN.f0Z_(Unknown Source:5)
08-24 18:53:21.406 28620 30083 W System.err: 	at a.a.bc.xAip.CH.f20_(:35688)
08-24 18:53:21.406 28620 30083 W System.err: 	at a.a.bc.xAip.CH.f2b_(:35867)
08-24 18:53:21.406 28620 30083 W System.err: 	at a.a.bc.xAip.of.f22_(:36400)
08-24 18:53:21.406 28620 30083 W System.err: 	at a.a.bc.xAip.of.doInBackground(:36421)
08-24 18:53:21.406 28620 30083 W System.err: 	at android.os.AsyncTask$3.call(AsyncTask.java:394)
08-24 18:53:21.406 28620 30083 W System.err: 	at java.util.concurrent.FutureTask.run(FutureTask.java:266)
08-24 18:53:21.406 28620 30083 W System.err: 	at java.util.concurrent.ThreadPoolExecutor.runWorker(ThreadPoolExecutor.java:1167)
08-24 18:53:21.406 28620 30083 W System.err: 	at java.util.concurrent.ThreadPoolExecutor$Worker.run(ThreadPoolExecutor.java:641)
08-24 18:53:21.406 28620 30083 W System.err: 	at java.lang.Thread.run(Thread.java:923)
08-24 18:53:21.406 28620 30083 W System.err: Caused by: android.system.GaiException: android_getaddrinfo failed: EAI_NODATA (No address associated with hostname)
08-24 18:53:21.406 28620 30083 W System.err: 	at libcore.io.Linux.android_getaddrinfo(Native Method)
08-24 18:53:21.406 28620 30083 W System.err: 	at libcore.io.ForwardingOs.android_getaddrinfo(ForwardingOs.java:73)
08-24 18:53:21.406 28620 30083 W System.err: 	at libcore.io.BlockGuardOs.android_getaddrinfo(BlockGuardOs.java:202)
08-24 18:53:21.406 28620 30083 W System.err: 	at libcore.io.ForwardingOs.android_getaddrinfo(ForwardingOs.java:73)
08-24 18:53:21.406 28620 30083 W System.err: 	at java.net.Inet6AddressImpl.lookupHostByName(Inet6AddressImpl.java:135)
08-24 18:53:21.406 28620 30083 W System.err: 	... 33 more
08-24 18:53:21.481  3903  5153 I SarService: Receiver polling >>>> Change receiver mode: off
08-24 18:53:21.525   960   960 I sensors-hal: batch:242, android.sensor.accelerometer/11, period=200000000, max_latency=0
08-24 18:53:21.525   960   960 I sensors-hal: set_config:63, sample_period_ns is adjusted to 200000000 based on min/max delay_ns
08-24 18:53:21.525   960   960 I sensors-hal: batch:251, android.sensor.accelerometer/11, period=200000000, max_latency=0 request completed
08-24 18:53:21.527   960   960 I sensors-hal: batch:242, android.sensor.gyroscope/41, period=200000000, max_latency=0
08-24 18:53:21.527   960   960 I sensors-hal: set_config:63, sample_period_ns is adjusted to 200000000 based on min/max delay_ns
08-24 18:53:21.527   960   960 I sensors-hal: batch:251, android.sensor.gyroscope/41, period=200000000, max_latency=0 request completed
08-24 18:53:21.684  3903  5153 I SarService: Receiver polling >>>> Change receiver mode: off
08-24 18:53:21.750  8215  8513 V WpsSnapshotTag: FileOverTimeHeart is running; isBindScuess false
08-24 18:53:21.750  8215  8513 V WpsSnapshotTag: FileOverTimeHeart is running; running Task size is 0; mIsNeedOverTimeHeart is true
08-24 18:53:21.767 22030 22112 E ServiceScheduleManager: Enter loop()!!! is sync = 
08-24 18:53:21.884  3903  5153 I SarService: Receiver polling >>>> Change receiver mode: off
08-24 18:53:22.285  3903  5153 I chatty  : uid=1001(radio) Thread-5 identical 2 lines
08-24 18:53:22.485  3903  5153 I SarService: Receiver polling >>>> Change receiver mode: off
08-24 18:53:22.619  8215  8393 W System.err: java.net.UnknownHostException: Unable to resolve host "www.facebook.com": No address associated with hostname
08-24 18:53:22.620  8215  8393 W System.err: 	at java.net.Inet6AddressImpl.lookupHostByName(Inet6AddressImpl.java:156)
08-24 18:53:22.620  8215  8393 W System.err: 	at java.net.Inet6AddressImpl.lookupAllHostAddr(Inet6AddressImpl.java:103)
08-24 18:53:22.620  8215  8393 W System.err: 	at java.net.InetAddress.getAllByName(InetAddress.java:1152)
08-24 18:53:22.620  8215  8393 W System.err: 	at com.android.okhttp.Dns$1.lookup(Dns.java:41)
08-24 18:53:22.620  8215  8393 W System.err: 	at com.android.okhttp.internal.http.RouteSelector.resetNextInetSocketAddress(RouteSelector.java:178)
08-24 18:53:22.620  8215  8393 W System.err: 	at com.android.okhttp.internal.http.RouteSelector.nextProxy(RouteSelector.java:144)
08-24 18:53:22.620  8215  8393 W System.err: 	at com.android.okhttp.internal.http.RouteSelector.next(RouteSelector.java:86)
08-24 18:53:22.620  8215  8393 W System.err: 	at com.android.okhttp.internal.http.StreamAllocation.findConnection(StreamAllocation.java:176)
08-24 18:53:22.620  8215  8393 W System.err: 	at com.android.okhttp.internal.http.StreamAllocation.findHealthyConnection(StreamAllocation.java:128)
08-24 18:53:22.620  8215  8393 W System.err: 	at com.android.okhttp.internal.http.StreamAllocation.newStream(StreamAllocation.java:97)
08-24 18:53:22.620  8215  8393 W System.err: 	at com.android.okhttp.internal.http.HttpEngine.connect(HttpEngine.java:289)
08-24 18:53:22.620  8215  8393 W System.err: 	at com.android.okhttp.internal.http.HttpEngine.sendRequest(HttpEngine.java:232)
08-24 18:53:22.620  8215  8393 W System.err: 	at com.android.okhttp.internal.huc.HttpURLConnectionImpl.execute(HttpURLConnectionImpl.java:465)
08-24 18:53:22.620  8215  8393 W System.err: 	at com.android.okhttp.internal.huc.HttpURLConnectionImpl.connect(HttpURLConnectionImpl.java:131)
08-24 18:53:22.620  8215  8393 W System.err: 	at com.android.okhttp.internal.huc.DelegatingHttpsURLConnection.connect(DelegatingHttpsURLConnection.java:90)
08-24 18:53:22.620  8215  8393 W System.err: 	at com.android.okhttp.internal.huc.HttpsURLConnectionImpl.connect(HttpsURLConnectionImpl.java:30)
08-24 18:53:22.620  8215  8393 W System.err: 	at com.facebook.ads.redexgen.X.G7.A01(:32509)
08-24 18:53:22.620  8215  8393 W System.err: 	at com.facebook.ads.redexgen.X.G7.A0J(:32672)
08-24 18:53:22.620  8215  8393 W System.err: 	at com.facebook.ads.redexgen.X.GB.A00(:32747)
08-24 18:53:22.620  8215  8393 W System.err: 	at com.facebook.ads.redexgen.X.GB.doInBackground(:32767)
08-24 18:53:22.620  8215  8393 W System.err: 	at android.os.AsyncTask$3.call(AsyncTask.java:394)
08-24 18:53:22.620  8215  8393 W System.err: 	at java.util.concurrent.FutureTask.run(FutureTask.java:266)
08-24 18:53:22.620  8215  8393 W System.err: 	at java.util.concurrent.ThreadPoolExecutor.runWorker(ThreadPoolExecutor.java:1167)
08-24 18:53:22.620  8215  8393 W System.err: 	at java.util.concurrent.ThreadPoolExecutor$Worker.run(ThreadPoolExecutor.java:641)
08-24 18:53:22.620  8215  8393 W System.err: 	at java.lang.Thread.run(Thread.java:923)
08-24 18:53:22.621  8215  8393 W System.err: Caused by: android.system.GaiException: android_getaddrinfo failed: EAI_NODATA (No address associated with hostname)
08-24 18:53:22.621  8215  8393 W System.err: 	at libcore.io.Linux.android_getaddrinfo(Native Method)
08-24 18:53:22.621  8215  8393 W System.err: 	at libcore.io.ForwardingOs.android_getaddrinfo(ForwardingOs.java:73)
08-24 18:53:22.621  8215  8393 W System.err: 	at libcore.io.BlockGuardOs.android_getaddrinfo(BlockGuardOs.java:202)
08-24 18:53:22.621  8215  8393 W System.err: 	at libcore.io.ForwardingOs.android_getaddrinfo(ForwardingOs.java:73)
08-24 18:53:22.621  8215  8393 W System.err: 	at java.net.Inet6AddressImpl.lookupHostByName(Inet6AddressImpl.java:135)
08-24 18:53:22.621  8215  8393 W System.err: 	... 24 more
08-24 18:53:22.687  3903  5153 I SarService: Receiver polling >>>> Change receiver mode: off
08-24 18:53:23.089  3903  5153 I chatty  : uid=1001(radio) Thread-5 identical 2 lines
08-24 18:53:23.292  3903  5153 I SarService: Receiver polling >>>> Change receiver mode: off
08-24 18:53:23.293  8215  8513 V WpsSnapshotTag: FileOverTimeHeart is running; isBindScuess false
08-24 18:53:23.293  8215  8513 V WpsSnapshotTag: FileOverTimeHeart is running; running Task size is 0; mIsNeedOverTimeHeart is true
08-24 18:53:23.495  3903  5153 I SarService: Receiver polling >>>> Change receiver mode: off
08-24 18:53:23.696  3903  5153 I SarService: Receiver polling >>>> Change receiver mode: off
08-24 18:53:23.720  1684  4099 W ActivityHelper: Unable to access /d/ion/heaps/system: No such file or directory
08-24 18:53:23.720  1684  4099 W ActivityHelper: Unable to access /d/ion/ion_mm_heap: No such file or directory
08-24 18:53:23.784 22030 22112 E ServiceScheduleManager: Enter loop()!!! is sync = 
08-24 18:53:23.789 30074 30074 E libmdmdetect: Failed to open /sys/bus/msm_subsys/devices/subsys6/name: Permission denied
08-24 18:53:23.780 30074 30074 W shsusrd : type=1400 audit(0.0:254802): avc: denied { read } for name="name" dev="sysfs" ino=57775 scontext=u:r:vendor_shsusrd:s0 tcontext=u:object_r:sysfs:s0 tclass=file permissive=0
08-24 18:53:23.897  3903  5153 I SarService: Receiver polling >>>> Change receiver mode: off
08-24 18:53:24.497  3903  5153 I chatty  : uid=1001(radio) Thread-5 identical 3 lines
08-24 18:53:24.698  3903  5153 I SarService: Receiver polling >>>> Change receiver mode: off
08-24 18:53:24.828  8215  8513 V WpsSnapshotTag: FileOverTimeHeart is running; isBindScuess false
08-24 18:53:24.829  8215  8513 V WpsSnapshotTag: FileOverTimeHeart is running; running Task size is 0; mIsNeedOverTimeHeart is true
08-24 18:53:24.899  3903  5153 I SarService: Receiver polling >>>> Change receiver mode: off
08-24 18:53:25.504  3903  5153 I chatty  : uid=1001(radio) Thread-5 identical 3 lines
08-24 18:53:25.705  3903  5153 I SarService: Receiver polling >>>> Change receiver mode: off
08-24 18:53:25.820 22030 22112 E ServiceScheduleManager: Enter loop()!!! is sync = 
08-24 18:53:25.907  3903  5153 I SarService: Receiver polling >>>> Change receiver mode: off
08-24 18:53:26.109  3903  5153 I chatty  : uid=1001(radio) Thread-5 identical 1 line
08-24 18:53:26.309  3903  5153 I SarService: Receiver polling >>>> Change receiver mode: off
08-24 18:53:26.338  8215  8513 V WpsSnapshotTag: FileOverTimeHeart is running; isBindScuess false
08-24 18:53:26.338  8215  8513 V WpsSnapshotTag: FileOverTimeHeart is running; running Task size is 0; mIsNeedOverTimeHeart is true
08-24 18:53:26.509  3903  5153 I SarService: Receiver polling >>>> Change receiver mode: off
08-24 18:53:26.632  2307  2755 D NetworkController.MobileSignalController(1): onSignalStrengthsChanged: SignalStrength:{mCdma=CellSignalStrengthCdma: cdmaDbm=2147483647 cdmaEcio=2147483647 evdoDbm=2147483647 evdoEcio=2147483647 evdoSnr=2147483647 miuiLevel=0 level=0,mGsm=CellSignalStrengthGsm: rssi=2147483647 ber=2147483647 mTa=2147483647 miuiLevel=0 mLevel=0,mWcdma=CellSignalStrengthWcdma: ss=2147483647 ber=2147483647 rscp=2147483647 ecno=2147483647 miuiLevel=0 level=0,mTdscdma=CellSignalStrengthTdscdma: rssi=2147483647 ber=2147483647 rscp=2147483647 miuiLevel=0 level=0,mLte=CellSignalStrengthLte: rssi=-63 rsrp=-86 rsrq=-8 rssnr=11 cqi=2147483647 ta=2147483647 miuiLevel=5 level=4 parametersUseForLevel=0,mNr=CellSignalStrengthNr:{ csiRsrp = 2147483647 csiRsrq = 2147483647 csiSinr = 2147483647 ssRsrp = 2147483647 ssRsrq = 2147483647 ssSinr = 2147483647 miuiLevel = 0 level = 0 parametersUseForLevel = 0 },primary=CellSignalStrengthLte}
08-24 18:53:26.632  2307  2755 D NetworkController.MobileSignalController(1): 4G level = 5
08-24 18:53:26.709  3903  5153 I SarService: Receiver polling >>>> Change receiver mode: off
08-24 18:53:27.512  3903  5153 I chatty  : uid=1001(radio) Thread-5 identical 4 lines
08-24 18:53:27.712  3903  5153 I SarService: Receiver polling >>>> Change receiver mode: off
08-24 18:53:27.838 22030 22112 E ServiceScheduleManager: Enter loop()!!! is sync = 
08-24 18:53:27.842  8215  8513 V WpsSnapshotTag: FileOverTimeHeart is running; isBindScuess false
08-24 18:53:27.842  8215  8513 V WpsSnapshotTag: FileOverTimeHeart is running; running Task size is 0; mIsNeedOverTimeHeart is true
08-24 18:53:27.913  3903  5153 I SarService: Receiver polling >>>> Change receiver mode: off
08-24 18:53:28.315  3903  5153 I chatty  : uid=1001(radio) Thread-5 identical 2 lines
08-24 18:53:28.518  3903  5153 I SarService: Receiver polling >>>> Change receiver mode: off
08-24 18:53:28.674   979  6499 I vendor.qti.hardware.servicetracker@1.2-service: bindService is called for service : com.google.android.gms/.chimera.PersistentDirectBootAwareApiService and for client com.google.android.gm
08-24 18:53:28.674   979  6499 I vendor.qti.hardware.servicetracker@1.2-service: total connections for service : com.google.android.gms/.chimera.PersistentDirectBootAwareApiServiceare :8
08-24 18:53:28.674   979  6499 I vendor.qti.hardware.servicetracker@1.2-service: total connections for client : com.google.android.gmare :5
08-24 18:53:28.718  3903  5153 I SarService: Receiver polling >>>> Change receiver mode: off
08-24 18:53:28.727  1684  4099 W ActivityHelper: Unable to access /d/ion/heaps/system: No such file or directory
08-24 18:53:28.727  1684  4099 W ActivityHelper: Unable to access /d/ion/ion_mm_heap: No such file or directory
08-24 18:53:28.919  3903  5153 I SarService: Receiver polling >>>> Change receiver mode: off
08-24 18:53:29.119  3903  5153 I chatty  : uid=1001(radio) Thread-5 identical 1 line
08-24 18:53:29.319  3903  5153 I SarService: Receiver polling >>>> Change receiver mode: off
08-24 18:53:29.364  8215  8513 V WpsSnapshotTag: FileOverTimeHeart is running; isBindScuess false
08-24 18:53:29.365  8215  8513 V WpsSnapshotTag: FileOverTimeHeart is running; running Task size is 0; mIsNeedOverTimeHeart is true
08-24 18:53:29.520  3903  5153 I SarService: Receiver polling >>>> Change receiver mode: off
08-24 18:53:29.721  3903  5153 I SarService: Receiver polling >>>> Change receiver mode: off
08-24 18:53:29.876 22030 22112 E ServiceScheduleManager: Enter loop()!!! is sync = 
08-24 18:53:29.922  3903  5153 I SarService: Receiver polling >>>> Change receiver mode: off
08-24 18:53:30.528  3903  5153 I chatty  : uid=1001(radio) Thread-5 identical 3 lines
08-24 18:53:30.729  3903  5153 I SarService: Receiver polling >>>> Change receiver mode: off
08-24 18:53:30.879  8215  8513 V WpsSnapshotTag: FileOverTimeHeart is running; isBindScuess false
08-24 18:53:30.879  8215  8513 V WpsSnapshotTag: FileOverTimeHeart is running; running Task size is 0; mIsNeedOverTimeHeart is true
08-24 18:53:30.930  3903  5153 I SarService: Receiver polling >>>> Change receiver mode: off
08-24 18:53:31.533  3903  5153 I chatty  : uid=1001(radio) Thread-5 identical 3 lines
08-24 18:53:31.734  3903  5153 I SarService: Receiver polling >>>> Change receiver mode: off
08-24 18:53:31.917 22030 22112 E ServiceScheduleManager: Enter loop()!!! is sync = 
08-24 18:53:31.935  3903  5153 I SarService: Receiver polling >>>> Change receiver mode: off
08-24 18:53:32.135  3903  5153 I chatty  : uid=1001(radio) Thread-5 identical 1 line
08-24 18:53:32.336  3903  5153 I SarService: Receiver polling >>>> Change receiver mode: off
08-24 18:53:32.418  8215  8513 V WpsSnapshotTag: FileOverTimeHeart is running; isBindScuess false
08-24 18:53:32.418  8215  8513 V WpsSnapshotTag: FileOverTimeHeart is running; running Task size is 0; mIsNeedOverTimeHeart is true
08-24 18:53:32.537  3903  5153 I SarService: Receiver polling >>>> Change receiver mode: off
08-24 18:53:32.941  3903  5153 I chatty  : uid=1001(radio) Thread-5 identical 2 lines
08-24 18:53:33.141  3903  5153 I SarService: Receiver polling >>>> Change receiver mode: off
08-24 18:53:33.168   979  6499 I vendor.qti.hardware.servicetracker@1.2-service: unbindService is called for service : com.google.android.gms/.chimera.GmsBoundBrokerService and for client com.android.chrome
08-24 18:53:33.168   979  6499 I vendor.qti.hardware.servicetracker@1.2-service: size of client connections for client: com.android.chromeafter removal is 10
08-24 18:53:33.342  3903  5153 I SarService: Receiver polling >>>> Change receiver mode: off
08-24 18:53:33.542  3903  5153 I SarService: Receiver polling >>>> Change receiver mode: off
08-24 18:53:33.731  1684  4099 W ActivityHelper: Unable to access /d/ion/heaps/system: No such file or directory
08-24 18:53:33.731  1684  4099 W ActivityHelper: Unable to access /d/ion/ion_mm_heap: No such file or directory
08-24 18:53:33.743  3903  5153 I SarService: Receiver polling >>>> Change receiver mode: off
08-24 18:53:33.918 22030 22112 E ServiceScheduleManager: Enter loop()!!! is sync = 
08-24 18:53:33.938  8215  8513 V WpsSnapshotTag: FileOverTimeHeart is running; isBindScuess false
08-24 18:53:33.938  8215  8513 V WpsSnapshotTag: FileOverTimeHeart is running; running Task size is 0; mIsNeedOverTimeHeart is true
08-24 18:53:33.944  3903  5153 I SarService: Receiver polling >>>> Change receiver mode: off
08-24 18:53:35.149  3903  5153 I chatty  : uid=1001(radio) Thread-5 identical 6 lines
08-24 18:53:35.350  3903  5153 I SarService: Receiver polling >>>> Change receiver mode: off
08-24 18:53:35.453  8215  8513 V WpsSnapshotTag: FileOverTimeHeart is running; isBindScuess false
08-24 18:53:35.453  8215  8513 V WpsSnapshotTag: FileOverTimeHeart is running; running Task size is 0; mIsNeedOverTimeHeart is true
08-24 18:53:35.552  3903  5153 I SarService: Receiver polling >>>> Change receiver mode: off
08-24 18:53:35.753  3903  5153 I SarService: Receiver polling >>>> Change receiver mode: off
08-24 18:53:35.933 22030 22112 E ServiceScheduleManager: Enter loop()!!! is sync = 
08-24 18:53:35.954  3903  5153 I SarService: Receiver polling >>>> Change receiver mode: off
08-24 18:53:36.756  3903  5153 I chatty  : uid=1001(radio) Thread-5 identical 4 lines
08-24 18:53:36.958  3903  5153 I SarService: Receiver polling >>>> Change receiver mode: off
08-24 18:53:36.962  8215  8513 V WpsSnapshotTag: FileOverTimeHeart is running; isBindScuess false
08-24 18:53:36.962  8215  8513 V WpsSnapshotTag: FileOverTimeHeart is running; running Task size is 0; mIsNeedOverTimeHeart is true
08-24 18:53:37.159  3903  5153 I SarService: Receiver polling >>>> Change receiver mode: off
08-24 18:53:37.563  3903  5153 I chatty  : uid=1001(radio) Thread-5 identical 2 lines
08-24 18:53:37.763  3903  5153 I SarService: Receiver polling >>>> Change receiver mode: off
08-24 18:53:37.934 22030 22112 E ServiceScheduleManager: Enter loop()!!! is sync = 
08-24 18:53:37.963  3903  5153 I SarService: Receiver polling >>>> Change receiver mode: off
08-24 18:53:38.164  3903  5153 I chatty  : uid=1001(radio) Thread-5 identical 1 line
08-24 18:53:38.364  3903  5153 I SarService: Receiver polling >>>> Change receiver mode: off
08-24 18:53:38.465  8215  8513 V WpsSnapshotTag: FileOverTimeHeart is running; isBindScuess false
08-24 18:53:38.465  8215  8513 V WpsSnapshotTag: FileOverTimeHeart is running; running Task size is 0; mIsNeedOverTimeHeart is true
08-24 18:53:38.564  3903  5153 I SarService: Receiver polling >>>> Change receiver mode: off
08-24 18:53:38.739  1684  4099 W ActivityHelper: Unable to access /d/ion/heaps/system: No such file or directory
08-24 18:53:38.739  1684  4099 W ActivityHelper: Unable to access /d/ion/ion_mm_heap: No such file or directory
08-24 18:53:38.764  3903  5153 I SarService: Receiver polling >>>> Change receiver mode: off
08-24 18:53:39.568  3903  5153 I chatty  : uid=1001(radio) Thread-5 identical 4 lines
08-24 18:53:39.770  3903  5153 I SarService: Receiver polling >>>> Change receiver mode: off
08-24 18:53:39.959 22030 22112 E ServiceScheduleManager: Enter loop()!!! is sync = 
08-24 18:53:39.970  3903  5153 I SarService: Receiver polling >>>> Change receiver mode: off
08-24 18:53:39.976  8215  8513 V WpsSnapshotTag: FileOverTimeHeart is running; isBindScuess false
08-24 18:53:39.976  8215  8513 V WpsSnapshotTag: FileOverTimeHeart is running; running Task size is 0; mIsNeedOverTimeHeart is true
08-24 18:53:40.171  3903  5153 I SarService: Receiver polling >>>> Change receiver mode: off
08-24 18:53:41.173  3903  5153 I chatty  : uid=1001(radio) Thread-5 identical 5 lines
08-24 18:53:41.373  3903  5153 I SarService: Receiver polling >>>> Change receiver mode: off
08-24 18:53:41.516  8215  8513 V WpsSnapshotTag: FileOverTimeHeart is running; isBindScuess false
08-24 18:53:41.517  8215  8513 V WpsSnapshotTag: FileOverTimeHeart is running; running Task size is 0; mIsNeedOverTimeHeart is true
08-24 18:53:41.573  3903  5153 I SarService: Receiver polling >>>> Change receiver mode: off
08-24 18:53:41.774  3903  5153 I chatty  : uid=1001(radio) Thread-5 identical 1 line
08-24 18:53:41.974  3903  5153 I SarService: Receiver polling >>>> Change receiver mode: off
08-24 18:53:41.985 22030 22112 E ServiceScheduleManager: Enter loop()!!! is sync = 
08-24 18:53:42.175  3903  5153 I SarService: Receiver polling >>>> Change receiver mode: off
08-24 18:53:42.777  3903  5153 I chatty  : uid=1001(radio) Thread-5 identical 3 lines
08-24 18:53:42.978  3903  5153 I SarService: Receiver polling >>>> Change receiver mode: off
08-24 18:53:43.032  8215  8513 V WpsSnapshotTag: FileOverTimeHeart is running; isBindScuess false
08-24 18:53:43.032  8215  8513 V WpsSnapshotTag: FileOverTimeHeart is running; running Task size is 0; mIsNeedOverTimeHeart is true
08-24 18:53:43.178  3903  5153 I SarService: Receiver polling >>>> Change receiver mode: off
08-24 18:53:43.380  3903  5153 I chatty  : uid=1001(radio) Thread-5 identical 1 line
08-24 18:53:43.580  3903  5153 I SarService: Receiver polling >>>> Change receiver mode: off
08-24 18:53:43.711   979  6499 I vendor.qti.hardware.servicetracker@1.2-service: unbindService is called for service : com.google.android.gms/.chimera.PersistentDirectBootAwareApiService and for client com.google.android.gm
08-24 18:53:43.711   979  6499 I vendor.qti.hardware.servicetracker@1.2-service: size of client connections for client: com.google.android.gmafter removal is 4
08-24 18:53:43.742  1684  4120 W ActivityHelper: Unable to access /d/ion/heaps/system: No such file or directory
