08-24 18:53:53.450 15894 15923 D RefBase : RefBase: Explicit destruction, weak count = 0 (in 0x76195faef8)
08-24 18:53:53.450 15894 15923 W RefBase : CallStack::getCurrentInternal not linked, returning null
08-24 18:53:53.450 15894 15923 W RefBase : CallStack::logStackInternal not linked
08-24 18:53:53.450 15894 15923 D RefBase : RefBase: Explicit destruction, weak count = 0 (in 0x76195fae58)
08-24 18:53:53.450 15894 15923 W RefBase : CallStack::getCurrentInternal not linked, returning null
08-24 18:53:53.450 15894 15923 W RefBase : CallStack::logStackInternal not linked
08-24 18:53:53.450 15894 15923 D RefBase : RefBase: Explicit destruction, weak count = 0 (in 0x76195fadb8)
08-24 18:53:53.450 15894 15923 W RefBase : CallStack::getCurrentInternal not linked, returning null
08-24 18:53:53.450 15894 15923 W RefBase : CallStack::logStackInternal not linked
08-24 18:53:53.450 15894 15923 D RefBase : RefBase: Explicit destruction, weak count = 0 (in 0x76195fad18)
08-24 18:53:53.450 15894 15923 W RefBase : CallStack::getCurrentInternal not linked, returning null
08-24 18:53:53.450 15894 15923 W RefBase : CallStack::logStackInternal not linked
08-24 18:53:53.450 15894 15923 D RefBase : RefBase: Explicit destruction, weak count = 0 (in 0x76195fac78)
08-24 18:53:53.450 15894 15923 W RefBase : CallStack::getCurrentInternal not linked, returning null
08-24 18:53:53.450 15894 15923 W RefBase : CallStack::logStackInternal not linked
08-24 18:53:53.450 15894 15923 D RefBase : RefBase: Explicit destruction, weak count = 0 (in 0x76195fabd8)
08-24 18:53:53.450 15894 15923 W RefBase : CallStack::getCurrentInternal not linked, returning null
08-24 18:53:53.450 15894 15923 W RefBase : CallStack::logStackInternal not linked
08-24 18:53:53.450 15894 15923 D RefBase : RefBase: Explicit destruction, weak count = 0 (in 0x76195fab38)
08-24 18:53:53.450 15894 15923 W RefBase : CallStack::getCurrentInternal not linked, returning null
08-24 18:53:53.450 15894 15923 W RefBase : CallStack::logStackInternal not linked
08-24 18:53:53.450 15894 15923 D RefBase : RefBase: Explicit destruction, weak count = 0 (in 0x76195faa98)
08-24 18:53:53.450 15894 15923 W RefBase : CallStack::getCurrentInternal not linked, returning null
08-24 18:53:53.450 15894 15923 W RefBase : CallStack::logStackInternal not linked
08-24 18:53:53.450 15894 15923 D RefBase : RefBase: Explicit destruction, weak count = 0 (in 0x76195fa9f8)
08-24 18:53:53.450 15894 15923 W RefBase : CallStack::getCurrentInternal not linked, returning null
08-24 18:53:53.450 15894 15923 W RefBase : CallStack::logStackInternal not linked
08-24 18:53:53.450 15894 15923 D RefBase : RefBase: Explicit destruction, weak count = 0 (in 0x76195fa958)
08-24 18:53:53.450 15894 15923 W RefBase : CallStack::getCurrentInternal not linked, returning null
08-24 18:53:53.450 15894 15923 W RefBase : CallStack::logStackInternal not linked
08-24 18:53:53.450 15894 15923 D RefBase : RefBase: Explicit destruction, weak count = 0 (in 0x76195fa8b8)
08-24 18:53:53.450 15894 15923 W RefBase : CallStack::getCurrentInternal not linked, returning null
08-24 18:53:53.450 15894 15923 W RefBase : CallStack::logStackInternal not linked
08-24 18:53:53.450 15894 15923 D RefBase : RefBase: Explicit destruction, weak count = 0 (in 0x76195fa818)
08-24 18:53:53.450 15894 15923 W RefBase : CallStack::getCurrentInternal not linked, returning null
08-24 18:53:53.450 15894 15923 W RefBase : CallStack::logStackInternal not linked
08-24 18:53:53.450 15894 15923 D RefBase : RefBase: Explicit destruction, weak count = 0 (in 0x76195fa778)
08-24 18:53:53.450 15894 15923 W RefBase : CallStack::getCurrentInternal not linked, returning null
08-24 18:53:53.450 15894 15923 W RefBase : CallStack::logStackInternal not linked
08-24 18:53:53.450 15894 15923 D RefBase : RefBase: Explicit destruction, weak count = 0 (in 0x76195fa6d8)
08-24 18:53:53.450 15894 15923 W RefBase : CallStack::getCurrentInternal not linked, returning null
08-24 18:53:53.450 15894 15923 W RefBase : CallStack::logStackInternal not linked
08-24 18:53:53.450 15894 15923 D RefBase : RefBase: Explicit destruction, weak count = 0 (in 0x76195fa638)
08-24 18:53:53.450 15894 15923 W RefBase : CallStack::getCurrentInternal not linked, returning null
08-24 18:53:53.450 15894 15923 W RefBase : CallStack::logStackInternal not linked
08-24 18:53:53.450 15894 15923 D RefBase : RefBase: Explicit destruction, weak count = 0 (in 0x76195fa598)
08-24 18:53:53.450 15894 15923 W RefBase : CallStack::getCurrentInternal not linked, returning null
08-24 18:53:53.450 15894 15923 W RefBase : CallStack::logStackInternal not linked
08-24 18:53:53.450 15894 15923 D RefBase : RefBase: Explicit destruction, weak count = 0 (in 0x76195fa4f8)
08-24 18:53:53.450 15894 15923 W RefBase : CallStack::getCurrentInternal not linked, returning null
08-24 18:53:53.450 15894 15923 W RefBase : CallStack::logStackInternal not linked
08-24 18:53:53.450 15894 15923 D RefBase : RefBase: Explicit destruction, weak count = 0 (in 0x76195fa458)
08-24 18:53:53.450 15894 15923 W RefBase : CallStack::getCurrentInternal not linked, returning null
08-24 18:53:53.450 15894 15923 W RefBase : CallStack::logStackInternal not linked
08-24 18:53:53.450 15894 15923 D RefBase : RefBase: Explicit destruction, weak count = 0 (in 0x76195fa3b8)
08-24 18:53:53.450 15894 15923 W RefBase : CallStack::getCurrentInternal not linked, returning null
08-24 18:53:53.450 15894 15923 W RefBase : CallStack::logStackInternal not linked
08-24 18:53:53.450 15894 15923 D RefBase : RefBase: Explicit destruction, weak count = 0 (in 0x76195fa318)
08-24 18:53:53.450 15894 15923 W RefBase : CallStack::getCurrentInternal not linked, returning null
08-24 18:53:53.450 15894 15923 W RefBase : CallStack::logStackInternal not linked
08-24 18:53:53.450 15894 15923 D RefBase : RefBase: Explicit destruction, weak count = 0 (in 0x76195fa278)
08-24 18:53:53.450 15894 15923 W RefBase : CallStack::getCurrentInternal not linked, returning null
08-24 18:53:53.450 15894 15923 W RefBase : CallStack::logStackInternal not linked
08-24 18:53:53.450 15894 15923 D RefBase : RefBase: Explicit destruction, weak count = 0 (in 0x76195fa1d8)
08-24 18:53:53.450 15894 15923 W RefBase : CallStack::getCurrentInternal not linked, returning null
08-24 18:53:53.450 15894 15923 W RefBase : CallStack::logStackInternal not linked
08-24 18:53:53.450 15894 15923 D RefBase : RefBase: Explicit destruction, weak count = 0 (in 0x76195fa138)
08-24 18:53:53.450 15894 15923 W RefBase : CallStack::getCurrentInternal not linked, returning null
08-24 18:53:53.450 15894 15923 W RefBase : CallStack::logStackInternal not linked
08-24 18:53:53.450 15894 15923 D RefBase : RefBase: Explicit destruction, weak count = 0 (in 0x76195fa098)
08-24 18:53:53.450 15894 15923 W RefBase : CallStack::getCurrentInternal not linked, returning null
08-24 18:53:53.450 15894 15923 W RefBase : CallStack::logStackInternal not linked
08-24 18:53:53.450 15894 15923 D RefBase : RefBase: Explicit destruction, weak count = 0 (in 0x76195fd4f8)
08-24 18:53:53.450 15894 15923 W RefBase : CallStack::getCurrentInternal not linked, returning null
08-24 18:53:53.450 15894 15923 W RefBase : CallStack::logStackInternal not linked
08-24 18:53:53.450 15894 15923 D RefBase : RefBase: Explicit destruction, weak count = 0 (in 0x76195fd458)
08-24 18:53:53.450 15894 15923 W RefBase : CallStack::getCurrentInternal not linked, returning null
08-24 18:53:53.450 15894 15923 W RefBase : CallStack::logStackInternal not linked
08-24 18:53:53.450 15894 15923 D RefBase : RefBase: Explicit destruction, weak count = 0 (in 0x76195fd3b8)
08-24 18:53:53.450 15894 15923 W RefBase : CallStack::getCurrentInternal not linked, returning null
08-24 18:53:53.450 15894 15923 W RefBase : CallStack::logStackInternal not linked
08-24 18:53:53.450 15894 15923 D RefBase : RefBase: Explicit destruction, weak count = 0 (in 0x76195fd318)
08-24 18:53:53.450 15894 15923 W RefBase : CallStack::getCurrentInternal not linked, returning null
08-24 18:53:53.450 15894 15923 W RefBase : CallStack::logStackInternal not linked
08-24 18:53:53.450 15894 15923 D RefBase : RefBase: Explicit destruction, weak count = 0 (in 0x76195fd278)
08-24 18:53:53.450 15894 15923 W RefBase : CallStack::getCurrentInternal not linked, returning null
08-24 18:53:53.450 15894 15923 W RefBase : CallStack::logStackInternal not linked
08-24 18:53:53.450 15894 15923 D RefBase : RefBase: Explicit destruction, weak count = 0 (in 0x76195fd1d8)
08-24 18:53:53.450 15894 15923 W RefBase : CallStack::getCurrentInternal not linked, returning null
08-24 18:53:53.450 15894 15923 W RefBase : CallStack::logStackInternal not linked
08-24 18:53:53.450 15894 15923 D RefBase : RefBase: Explicit destruction, weak count = 0 (in 0x76195fd138)
08-24 18:53:53.450 15894 15923 W RefBase : CallStack::getCurrentInternal not linked, returning null
08-24 18:53:53.450 15894 15923 W RefBase : CallStack::logStackInternal not linked
08-24 18:53:53.450 15894 15923 D RefBase : RefBase: Explicit destruction, weak count = 0 (in 0x76195fd098)
08-24 18:53:53.450 15894 15923 W RefBase : CallStack::getCurrentInternal not linked, returning null
08-24 18:53:53.450 15894 15923 W RefBase : CallStack::logStackInternal not linked
08-24 18:53:53.450 15894 15923 D RefBase : RefBase: Explicit destruction, weak count = 0 (in 0x76195fcff8)
08-24 18:53:53.450 15894 15923 W RefBase : CallStack::getCurrentInternal not linked, returning null
08-24 18:53:53.450 15894 15923 W RefBase : CallStack::logStackInternal not linked
08-24 18:53:53.450 15894 15923 D RefBase : RefBase: Explicit destruction, weak count = 0 (in 0x76195fcf58)
08-24 18:53:53.450 15894 15923 W RefBase : CallStack::getCurrentInternal not linked, returning null
08-24 18:53:53.450 15894 15923 W RefBase : CallStack::logStackInternal not linked
08-24 18:53:53.450 15894 15923 D RefBase : RefBase: Explicit destruction, weak count = 0 (in 0x76195fceb8)
08-24 18:53:53.450 15894 15923 W RefBase : CallStack::getCurrentInternal not linked, returning null
08-24 18:53:53.450 15894 15923 W RefBase : CallStack::logStackInternal not linked
08-24 18:53:53.451 15894 15923 D RefBase : RefBase: Explicit destruction, weak count = 0 (in 0x76195fce18)
08-24 18:53:53.451 15894 15923 W RefBase : CallStack::getCurrentInternal not linked, returning null
08-24 18:53:53.451 15894 15923 W RefBase : CallStack::logStackInternal not linked
08-24 18:53:53.451 15894 15923 D RefBase : RefBase: Explicit destruction, weak count = 0 (in 0x76195fcd78)
08-24 18:53:53.451 15894 15923 W RefBase : CallStack::getCurrentInternal not linked, returning null
08-24 18:53:53.451 15894 15923 W RefBase : CallStack::logStackInternal not linked
08-24 18:53:53.451 15894 15923 D RefBase : RefBase: Explicit destruction, weak count = 0 (in 0x76195fccd8)
08-24 18:53:53.451 15894 15923 W RefBase : CallStack::getCurrentInternal not linked, returning null
08-24 18:53:53.451 15894 15923 W RefBase : CallStack::logStackInternal not linked
08-24 18:53:53.451 15894 15923 D RefBase : RefBase: Explicit destruction, weak count = 0 (in 0x76195fcc38)
08-24 18:53:53.451 15894 15923 W RefBase : CallStack::getCurrentInternal not linked, returning null
08-24 18:53:53.451 15894 15923 W RefBase : CallStack::logStackInternal not linked
08-24 18:53:53.451 15894 15923 D RefBase : RefBase: Explicit destruction, weak count = 0 (in 0x76195fcb98)
08-24 18:53:53.451 15894 15923 W RefBase : CallStack::getCurrentInternal not linked, returning null
08-24 18:53:53.451 15894 15923 W RefBase : CallStack::logStackInternal not linked
08-24 18:53:53.451 15894 15923 D RefBase : RefBase: Explicit destruction, weak count = 0 (in 0x76195fcaf8)
08-24 18:53:53.451 15894 15923 W RefBase : CallStack::getCurrentInternal not linked, returning null
08-24 18:53:53.451 15894 15923 W RefBase : CallStack::logStackInternal not linked
08-24 18:53:53.451 15894 15923 D RefBase : RefBase: Explicit destruction, weak count = 0 (in 0x76195fca58)
08-24 18:53:53.451 15894 15923 W RefBase : CallStack::getCurrentInternal not linked, returning null
08-24 18:53:53.451 15894 15923 W RefBase : CallStack::logStackInternal not linked
08-24 18:53:53.451 15894 15923 D RefBase : RefBase: Explicit destruction, weak count = 0 (in 0x76195fc9b8)
08-24 18:53:53.451 15894 15923 W RefBase : CallStack::getCurrentInternal not linked, returning null
08-24 18:53:53.451 15894 15923 W RefBase : CallStack::logStackInternal not linked
08-24 18:53:53.451 15894 15923 D RefBase : RefBase: Explicit destruction, weak count = 0 (in 0x76195fc918)
08-24 18:53:53.451 15894 15923 W RefBase : CallStack::getCurrentInternal not linked, returning null
08-24 18:53:53.451 15894 15923 W RefBase : CallStack::logStackInternal not linked
08-24 18:53:53.451 15894 15923 D RefBase : RefBase: Explicit destruction, weak count = 0 (in 0x76195fc878)
08-24 18:53:53.451 15894 15923 W RefBase : CallStack::getCurrentInternal not linked, returning null
08-24 18:53:53.451 15894 15923 W RefBase : CallStack::logStackInternal not linked
08-24 18:53:53.451 15894 15923 D RefBase : RefBase: Explicit destruction, weak count = 0 (in 0x76195fc7d8)
08-24 18:53:53.451 15894 15923 W RefBase : CallStack::getCurrentInternal not linked, returning null
08-24 18:53:53.451 15894 15923 W RefBase : CallStack::logStackInternal not linked
08-24 18:53:53.451 15894 15923 D RefBase : RefBase: Explicit destruction, weak count = 0 (in 0x76195fc738)
08-24 18:53:53.451 15894 15923 W RefBase : CallStack::getCurrentInternal not linked, returning null
08-24 18:53:53.451 15894 15923 W RefBase : CallStack::logStackInternal not linked
08-24 18:53:53.451 15894 15923 D RefBase : RefBase: Explicit destruction, weak count = 0 (in 0x76195fc698)
08-24 18:53:53.451 15894 15923 W RefBase : CallStack::getCurrentInternal not linked, returning null
08-24 18:53:53.451 15894 15923 W RefBase : CallStack::logStackInternal not linked
08-24 18:53:53.451 15894 15923 D RefBase : RefBase: Explicit destruction, weak count = 0 (in 0x76195fc5f8)
08-24 18:53:53.451 15894 15923 W RefBase : CallStack::getCurrentInternal not linked, returning null
08-24 18:53:53.451 15894 15923 W RefBase : CallStack::logStackInternal not linked
08-24 18:53:53.451 15894 15923 D RefBase : RefBase: Explicit destruction, weak count = 0 (in 0x76195fc558)
08-24 18:53:53.451 15894 15923 W RefBase : CallStack::getCurrentInternal not linked, returning null
08-24 18:53:53.451 15894 15923 W RefBase : CallStack::logStackInternal not linked
08-24 18:53:53.451 15894 15923 D RefBase : RefBase: Explicit destruction, weak count = 0 (in 0x76195fc4b8)
08-24 18:53:53.451 15894 15923 W RefBase : CallStack::getCurrentInternal not linked, returning null
08-24 18:53:53.451 15894 15923 W RefBase : CallStack::logStackInternal not linked
08-24 18:53:53.451 15894 15923 D RefBase : RefBase: Explicit destruction, weak count = 0 (in 0x76195fc418)
08-24 18:53:53.451 15894 15923 W RefBase : CallStack::getCurrentInternal not linked, returning null
08-24 18:53:53.451 15894 15923 W RefBase : CallStack::logStackInternal not linked
08-24 18:53:53.451 15894 15923 D RefBase : RefBase: Explicit destruction, weak count = 0 (in 0x76195fc378)
08-24 18:53:53.451 15894 15923 W RefBase : CallStack::getCurrentInternal not linked, returning null
08-24 18:53:53.451 15894 15923 W RefBase : CallStack::logStackInternal not linked
08-24 18:53:53.451 15894 15923 D RefBase : RefBase: Explicit destruction, weak count = 0 (in 0x76195fc2d8)
08-24 18:53:53.451 15894 15923 W RefBase : CallStack::getCurrentInternal not linked, returning null
08-24 18:53:53.451 15894 15923 W RefBase : CallStack::logStackInternal not linked
08-24 18:53:53.451 15894 15923 D RefBase : RefBase: Explicit destruction, weak count = 0 (in 0x76195fc238)
08-24 18:53:53.451 15894 15923 W RefBase : CallStack::getCurrentInternal not linked, returning null
08-24 18:53:53.451 15894 15923 W RefBase : CallStack::logStackInternal not linked
08-24 18:53:53.451 15894 15923 D RefBase : RefBase: Explicit destruction, weak count = 0 (in 0x76195fc198)
08-24 18:53:53.451 15894 15923 W RefBase : CallStack::getCurrentInternal not linked, returning null
08-24 18:53:53.451 15894 15923 W RefBase : CallStack::logStackInternal not linked
08-24 18:53:53.451 15894 15923 D RefBase : RefBase: Explicit destruction, weak count = 0 (in 0x76195fc0f8)
08-24 18:53:53.451 15894 15923 W RefBase : CallStack::getCurrentInternal not linked, returning null
08-24 18:53:53.451 15894 15923 W RefBase : CallStack::logStackInternal not linked
08-24 18:53:53.451 15894 15923 D RefBase : RefBase: Explicit destruction, weak count = 0 (in 0x76195fc058)
08-24 18:53:53.451 15894 15923 W RefBase : CallStack::getCurrentInternal not linked, returning null
08-24 18:53:53.451 15894 15923 W RefBase : CallStack::logStackInternal not linked
08-24 18:53:53.451 15894 15923 D RefBase : RefBase: Explicit destruction, weak count = 0 (in 0x76195fbfb8)
08-24 18:53:53.451 15894 15923 W RefBase : CallStack::getCurrentInternal not linked, returning null
08-24 18:53:53.451 15894 15923 W RefBase : CallStack::logStackInternal not linked
08-24 18:53:53.451 15894 15923 D RefBase : RefBase: Explicit destruction, weak count = 0 (in 0x76195fbf18)
08-24 18:53:53.451 15894 15923 W RefBase : CallStack::getCurrentInternal not linked, returning null
08-24 18:53:53.451 15894 15923 W RefBase : CallStack::logStackInternal not linked
08-24 18:53:53.451 15894 15923 D RefBase : RefBase: Explicit destruction, weak count = 0 (in 0x76195fbe78)
08-24 18:53:53.451 15894 15923 W RefBase : CallStack::getCurrentInternal not linked, returning null
08-24 18:53:53.451 15894 15923 W RefBase : CallStack::logStackInternal not linked
08-24 18:53:53.451 15894 15923 D RefBase : RefBase: Explicit destruction, weak count = 0 (in 0x76195fbdd8)
08-24 18:53:53.451 15894 15923 W RefBase : CallStack::getCurrentInternal not linked, returning null
08-24 18:53:53.451 15894 15923 W RefBase : CallStack::logStackInternal not linked
08-24 18:53:53.451 15894 15923 D RefBase : RefBase: Explicit destruction, weak count = 0 (in 0x76195fbd38)
08-24 18:53:53.451 15894 15923 W RefBase : CallStack::getCurrentInternal not linked, returning null
08-24 18:53:53.451 15894 15923 W RefBase : CallStack::logStackInternal not linked
08-24 18:53:53.451 15894 15923 D RefBase : RefBase: Explicit destruction, weak count = 0 (in 0x76195fbc98)
08-24 18:53:53.451 15894 15923 W RefBase : CallStack::getCurrentInternal not linked, returning null
08-24 18:53:53.451 15894 15923 W RefBase : CallStack::logStackInternal not linked
08-24 18:53:53.451 15894 15923 E MIA_BMGR: [ReleasePerfLock:255]:Perflock already released or not acquired
08-24 18:53:53.452 15894 15923 D MI_Algo_JNI: MySessionCb has been deconstructed.
08-24 18:53:53.452 15894 15923 D RefBase : RefBase: Explicit destruction, weak count = 0 (in 0x763968dda8)
08-24 18:53:53.452 15894 15923 W RefBase : CallStack::getCurrentInternal not linked, returning null
08-24 18:53:53.452 15894 15923 W RefBase : CallStack::logStackInternal not linked
08-24 18:53:53.452 15894 15923 D RefBase : RefBase: Explicit destruction, weak count = 0 (in 0x763968dd08)
08-24 18:53:53.452 15894 15923 W RefBase : CallStack::getCurrentInternal not linked, returning null
08-24 18:53:53.452 15894 15923 W RefBase : CallStack::logStackInternal not linked
08-24 18:53:53.452 15894 15923 D RefBase : RefBase: Explicit destruction, weak count = 0 (in 0x763968def0)
08-24 18:53:53.452 15894 15923 W RefBase : CallStack::getCurrentInternal not linked, returning null
08-24 18:53:53.452 15894 15923 W RefBase : CallStack::logStackInternal not linked
08-24 18:53:53.452 15894 15923 D TaskSession: close: session has closed: com.xiaomi.engine.TaskSession@2938b1f
08-24 18:53:53.453 15894 15923 D CAM_PostProcessor: isIdle 0
08-24 18:53:53.453 15894 15923 D CAM_ImageProcessor: destroy ImageProcessor: WorkerThread_S_4640x2088_129794367 stopped
08-24 18:53:53.453 15894 15923 D TaskSession: close: session has closed: com.xiaomi.engine.TaskSession@2938b1f
08-24 18:53:53.453 15894 15923 D CAM_PostProcessor: deInit
08-24 18:53:53.454 15894 15923 D CAM_LocalParallelService: onPostProcessorClosed: processor:com.xiaomi.camera.core.PostProcessor@76a7e35
08-24 18:53:53.454 15894 15923 D CAM_PostProcessor: tryToCloseSession: X  this:com.xiaomi.camera.core.PostProcessor@76a7e35
08-24 18:53:53.454 15894 15923 D CAM_BaseModule: onDestroy: X
08-24 18:53:53.454 15894 15923 D CAM_CameraRunnable: start releaseCameraDevice: true
08-24 18:53:53.454 15894 15923 D CAM_Camera2OpenManager: abandonCameraResultObservable: E
08-24 18:53:53.454 15894 15923 D CAM_Camera2OpenManager: abandonCameraResultObservable: X
08-24 18:53:53.454 15894 15923 D CAM_ActivityBase: releaseCameraScreenNail: 
08-24 18:53:53.455 15894 15923 D CAM_STScreenNail: releaseSurfaceTexture: mHasTexture = true
08-24 18:53:53.455 15894 15924 D ReleaseCameraCallable: E: cid: null
08-24 18:53:53.455 15894 15924 D ReleaseCameraCallable: E: releaseCamera: cid = 0
08-24 18:53:53.455 15894 15924 D CAM_MiCamera2: setCaptureBusyCallback: com.xiaomi.camera.device.callable.ReleaseCameraCallable@56a8209
08-24 18:53:53.455 15894 15924 D CAM_MiCamera2: setCaptureBusyCallback: shot queue empty
08-24 18:53:53.455 15894 15924 D ReleaseCameraCallable: X: releaseCamera: cid = 0
08-24 18:53:53.455 15894 15924 D ReleaseCameraCallable: X: cid: null (dur: 0)
08-24 18:53:53.456 15894 15924 D CloseCameraCallable: E: cid: null
08-24 18:53:53.456 15894 15924 D CloseCameraCallable: E: closeCamera: cid = null, excludes = []
08-24 18:53:53.456 15894 15924 D CloseCameraCallable: closeCamera: cid = 0
08-24 18:53:53.456 15894 15924 V CAM_MiCamera2: E: releasePreview
08-24 18:53:53.457 15894 15894 D ReleaseCameraCallable: Success: cid: null (dur: 2)
08-24 18:53:53.459 15894 15924 D CAM_MiCamera2: abortCaptures E
08-24 18:53:53.484 15894 15923 D CAM_Camera2Module: onSurfaceTextureReleased: no further preview frame will be available
08-24 18:53:53.484 15894 15923 V CAM_CameraScreenNail: release: state=NONE
08-24 18:53:53.487 15894 15913 E BufferQueueProducer: [SurfaceTexture-1-15894-4](id:3e1600000024,api:4,p:1290,c:15894) queueBuffer: BufferQueue has been abandoned
08-24 18:53:53.489  1290  6498 E Surface : queueBuffer: error queuing buffer to SurfaceTexture, -19
08-24 18:53:53.489  1290  6498 E Camera3-OutputStream: returnBufferCheckedLocked: Stream 0: Error queueing buffer to native window: No such device (-19)
08-24 18:53:53.570 15894 15913 E BufferQueueProducer: [SurfaceTexture-1-15894-4](id:3e1600000024,api:4,p:1290,c:15894) cancelBuffer: BufferQueue has been abandoned
08-24 18:53:53.575 15894 15913 I chatty  : uid=10072(com.android.camera) Binder:15894_2 identical 3 lines
08-24 18:53:53.576 15894 15913 E BufferQueueProducer: [SurfaceTexture-1-15894-4](id:3e1600000024,api:4,p:1290,c:15894) cancelBuffer: BufferQueue has been abandoned
08-24 18:53:53.579 15894 15924 D CAM_MiCamera2: abortCaptures X
08-24 18:53:53.579 15894 15924 V CAM_MiCamera2: X: releasePreview
08-24 18:53:53.579 15894 15924 V CAM_MiCamera2: E: resetConfigs
08-24 18:53:53.579 15894 15924 V CAM_MiCamera2: X: resetConfigs
08-24 18:53:53.579 15894 15924 D CAM_MiCamera2: E: close: cameraId = 0
08-24 18:53:53.592  1290  3382 I Camera3-Device: disconnectImpl: E
08-24 18:53:53.592  1290  3382 I CameraLatencyHistogram: ProcessCaptureRequest latency histogram (59) samples:
08-24 18:53:53.592  1290  3382 I CameraLatencyHistogram:        40     80    120    160    200    240    280    320    360    inf (max ms)
08-24 18:53:53.592  1290  3382 I CameraLatencyHistogram:      13.56   76.27   8.47   1.69   0.00   0.00   0.00   0.00   0.00   0.00 (%)
08-24 18:53:53.593   946   946 D CHIUSECASE: [DEBUG  ] chxextensionmodule.cpp:2767 TeardownOverrideSession() free m_HoldMetadata[0]:0xb400007ac2612160
08-24 18:53:53.619  3903  5153 I SarService: Receiver polling >>>> Change receiver mode: off
08-24 18:53:53.634  2533  2533 D EventBus: No subscribers registered for event class com.miui.home.launcher.common.messages.EndSpringAnimatorMessage
08-24 18:53:53.634  2533  2533 D EventBus: No subscribers registered for event class org.greenrobot.eventbus.NoSubscriberEvent
08-24 18:53:53.635  2533  2533 D FeedSwipeController: touchState : 0 scrolling : false normalEditing : false WidgetThumbnailViewShowing : false UninstallDialogShowing : false isMinusScreenShowing: false
08-24 18:53:53.635  2533  2533 D FeedSwipeController: can not use
08-24 18:53:53.635  2533  2533 D Launcher.StatusBarController: try intercept touch, isProxySurvive=true
08-24 18:53:53.635  2533  2533 D ScreenView_HotSeats: onIntercept:0.0
08-24 18:53:53.635  2533  2533 D ScreenView_HotSeats: not intercept
08-24 18:53:53.635  2533  2533 D Launcher.itemIcon: folmeDown
08-24 18:53:53.648  8215  8513 V WpsSnapshotTag: FileOverTimeHeart is running; isBindScuess false
08-24 18:53:53.648  8215  8513 V WpsSnapshotTag: FileOverTimeHeart is running; running Task size is 0; mIsNeedOverTimeHeart is true
08-24 18:53:53.653   946   946 I CamX    : [ INFO][STATS_AF] camxpdlibinterface.cpp:215 PDLibDestroy() PDLibDestroy overrideCameraClose is 1 g_pPDLibData 0x7aa361b4d0
08-24 18:53:53.653   946   946 I CamX    : [ INFO][STATS_AF] camxpdlibinterface.cpp:240 PDLibDestroy() PDLib g_pPDLibData in destroy is 0xb400007a855a3730
08-24 18:53:53.666  2533  2533 D Launcher_dispatchTouchEvent: [motionEvent action:(rawX,rawY)]  53:53.634[0(772.0,2241.0)] 53:53.666[1(772.0,2241.0)] 
08-24 18:53:53.666  2533  2533 D Launcher_Scrollto: [(rawX,rawY)|scrollX]  
08-24 18:53:53.666  2533  2533 D ScreenView_HotSeats: oninterceput up
08-24 18:53:53.666  2533  2533 D Launcher.itemIcon: folmeUp
08-24 18:53:53.667   589   589 E SELinux : avc:  denied  { find } for pid=2533 uid=10093 name=miui.mirror_app_service scontext=u:r:platform_app:s0:c512,c768 tcontext=u:object_r:default_android_service:s0 tclass=service_manager permissive=0
08-24 18:53:53.667  2533  2533 E QuickstepAppTransitionManagerImpl: getActivityLaunchOptions   iconLoc=Rect(669, 2173 - 820, 2324)
08-24 18:53:53.667  2533  2533 I Timeline: Timeline: Activity_launch_request time:177702359
08-24 18:53:53.669  1684  2300 I ActivityTaskManager: START u0 {act=android.intent.action.MAIN cat=[android.intent.category.LAUNCHER] flg=0x10200000 cmp=com.miui.gallery/.activity.HomePageActivity bnds=[669,2173][820,2324] (has extras)} from uid 10093
08-24 18:53:53.670  1684  2300 D MiuiMultiWindowAdapter: MiuiMultiWindowAdapter::getFreeformBlackList::sSmallWindowBlackList = [com.miui.securitycenter, com.miui.weather2, com.miui.miservice, com.android.calendar, com.xiaomi.calendar, com.android.contacts, com.miui.mishare.connectivity, com.android.settings, com.android.printspooler, com.miui.backup, com.miui.huanji, com.miui.calculator, com.android.deskclock, com.android.thememanager, com.mfashiongallery.emag, com.miui.virtualsim, com.miui.smarttravel, com.mi.health, com.android.camera, com.lbe.security.miui, com.miui.cleanmaster, com.miui.newhome, com.miui.voiceassist, com.android.phone, com.miui.yellowpage, com.android.updater, com.miui.tsmclient, com.miui.securitycore, com.xiaomi.account, com.xiaomi.shop, com.mipay.wallet, com.xiaomi.youpin, com.xiaomi.hm.health, com.miui.bugreport, com.xiaomi.mibrain.speech, com.xiaomi.mimoji, com.xiaomi.scanner, com.duokan.phone.remotecontroller, com.miui.hybrid, com.android.incallui, com.miui.video, com.miui.videoplayer, com.miui.player, com.miui.fm, com.miui.packageinstaller, com.mi.android.globallauncher, com.google.android.dialer, com.google.android.apps.magazines, com.miui.compass, com.miui.greenguard, com.kiteguard, com.google.android.apps.prodcasts, com.google.ar.lens, com.xiangkan.android, com.android.bankabc, com.sohu.inputmethod.sogou, com.tencent.mtt, com.shyz.toutiao, com.netease.mc.mi, com.outfit7.talkingtomgoldrun.mi, com.doudz.mi, com.wepie.snake.new.mi, cn.jj, com.standddz002.mi, com.miHoYo.bh3.mi, com.qqgame.hlddz, com.happyelements.AndroidAnimal, com.minitech.miniworld.TMobile.mi, com.mfp.jelly.xiaomi, com.lilithgames.afk.mi, com.tencent.peng, com.teenpatti.hd.gold, blockpuzzle.jewelgames.jewelslegend, com.playgendary.tanks, com.chillingo.robberybobfree.android.row, com.episodeinteractive.android.catalog, com.playrix.township, com.ansangha.drdriving, com.google.android.youtube, com.gbits.atm.mi]
08-24 18:53:53.671  1684  1839 D EventSequenceValidator: IntentStarted during UNKNOWN. Intent { act=android.intent.action.MAIN cat=[android.intent.category.LAUNCHER] flg=0x10200000 cmp=com.miui.gallery/.activity.HomePageActivity bnds=[669,2173][820,2324] (has extras) }
08-24 18:53:53.671  1684  1839 D EventSequenceValidator: java.lang.Throwable: EventSequenceValidator#getStackTrace
08-24 18:53:53.671  1684  1839 D EventSequenceValidator: 	at com.google.android.startop.iorap.EventSequenceValidator.logWarningWithStackTrace(EventSequenceValidator.java:260)
08-24 18:53:53.671  1684  1839 D EventSequenceValidator: 	at com.google.android.startop.iorap.EventSequenceValidator.onIntentStarted(EventSequenceValidator.java:106)
08-24 18:53:53.671  1684  1839 D EventSequenceValidator: 	at com.android.server.wm.LaunchObserverRegistryImpl.handleOnIntentStarted(LaunchObserverRegistryImpl.java:139)
08-24 18:53:53.671  1684  1839 D EventSequenceValidator: 	at com.android.server.wm.LaunchObserverRegistryImpl.lambda$veRn_GhgLZLlOHOJ0ZYT6KcfYqo(Unknown Source:0)
08-24 18:53:53.671  1684  1839 D EventSequenceValidator: 	at com.android.server.wm.-$$Lambda$LaunchObserverRegistryImpl$veRn_GhgLZLlOHOJ0ZYT6KcfYqo.accept(Unknown Source:10)
08-24 18:53:53.671  1684  1839 D EventSequenceValidator: 	at com.android.internal.util.function.pooled.PooledLambdaImpl.doInvoke(PooledLambdaImpl.java:292)
08-24 18:53:53.671  1684  1839 D EventSequenceValidator: 	at com.android.internal.util.function.pooled.PooledLambdaImpl.invoke(PooledLambdaImpl.java:201)
08-24 18:53:53.671  1684  1839 D EventSequenceValidator: 	at com.android.internal.util.function.pooled.OmniFunction.run(OmniFunction.java:97)
08-24 18:53:53.671  1684  1839 D EventSequenceValidator: 	at android.os.Handler.handleCallback(Handler.java:938)
08-24 18:53:53.671  1684  1839 D EventSequenceValidator: 	at android.os.Handler.dispatchMessage(Handler.java:99)
08-24 18:53:53.671  1684  1839 D EventSequenceValidator: 	at android.os.Looper.loop(Looper.java:236)
08-24 18:53:53.671  1684  1839 D EventSequenceValidator: 	at android.os.HandlerThread.run(HandlerThread.java:67)
08-24 18:53:53.671  1684  1839 D EventSequenceValidator: 	at com.android.server.ServiceThread.run(ServiceThread.java:45)
08-24 18:53:53.671  1684  1839 D EventSequenceValidator: inc AccIntentStartedEvents to 2
08-24 18:53:53.676   979   979 I vendor.qti.hardware.servicetracker@1.2-service: Activity state is changed to : 0
08-24 18:53:53.676   979   979 I vendor.qti.hardware.servicetracker@1.2-service: Activity state is changed to : 0
08-24 18:53:53.676   975   975 I ANDR-PERF-LM: LMPerfGlue: perfmodule_submit_request() 132: perfmodule_submit_request()
08-24 18:53:53.676   975   975 I ANDR-PERF-LM: Core: getInstance() 84: LM getInstance
08-24 18:53:53.676   975   975 I ANDR-PERF-LM: WQ: push() 59: LMTriggerQ push() size=0
08-24 18:53:53.676   975   975 I ANDR-PERF-LM: WQ: push() 61: LMTriggerQ push() done size=1
08-24 18:53:53.676   975  1014 I ANDR-PERF-LM: WQ: pop() 42: LMTriggerQ pop() done size=0
08-24 18:53:53.676   975  1014 I ANDR-PERF-LM: Core: lmMain() 381: Calling runAsync for PreKill
08-24 18:53:53.676   975  1014 I ANDR-PERF-LM: FeatureState: readState() 162: PreKill: DB: com.miui.gallery app state = 1
08-24 18:53:53.676   975  1014 I ANDR-PERF-LM: Core: lmMain() 391: runAsync for PreKill returned
08-24 18:53:53.676   975  1014 I ANDR-PERF-LM: Core: lmMain() 381: Calling runAsync for AdaptLaunch
08-24 18:53:53.676   975  1014 D ANDR-PERF-LM: Feature: lookup() 101: Feature Name = AppClassifier, total featuers = 4, featureFound = 1
08-24 18:53:53.677   975  1014 D ANDR-PERF-LM: Feature: getData() 112: data.data = 1
08-24 18:53:53.677   975  1014 I ANDR-PERF-LM: Core: lmMain() 391: runAsync for AdaptLaunch returned
08-24 18:53:53.677   975  1014 I ANDR-PERF-LM: Core: lmMain() 373: Waiting on trigger Queue
08-24 18:53:53.677   975  1014 I ANDR-PERF-LM: WQ: pop() 31: LMTriggerQ pop() size=0
08-24 18:53:53.677   975   975 I ANDR-PERF-LM: LMPerfGlue: perfmodule_submit_request() 132: perfmodule_submit_request()
08-24 18:53:53.677   975   975 I ANDR-PERF-LM: Core: getInstance() 84: LM getInstance
08-24 18:53:53.677   975   975 I ANDR-PERF-LM: WQ: push() 59: LMTriggerQ push() size=0
08-24 18:53:53.677   975   975 I ANDR-PERF-LM: WQ: push() 61: LMTriggerQ push() done size=1
08-24 18:53:53.677   975   975 D ANDR-PERF-LM: ThreadHelper: wakeUp() 103: (Meter,Helper,Name,pending)=(0xb400007d84677040,0xb400007d8463d9a0,PreKillActionThread,1)
08-24 18:53:53.677   975  3573 D ANDR-PERF-LM: ThreadHelper: thread_callback() 149: Starting:(Meter,Helper,Name,pending)=(0xb400007d84677040,0xb400007d8463d9a0,PreKillActionThread,0) 
08-24 18:53:53.677   975  1014 I ANDR-PERF-LM: WQ: pop() 42: LMTriggerQ pop() done size=0
08-24 18:53:53.677   975  1014 I ANDR-PERF-LM: Core: lmMain() 381: Calling runAsync for PreKill
08-24 18:53:53.677   975  1014 I ANDR-PERF-LM: FeatureState: readState() 162: PreKill: DB: com.miui.gallery app state = 1
08-24 18:53:53.677   975  1014 I ANDR-PERF-LM: Core: lmMain() 391: runAsync for PreKill returned
08-24 18:53:53.677   975  1014 I ANDR-PERF-LM: Core: lmMain() 381: Calling runAsync for AdaptLaunch
08-24 18:53:53.677   975  1014 I ANDR-PERF-LM: FeatureState: readState() 162: AdaptLaunch: DB: com.miui.gallery app state = 99
08-24 18:53:53.677   975  1014 I ANDR-PERF-LM: MetaMeter: isValidAsync() 194: AsyncInfo: hintID = 4225
08-24 18:53:53.677   975  1014 I ANDR-PERF-LM: hintType: 2
08-24 18:53:53.677   975  1014 I ANDR-PERF-LM: isPrimary = 0
08-24 18:53:53.677   975  1014 I ANDR-PERF-LM: MetaMeter: isValidAsync() 203: Invalid (hintID,hintType,appName,duration,appPID,appThreadTID) = (4225, 2,com.miui.gallery,-1,1684,2300)
08-24 18:53:53.677   975  1014 E ANDR-PERF-LM: MetaMeter: handleAsync() 164: AdaptLaunch Invalid Async
08-24 18:53:53.677   975  1014 I ANDR-PERF-LM: Core: lmMain() 391: runAsync for AdaptLaunch returned
08-24 18:53:53.677   975  1014 I ANDR-PERF-LM: Core: lmMain() 373: Waiting on trigger Queue
08-24 18:53:53.677   975  1014 I ANDR-PERF-LM: WQ: pop() 31: LMTriggerQ pop() size=0
08-24 18:53:53.677   975   975 I ANDR-PERF-LM: LMPerfGlue: perfmodule_submit_request() 132: perfmodule_submit_request()
08-24 18:53:53.677   975   975 I ANDR-PERF-LM: Core: getInstance() 84: LM getInstance
08-24 18:53:53.677   975   975 D ANDR-PERF-LM: Feature: lookup() 101: Feature Name = AppClassifier, total featuers = 4, featureFound = 1
08-24 18:53:53.677   975   975 D ANDR-PERF-LM: Feature: getData() 112: data.data = 1
08-24 18:53:53.677   975   975 I ANDR-PERF-LM: FeedbackAPI: getFeedback() 60: app:com.miui.gallery feature:AppClassifier feedback = 1
08-24 18:53:53.678   975   975 I ANDR-PERF-LM: LMPerfGlue: perfmodule_submit_request() 132: perfmodule_submit_request()
08-24 18:53:53.678   975   975 I ANDR-PERF-LM: Core: getInstance() 84: LM getInstance
08-24 18:53:53.678   975   975 I ANDR-PERF-LM: WQ: push() 59: LMTriggerQ push() size=0
08-24 18:53:53.678   975   975 I ANDR-PERF-LM: WQ: push() 61: LMTriggerQ push() done size=1
08-24 18:53:53.678  1684  2300 E ANDR-PERF-JNI: com_qualcomm_qtiperformance_native_perf_io_prefetch_start
08-24 18:53:53.679   975  1014 I ANDR-PERF-LM: WQ: pop() 42: LMTriggerQ pop() done size=0
08-24 18:53:53.680   975  1014 I ANDR-PERF-LM: Core: lmMain() 381: Calling runAsync for PreKill
08-24 18:53:53.680   975  1014 I ANDR-PERF-LM: FeatureState: readState() 162: PreKill: DB: com.miui.gallery app state = 1
08-24 18:53:53.680   975  1014 I ANDR-PERF-LM: Core: lmMain() 391: runAsync for PreKill returned
08-24 18:53:53.680   975  1014 I ANDR-PERF-LM: Core: lmMain() 381: Calling runAsync for AdaptLaunch
08-24 18:53:53.680   975  1014 I ANDR-PERF-LM: FeatureState: readState() 162: AdaptLaunch: DB: com.miui.gallery app state = 99
08-24 18:53:53.680   975  1014 I ANDR-PERF-LM: MetaMeter: isValidAsync() 194: AsyncInfo: hintID = 4225
08-24 18:53:53.680   975  1014 I ANDR-PERF-LM: hintType: 3
08-24 18:53:53.680   975  1014 I ANDR-PERF-LM: isPrimary = 0
08-24 18:53:53.680   975  1014 I ANDR-PERF-LM: MetaMeter: isValidAsync() 203: Invalid (hintID,hintType,appName,duration,appPID,appThreadTID) = (4225, 3,com.miui.gallery,-1,1684,2300)
08-24 18:53:53.680   975  1014 E ANDR-PERF-LM: MetaMeter: handleAsync() 164: AdaptLaunch Invalid Async
08-24 18:53:53.680   975  1014 I ANDR-PERF-LM: Core: lmMain() 391: runAsync for AdaptLaunch returned
08-24 18:53:53.680   975  1014 I ANDR-PERF-LM: Core: lmMain() 373: Waiting on trigger Queue
08-24 18:53:53.680   975  1014 I ANDR-PERF-LM: WQ: pop() 31: LMTriggerQ pop() size=0
08-24 18:53:53.681   975  3573 D ANDR-PERF-LM: ThreadHelper: thread_callback() 162: Returned from Start:(Meter,Helper,Name,pending)=(0xb400007d84677040,0xb400007d8463d9a0,PreKillActionThread,0) 
08-24 18:53:53.681   975  3573 D ANDR-PERF-LM: ThreadHelper: thread_callback() 134: Waiting:(Meter,Helper,Name,pending)=(0xb400007d84677040,0xb400007d8463d9a0,PreKillActionThread,0)
08-24 18:53:53.682   975   975 I ANDR-PERF-LM: LMPerfGlue: perfmodule_submit_request() 132: perfmodule_submit_request()
08-24 18:53:53.682   975   975 I ANDR-PERF-LM: Core: getInstance() 84: LM getInstance
08-24 18:53:53.682   975   975 I ANDR-PERF-LM: WQ: push() 59: LMTriggerQ push() size=0
08-24 18:53:53.682   975   975 I ANDR-PERF-LM: WQ: push() 61: LMTriggerQ push() done size=1
08-24 18:53:53.682   975  1014 I ANDR-PERF-LM: WQ: pop() 42: LMTriggerQ pop() done size=0
08-24 18:53:53.682   975  1014 I ANDR-PERF-LM: Core: lmMain() 381: Calling runAsync for PreKill
08-24 18:53:53.682   975  1014 I ANDR-PERF-LM: Core: lmMain() 391: runAsync for PreKill returned
08-24 18:53:53.682   975  1014 I ANDR-PERF-LM: Core: lmMain() 381: Calling runAsync for AdaptLaunch
08-24 18:53:53.682   975  1014 I ANDR-PERF-LM: Core: lmMain() 391: runAsync for AdaptLaunch returned
08-24 18:53:53.682   975  1014 I ANDR-PERF-LM: Core: lmMain() 373: Waiting on trigger Queue
08-24 18:53:53.682   975  1014 I ANDR-PERF-LM: WQ: pop() 31: LMTriggerQ pop() size=0
08-24 18:53:53.683   974   986 E ANDR-IOP: io prefetch is disabled
08-24 18:53:53.684   975   975 I ANDR-PERF-LM: LMPerfGlue: perfmodule_submit_request() 132: perfmodule_submit_request()
08-24 18:53:53.684   975   975 I ANDR-PERF-LM: Core: getInstance() 84: LM getInstance
08-24 18:53:53.684   975   975 I ANDR-PERF-LM: WQ: push() 59: LMTriggerQ push() size=0
08-24 18:53:53.684   975   975 I ANDR-PERF-LM: WQ: push() 61: LMTriggerQ push() done size=1
08-24 18:53:53.684   975  1014 I ANDR-PERF-LM: WQ: pop() 42: LMTriggerQ pop() done size=0
08-24 18:53:53.684   975  1014 I ANDR-PERF-LM: Core: lmMain() 381: Calling runAsync for PreKill
08-24 18:53:53.685   975  1014 I ANDR-PERF-LM: Core: lmMain() 391: runAsync for PreKill returned
08-24 18:53:53.685   975  1014 I ANDR-PERF-LM: Core: lmMain() 381: Calling runAsync for AdaptLaunch
08-24 18:53:53.685   975  1014 I ANDR-PERF-LM: Core: lmMain() 391: runAsync for AdaptLaunch returned
08-24 18:53:53.685   975  1014 I ANDR-PERF-LM: Core: lmMain() 373: Waiting on trigger Queue
08-24 18:53:53.685   975  1014 I ANDR-PERF-LM: WQ: pop() 31: LMTriggerQ pop() size=0
08-24 18:53:53.688  1684  2300 D CompatibilityInfo: mCompatibilityFlags - 0
08-24 18:53:53.688  1684  2300 D CompatibilityInfo: applicationDensity - 440
08-24 18:53:53.688  1684  2300 D CompatibilityInfo: applicationScale - 1.0
08-24 18:53:53.690   975   975 I ANDR-PERF-LM: LMPerfGlue: perfmodule_submit_request() 132: perfmodule_submit_request()
08-24 18:53:53.690   975   975 I ANDR-PERF-LM: Core: getInstance() 84: LM getInstance
08-24 18:53:53.690   975   975 I ANDR-PERF-LM: WQ: push() 59: LMTriggerQ push() size=0
08-24 18:53:53.690   975   975 I ANDR-PERF-LM: WQ: push() 61: LMTriggerQ push() done size=1
08-24 18:53:53.690   975  1014 I ANDR-PERF-LM: WQ: pop() 42: LMTriggerQ pop() done size=0
08-24 18:53:53.690   979   979 I vendor.qti.hardware.servicetracker@1.2-service: Activity state is changed to : 2
08-24 18:53:53.690   975  1014 I ANDR-PERF-LM: Core: lmMain() 381: Calling runAsync for GameOptimization
08-24 18:53:53.690   975  1014 D ANDR-PERF-LM: Feature: lookup() 101: Feature Name = AppClassifier, total featuers = 4, featureFound = 1
08-24 18:53:53.691   975  1014 D ANDR-PERF-LM: Feature: getData() 112: data.data = 1
08-24 18:53:53.691   975  1014 I ANDR-PERF-LM: Core: lmMain() 391: runAsync for GameOptimization returned
08-24 18:53:53.691   975  1014 I ANDR-PERF-LM: Core: lmMain() 373: Waiting on trigger Queue
08-24 18:53:53.691   975  1014 I ANDR-PERF-LM: WQ: pop() 31: LMTriggerQ pop() size=0
08-24 18:53:53.692  1684  2300 D ActivityTrigger: ActivityTrigger activityPauseTrigger 
08-24 18:53:53.692   975   975 I ANDR-PERF-LM: LMPerfGlue: perfmodule_submit_request() 132: perfmodule_submit_request()
08-24 18:53:53.692   979   979 I vendor.qti.hardware.servicetracker@1.2-service: Activity state is changed to : 3
08-24 18:53:53.692   975   975 I ANDR-PERF-LM: Core: getInstance() 84: LM getInstance
08-24 18:53:53.692   975   975 I ANDR-PERF-LM: WQ: push() 59: LMTriggerQ push() size=0
08-24 18:53:53.692   975   975 I ANDR-PERF-LM: WQ: push() 61: LMTriggerQ push() done size=1
08-24 18:53:53.692   975  1014 I ANDR-PERF-LM: WQ: pop() 42: LMTriggerQ pop() done size=0
08-24 18:53:53.692   975  1014 I ANDR-PERF-LM: Core: lmMain() 381: Calling runAsync for GameOptimization
08-24 18:53:53.692   975  1014 D ANDR-PERF-LM: Feature: lookup() 101: Feature Name = AppClassifier, total featuers = 4, featureFound = 1
08-24 18:53:53.692   979   979 I vendor.qti.hardware.servicetracker@1.2-service: Activity state is changed to : 3
08-24 18:53:53.692   975  1014 D ANDR-PERF-LM: Feature: getData() 112: data.data = 1
08-24 18:53:53.692   975  1014 I ANDR-PERF-LM: Core: lmMain() 391: runAsync for GameOptimization returned
08-24 18:53:53.692   975  1014 I ANDR-PERF-LM: Core: lmMain() 373: Waiting on trigger Queue
08-24 18:53:53.692   975  1014 I ANDR-PERF-LM: WQ: pop() 31: LMTriggerQ pop() size=0
08-24 18:53:53.694   810   838 E statsd  : Predicate 5980654721335871649 dropping data for dimension key (10)0x2010101->10102[I] (10)0x30000->*launch*[S] 
08-24 18:53:53.698   946   946 E android.hardware.camera.provider@2.4-service_64: ~MiSegmentMiui , 2020_1203_1737
08-24 18:53:53.698   946   946 E android.hardware.camera.provider@2.4-service_64: ~MiSegmentMiui X
08-24 18:53:53.698   946   946 E android.hardware.camera.provider@2.4-service_64: ~MiNodeBase: [Eeee] CurrentNodeType=1
08-24 18:53:53.698   946   946 E android.hardware.camera.provider@2.4-service_64: ~MiBokehMiui , 2020_0403_1431
08-24 18:53:53.698   946   946 E android.hardware.camera.provider@2.4-service_64: ~MiBokehMiui X
08-24 18:53:53.698   946   946 E android.hardware.camera.provider@2.4-service_64: ~MiNodeBase: [Eeee] CurrentNodeType=1
08-24 18:53:53.698   946   946 E android.hardware.camera.provider@2.4-service_64: ~SkinBeautifier E
08-24 18:53:53.698   946   946 E android.hardware.camera.provider@2.4-service_64: ~SkinBeautifier X
08-24 18:53:53.698   946   946 E android.hardware.camera.provider@2.4-service_64: ~MiNodeBase: [Eeee] CurrentNodeType=1000
08-24 18:53:53.700   946   946 I LDC-NODE: Destroy():374 altek ldc Destroy done
08-24 18:53:53.700   946   946 E BASS    : ~MiNodeBase: [Eeee] CurrentNodeType=0
08-24 18:53:53.700  1684  1839 D EventSequenceValidator: onActivityLaunched during UNKNOWN.
08-24 18:53:53.700  1684  1839 D EventSequenceValidator: java.lang.Throwable: EventSequenceValidator#getStackTrace
08-24 18:53:53.700  1684  1839 D EventSequenceValidator: 	at com.google.android.startop.iorap.EventSequenceValidator.logWarningWithStackTrace(EventSequenceValidator.java:260)
08-24 18:53:53.700  1684  1839 D EventSequenceValidator: 	at com.google.android.startop.iorap.EventSequenceValidator.onActivityLaunched(EventSequenceValidator.java:149)
08-24 18:53:53.700  1684  1839 D EventSequenceValidator: 	at com.android.server.wm.LaunchObserverRegistryImpl.handleOnActivityLaunched(LaunchObserverRegistryImpl.java:157)
08-24 18:53:53.700  1684  1839 D EventSequenceValidator: 	at com.android.server.wm.LaunchObserverRegistryImpl.lambda$UGY1OclnLIQLMEL9B55qjERFf4o(Unknown Source:0)
08-24 18:53:53.700  1684  1839 D EventSequenceValidator: 	at com.android.server.wm.-$$Lambda$LaunchObserverRegistryImpl$UGY1OclnLIQLMEL9B55qjERFf4o.accept(Unknown Source:10)
08-24 18:53:53.700  1684  1839 D EventSequenceValidator: 	at com.android.internal.util.function.pooled.PooledLambdaImpl.doInvoke(PooledLambdaImpl.java:292)
08-24 18:53:53.700  1684  1839 D EventSequenceValidator: 	at com.android.internal.util.function.pooled.PooledLambdaImpl.invoke(PooledLambdaImpl.java:201)
08-24 18:53:53.700  1684  1839 D EventSequenceValidator: 	at com.android.internal.util.function.pooled.OmniFunction.run(OmniFunction.java:97)
08-24 18:53:53.700  1684  1839 D EventSequenceValidator: 	at android.os.Handler.handleCallback(Handler.java:938)
08-24 18:53:53.700  1684  1839 D EventSequenceValidator: 	at android.os.Handler.dispatchMessage(Handler.java:99)
08-24 18:53:53.700  1684  1839 D EventSequenceValidator: 	at android.os.Looper.loop(Looper.java:236)
08-24 18:53:53.700  1684  1839 D EventSequenceValidator: 	at android.os.HandlerThread.run(HandlerThread.java:67)
08-24 18:53:53.700  1684  1839 D EventSequenceValidator: 	at com.android.server.ServiceThread.run(ServiceThread.java:45)
08-24 18:53:53.702  2533  2533 D ScreenView_HotSeats: dispatchDraw:0
08-24 18:53:53.705  2533  2533 D Launcher.Lifecycle: onPause:UserHandle{0},96f5412,true
08-24 18:53:53.706  2533  2533 D Launcher_UnlockAnimationStateMachine: setState:PAUSE_WAIT
08-24 18:53:53.706  2533  2533 D ScreenElementRoot: pause
08-24 18:53:53.709 28709 28778 I MicroDetectionState: Should stop hotword detection immediately - false
08-24 18:53:53.712   946   946 I CamX    : [ INFO][CORE   ] camxchitintlessinterface.cpp:68 TintlessAlgoDestory() Tintless Algo Destroy
08-24 18:53:53.712   979   979 I vendor.qti.hardware.servicetracker@1.2-service: unbindService is called for service : com.google.android.googlequicksearchbox/com.google.android.apps.gsa.sidekick.main.remoteservice.NowService and for client com.google.android.googlequicksearchbox:search
08-24 18:53:53.712   979   979 I vendor.qti.hardware.servicetracker@1.2-service: size of service connections for service: com.google.android.googlequicksearchbox/com.google.android.apps.gsa.sidekick.main.remoteservice.NowServiceafter removal is 0
08-24 18:53:53.712   979   979 I vendor.qti.hardware.servicetracker@1.2-service: size of client connections for client: com.google.android.googlequicksearchbox:searchafter removal is 2
08-24 18:53:53.715   979   979 I vendor.qti.hardware.servicetracker@1.2-service: Activity state is changed to : 4
08-24 18:53:53.715   979   979 I vendor.qti.hardware.servicetracker@1.2-service: Activity state is changed to : 4
08-24 18:53:53.716   979   979 I vendor.qti.hardware.servicetracker@1.2-service: Activity state is changed to : 2
08-24 18:53:53.716   975   975 I ANDR-PERF-LM: LMPerfGlue: perfmodule_submit_request() 132: perfmodule_submit_request()
08-24 18:53:53.716   975   975 I ANDR-PERF-LM: Core: getInstance() 84: LM getInstance
08-24 18:53:53.716   975   975 I ANDR-PERF-LM: WQ: push() 59: LMTriggerQ push() size=0
08-24 18:53:53.716   975   975 I ANDR-PERF-LM: WQ: push() 61: LMTriggerQ push() done size=1
08-24 18:53:53.717   975  1014 I ANDR-PERF-LM: WQ: pop() 42: LMTriggerQ pop() done size=0
08-24 18:53:53.717   975  1014 I ANDR-PERF-LM: Core: lmMain() 381: Calling runAsync for GameOptimization
08-24 18:53:53.717   975  1014 D ANDR-PERF-LM: Feature: lookup() 101: Feature Name = AppClassifier, total featuers = 4, featureFound = 1
08-24 18:53:53.717   975  1014 D ANDR-PERF-LM: Feature: getData() 112: data.data = 1
08-24 18:53:53.717   975  1014 I ANDR-PERF-LM: Core: lmMain() 391: runAsync for GameOptimization returned
08-24 18:53:53.717   975  1014 I ANDR-PERF-LM: Core: lmMain() 373: Waiting on trigger Queue
08-24 18:53:53.717   975  1014 I ANDR-PERF-LM: WQ: pop() 31: LMTriggerQ pop() size=0
08-24 18:53:53.719  1684  4099 I ActivityTaskManager: The Process com.miui.gallery Already Exists in BG. So sending its PID: 12251
08-24 18:53:53.719   975   975 I ANDR-PERF-LM: LMPerfGlue: perfmodule_submit_request() 132: perfmodule_submit_request()
08-24 18:53:53.719   975   975 I ANDR-PERF-LM: Core: getInstance() 84: LM getInstance
08-24 18:53:53.719   975   975 I ANDR-PERF-LM: WQ: push() 59: LMTriggerQ push() size=0
08-24 18:53:53.719   975   975 I ANDR-PERF-LM: WQ: push() 61: LMTriggerQ push() done size=1
08-24 18:53:53.719  1684  4099 W ActivityTaskManager: Tried to set launchTime (0) < mLastActivityLaunchTime (173711501)
08-24 18:53:53.720   975  1014 I ANDR-PERF-LM: WQ: pop() 42: LMTriggerQ pop() done size=0
08-24 18:53:53.720   975  1014 I ANDR-PERF-LM: Core: lmMain() 381: Calling runAsync for PreKill
08-24 18:53:53.720   975  1014 I ANDR-PERF-LM: FeatureState: readState() 162: PreKill: DB: com.miui.gallery app state = 1
08-24 18:53:53.720   975  1014 I ANDR-PERF-LM: Core: lmMain() 391: runAsync for PreKill returned
08-24 18:53:53.720   975  1014 I ANDR-PERF-LM: Core: lmMain() 381: Calling runAsync for AdaptLaunch
08-24 18:53:53.720   975  1014 I ANDR-PERF-LM: FeatureState: readState() 162: AdaptLaunch: DB: com.miui.gallery app state = 99
08-24 18:53:53.720   975  1014 I ANDR-PERF-LM: MetaMeter: isValidAsync() 194: AsyncInfo: hintID = 4225
08-24 18:53:53.720   975  1014 I ANDR-PERF-LM: hintType: 102
08-24 18:53:53.720   975  1014 I ANDR-PERF-LM: isPrimary = 0
08-24 18:53:53.720   975  1014 I ANDR-PERF-LM: MetaMeter: isValidAsync() 203: Invalid (hintID,hintType,appName,duration,appPID,appThreadTID) = (4225, 102,com.miui.gallery,12251,1684,4099)
